<?xml version="1.0"?>
<!DOCTYPE BlastOutput PUBLIC "-//NCBI//NCBI BlastOutput/EN" "http://www.ncbi.nlm.nih.gov/dtd/NCBI_BlastOutput.dtd">
<BlastOutput>
  <BlastOutput_program>blastp</BlastOutput_program>
  <BlastOutput_version>BLASTP 2.11.0+</BlastOutput_version>
  <BlastOutput_reference>Stephen F. Altschul, Thomas L. Madden, Alejandro A. Sch&amp;auml;ffer, Jinghui Zhang, Zheng Zhang, Webb Miller, and David J. Lipman (1997), &quot;Gapped BLAST and PSI-BLAST: a new generation of protein database search programs&quot;, Nucleic Acids Res. 25:3389-3402.</BlastOutput_reference>
  <BlastOutput_db>nr</BlastOutput_db>
  <BlastOutput_query-ID>Query_36574</BlastOutput_query-ID>
  <BlastOutput_query-def>cds-WP_001290433.1</BlastOutput_query-def>
  <BlastOutput_query-len>453</BlastOutput_query-len>
  <BlastOutput_param>
    <Parameters>
      <Parameters_matrix>BLOSUM62</Parameters_matrix>
      <Parameters_expect>10</Parameters_expect>
      <Parameters_gap-open>11</Parameters_gap-open>
      <Parameters_gap-extend>1</Parameters_gap-extend>
      <Parameters_filter>F</Parameters_filter>
    </Parameters>
  </BlastOutput_param>
<BlastOutput_iterations>
<Iteration>
  <Iteration_iter-num>1</Iteration_iter-num>
  <Iteration_query-ID>Query_36574</Iteration_query-ID>
  <Iteration_query-def>cds-WP_001290433.1</Iteration_query-def>
  <Iteration_query-len>453</Iteration_query-len>
<Iteration_hits>
<Hit>
  <Hit_num>1</Hit_num>
  <Hit_id>emb|CAC8207450.1|</Hit_id>
  <Hit_def>Chromosomal replication initiator protein DnaA [Staphylococcus aureus]</Hit_def>
  <Hit_accession>CAC8207450</Hit_accession>
  <Hit_len>461</Hit_len>
  <Hit_hsps>
    <Hsp>
      <Hsp_num>1</Hsp_num>
      <Hsp_bit-score>928.702</Hsp_bit-score>
      <Hsp_score>2399</Hsp_score>
      <Hsp_evalue>0</Hsp_evalue>
      <Hsp_query-from>1</Hsp_query-from>
      <Hsp_query-to>453</Hsp_query-to>
      <Hsp_hit-from>1</Hsp_hit-from>
      <Hsp_hit-to>453</Hsp_hit-to>
      <Hsp_query-frame>0</Hsp_query-frame>
      <Hsp_hit-frame>0</Hsp_hit-frame>
      <Hsp_identity>453</Hsp_identity>
      <Hsp_positive>453</Hsp_positive>
      <Hsp_gaps>0</Hsp_gaps>
      <Hsp_align-len>453</Hsp_align-len>
      <Hsp_qseq>MSEKEIWEKVLEIAQEKLSAVSYSTFLKDTELYTIKDGEAIVLSSIPFNANWLNQQYAEIIQAILFDVVGYEVKPHFITTEELANYSNNETATPKETTKPSTETTEDNHVLGREQFNAHNTFDTFVIGPGNRFPHAASLAVAEAPAKAYNPLFIYGGVGLGKTHLMHAIGHHVLDNNPDAKVIYTSSEKFTNEFIKSIRDNEGEAFRERYRNIDVLLIDDIQFIQNKVQTQEEFFYTFNELHQNNKQIVISSDRPPKEIAQLEDRLRSRFEWGLIVDITPPDYETRMAILQKKIEEEKLDIPPEALNYIANQIQSNIRELEGALTRLLAYSQLLGKPITTELTAEALKDIIQAPKSKKITIQDIQKIVGQYYNVRIEDFSAKKRTKSIAYPRQIAMYLSRELTDFSLPKIGEEFGGRDHTTVIHAHEKISKDLKEDPIFKQEVENLEKEIRNV</Hsp_qseq>
      <Hsp_hseq>MSEKEIWEKVLEIAQEKLSAVSYSTFLKDTELYTIKDGEAIVLSSIPFNANWLNQQYAEIIQAILFDVVGYEVKPHFITTEELANYSNNETATPKETTKPSTETTEDNHVLGREQFNAHNTFDTFVIGPGNRFPHAASLAVAEAPAKAYNPLFIYGGVGLGKTHLMHAIGHHVLDNNPDAKVIYTSSEKFTNEFIKSIRDNEGEAFRERYRNIDVLLIDDIQFIQNKVQTQEEFFYTFNELHQNNKQIVISSDRPPKEIAQLEDRLRSRFEWGLIVDITPPDYETRMAILQKKIEEEKLDIPPEALNYIANQIQSNIRELEGALTRLLAYSQLLGKPITTELTAEALKDIIQAPKSKKITIQDIQKIVGQYYNVRIEDFSAKKRTKSIAYPRQIAMYLSRELTDFSLPKIGEEFGGRDHTTVIHAHEKISKDLKEDPIFKQEVENLEKEIRNV</Hsp_hseq>
      <Hsp_midline>MSEKEIWEKVLEIAQEKLSAVSYSTFLKDTELYTIKDGEAIVLSSIPFNANWLNQQYAEIIQAILFDVVGYEVKPHFITTEELANYSNNETATPKETTKPSTETTEDNHVLGREQFNAHNTFDTFVIGPGNRFPHAASLAVAEAPAKAYNPLFIYGGVGLGKTHLMHAIGHHVLDNNPDAKVIYTSSEKFTNEFIKSIRDNEGEAFRERYRNIDVLLIDDIQFIQNKVQTQEEFFYTFNELHQNNKQIVISSDRPPKEIAQLEDRLRSRFEWGLIVDITPPDYETRMAILQKKIEEEKLDIPPEALNYIANQIQSNIRELEGALTRLLAYSQLLGKPITTELTAEALKDIIQAPKSKKITIQDIQKIVGQYYNVRIEDFSAKKRTKSIAYPRQIAMYLSRELTDFSLPKIGEEFGGRDHTTVIHAHEKISKDLKEDPIFKQEVENLEKEIRNV</Hsp_midline>
    </Hsp>
  </Hit_hsps>
</Hit>
<Hit>
  <Hit_num>2</Hit_num>
  <Hit_id>ref|WP_001290433.1|</Hit_id>
  <Hit_def>MULTISPECIES: chromosomal replication initiator protein DnaA [Staphylococcus] &gt;ref|YP_498609.1| chromosomal replication initiation protein [Staphylococcus aureus subsp. aureus NCTC 8325] &gt;sp|A5INP2.1| RecName: Full=Chromosomal replication initiator protein DnaA [Staphylococcus aureus subsp. aureus JH9] &gt;sp|A6QD41.1| RecName: Full=Chromosomal replication initiator protein DnaA [Staphylococcus aureus subsp. aureus str. Newman] &gt;sp|A6TXF1.1| RecName: Full=Chromosomal replication initiator protein DnaA [Staphylococcus aureus subsp. aureus JH1] &gt;sp|A7WWM4.1| RecName: Full=Chromosomal replication initiator protein DnaA [Staphylococcus aureus subsp. aureus Mu3] &gt;sp|A8YYS4.1| RecName: Full=Chromosomal replication initiator protein DnaA [Staphylococcus aureus subsp. aureus USA300_TCH1516] &gt;sp|P68865.1| RecName: Full=Chromosomal replication initiator protein DnaA [Staphylococcus aureus subsp. aureus Mu50] &gt;sp|P68866.1| RecName: Full=Chromosomal replication initiator protein DnaA [Staphylococcus aureus subsp. aureus N315] &gt;sp|P68867.1| RecName: Full=Chromosomal replication initiator protein DnaA [Staphylococcus aureus] &gt;sp|P68868.1| RecName: Full=Chromosomal replication initiator protein DnaA [Staphylococcus aureus subsp. aureus MW2] &gt;sp|Q2FKQ5.1| RecName: Full=Chromosomal replication initiator protein DnaA [Staphylococcus aureus subsp. aureus USA300] &gt;sp|Q2G2H5.1| RecName: Full=Chromosomal replication initiator protein DnaA [Staphylococcus aureus subsp. aureus NCTC 8325] &gt;sp|Q5HJZ5.1| RecName: Full=Chromosomal replication initiator protein DnaA [Staphylococcus aureus subsp. aureus COL] &gt;sp|Q6GD89.1| RecName: Full=Chromosomal replication initiator protein DnaA [Staphylococcus aureus subsp. aureus MSSA476] &gt;gb|ATV02827.1| Chromosomal replication initiator protein DnaA [Staphylococcus aureus O11] &gt;gb|EGL94808.1| chromosomal replication initiator protein DnaA [Staphylococcus aureus subsp. aureus 21318] &gt;gb|EGS88276.1| chromosomal replication initiator protein DnaA [Staphylococcus aureus subsp. aureus 21266] &gt;gb|EHS13020.1| chromosomal replication initiator protein DnaA [Staphylococcus aureus subsp. aureus IS-99] &gt;gb|EHS20376.1| chromosomal replication initiator protein DnaA [Staphylococcus aureus subsp. aureus IS-55] &gt;gb|EHS21952.1| chromosomal replication initiator protein DnaA [Staphylococcus aureus subsp. aureus IS-91] &gt;gb|ENK62241.1| chromosomal replication initiator protein dnaA [Staphylococcus aureus M0562] &gt;gb|EUI22229.1| chromosomal replication initiator protein dnaA [Staphylococcus aureus M1439] &gt;gb|EUY48102.1| chromosomal replication initiator protein dnaA [Staphylococcus aureus M0406] &gt;tpg|HAR4208706.1| chromosomal replication initiator protein DnaA [Staphylococcus aureus ADL-210] &gt;tpg|HAR4216121.1| chromosomal replication initiator protein DnaA [Staphylococcus aureus ADL-227] &gt;tpg|HAR4230265.1| chromosomal replication initiator protein DnaA [Staphylococcus aureus ADL-331] &gt;tpg|HAR4232970.1| chromosomal replication initiator protein DnaA [Staphylococcus aureus ADL-206] &gt;tpg|HAR4235614.1| chromosomal replication initiator protein DnaA [Staphylococcus aureus ADL-121] &gt;tpg|HAR4238391.1| chromosomal replication initiator protein DnaA [Staphylococcus aureus ADL-330]</Hit_def>
  <Hit_accession>WP_001290433</Hit_accession>
  <Hit_len>453</Hit_len>
  <Hit_hsps>
    <Hsp>
      <Hsp_num>1</Hsp_num>
      <Hsp_bit-score>928.317</Hsp_bit-score>
      <Hsp_score>2398</Hsp_score>
      <Hsp_evalue>0</Hsp_evalue>
      <Hsp_query-from>1</Hsp_query-from>
      <Hsp_query-to>453</Hsp_query-to>
      <Hsp_hit-from>1</Hsp_hit-from>
      <Hsp_hit-to>453</Hsp_hit-to>
      <Hsp_query-frame>0</Hsp_query-frame>
      <Hsp_hit-frame>0</Hsp_hit-frame>
      <Hsp_identity>453</Hsp_identity>
      <Hsp_positive>453</Hsp_positive>
      <Hsp_gaps>0</Hsp_gaps>
      <Hsp_align-len>453</Hsp_align-len>
      <Hsp_qseq>MSEKEIWEKVLEIAQEKLSAVSYSTFLKDTELYTIKDGEAIVLSSIPFNANWLNQQYAEIIQAILFDVVGYEVKPHFITTEELANYSNNETATPKETTKPSTETTEDNHVLGREQFNAHNTFDTFVIGPGNRFPHAASLAVAEAPAKAYNPLFIYGGVGLGKTHLMHAIGHHVLDNNPDAKVIYTSSEKFTNEFIKSIRDNEGEAFRERYRNIDVLLIDDIQFIQNKVQTQEEFFYTFNELHQNNKQIVISSDRPPKEIAQLEDRLRSRFEWGLIVDITPPDYETRMAILQKKIEEEKLDIPPEALNYIANQIQSNIRELEGALTRLLAYSQLLGKPITTELTAEALKDIIQAPKSKKITIQDIQKIVGQYYNVRIEDFSAKKRTKSIAYPRQIAMYLSRELTDFSLPKIGEEFGGRDHTTVIHAHEKISKDLKEDPIFKQEVENLEKEIRNV</Hsp_qseq>
      <Hsp_hseq>MSEKEIWEKVLEIAQEKLSAVSYSTFLKDTELYTIKDGEAIVLSSIPFNANWLNQQYAEIIQAILFDVVGYEVKPHFITTEELANYSNNETATPKETTKPSTETTEDNHVLGREQFNAHNTFDTFVIGPGNRFPHAASLAVAEAPAKAYNPLFIYGGVGLGKTHLMHAIGHHVLDNNPDAKVIYTSSEKFTNEFIKSIRDNEGEAFRERYRNIDVLLIDDIQFIQNKVQTQEEFFYTFNELHQNNKQIVISSDRPPKEIAQLEDRLRSRFEWGLIVDITPPDYETRMAILQKKIEEEKLDIPPEALNYIANQIQSNIRELEGALTRLLAYSQLLGKPITTELTAEALKDIIQAPKSKKITIQDIQKIVGQYYNVRIEDFSAKKRTKSIAYPRQIAMYLSRELTDFSLPKIGEEFGGRDHTTVIHAHEKISKDLKEDPIFKQEVENLEKEIRNV</Hsp_hseq>
      <Hsp_midline>MSEKEIWEKVLEIAQEKLSAVSYSTFLKDTELYTIKDGEAIVLSSIPFNANWLNQQYAEIIQAILFDVVGYEVKPHFITTEELANYSNNETATPKETTKPSTETTEDNHVLGREQFNAHNTFDTFVIGPGNRFPHAASLAVAEAPAKAYNPLFIYGGVGLGKTHLMHAIGHHVLDNNPDAKVIYTSSEKFTNEFIKSIRDNEGEAFRERYRNIDVLLIDDIQFIQNKVQTQEEFFYTFNELHQNNKQIVISSDRPPKEIAQLEDRLRSRFEWGLIVDITPPDYETRMAILQKKIEEEKLDIPPEALNYIANQIQSNIRELEGALTRLLAYSQLLGKPITTELTAEALKDIIQAPKSKKITIQDIQKIVGQYYNVRIEDFSAKKRTKSIAYPRQIAMYLSRELTDFSLPKIGEEFGGRDHTTVIHAHEKISKDLKEDPIFKQEVENLEKEIRNV</Hsp_midline>
    </Hsp>
  </Hit_hsps>
</Hit>
<Hit>
  <Hit_num>3</Hit_num>
  <Hit_id>ref|WP_049311906.1|</Hit_id>
  <Hit_def>chromosomal replication initiator protein DnaA [Staphylococcus aureus] &gt;gb|MVN27526.1| chromosomal replication initiator protein DnaA [Staphylococcus aureus] &gt;gb|NFZ25328.1| chromosomal replication initiator protein DnaA [Staphylococcus aureus] &gt;gb|QGG83182.1| chromosomal replication initiator protein DnaA [Staphylococcus aureus] &gt;tpg|HAR4853321.1| chromosomal replication initiator protein DnaA [Staphylococcus aureus] &gt;tpg|HAR5126287.1| chromosomal replication initiator protein DnaA [Staphylococcus aureus]</Hit_def>
  <Hit_accession>WP_049311906</Hit_accession>
  <Hit_len>453</Hit_len>
  <Hit_hsps>
    <Hsp>
      <Hsp_num>1</Hsp_num>
      <Hsp_bit-score>927.932</Hsp_bit-score>
      <Hsp_score>2397</Hsp_score>
      <Hsp_evalue>0</Hsp_evalue>
      <Hsp_query-from>1</Hsp_query-from>
      <Hsp_query-to>453</Hsp_query-to>
      <Hsp_hit-from>1</Hsp_hit-from>
      <Hsp_hit-to>453</Hsp_hit-to>
      <Hsp_query-frame>0</Hsp_query-frame>
      <Hsp_hit-frame>0</Hsp_hit-frame>
      <Hsp_identity>452</Hsp_identity>
      <Hsp_positive>453</Hsp_positive>
      <Hsp_gaps>0</Hsp_gaps>
      <Hsp_align-len>453</Hsp_align-len>
      <Hsp_qseq>MSEKEIWEKVLEIAQEKLSAVSYSTFLKDTELYTIKDGEAIVLSSIPFNANWLNQQYAEIIQAILFDVVGYEVKPHFITTEELANYSNNETATPKETTKPSTETTEDNHVLGREQFNAHNTFDTFVIGPGNRFPHAASLAVAEAPAKAYNPLFIYGGVGLGKTHLMHAIGHHVLDNNPDAKVIYTSSEKFTNEFIKSIRDNEGEAFRERYRNIDVLLIDDIQFIQNKVQTQEEFFYTFNELHQNNKQIVISSDRPPKEIAQLEDRLRSRFEWGLIVDITPPDYETRMAILQKKIEEEKLDIPPEALNYIANQIQSNIRELEGALTRLLAYSQLLGKPITTELTAEALKDIIQAPKSKKITIQDIQKIVGQYYNVRIEDFSAKKRTKSIAYPRQIAMYLSRELTDFSLPKIGEEFGGRDHTTVIHAHEKISKDLKEDPIFKQEVENLEKEIRNV</Hsp_qseq>
      <Hsp_hseq>MSEKEIWEKMLEIAQEKLSAVSYSTFLKDTELYTIKDGEAIVLSSIPFNANWLNQQYAEIIQAILFDVVGYEVKPHFITTEELANYSNNETATPKETTKPSTETTEDNHVLGREQFNAHNTFDTFVIGPGNRFPHAASLAVAEAPAKAYNPLFIYGGVGLGKTHLMHAIGHHVLDNNPDAKVIYTSSEKFTNEFIKSIRDNEGEAFRERYRNIDVLLIDDIQFIQNKVQTQEEFFYTFNELHQNNKQIVISSDRPPKEIAQLEDRLRSRFEWGLIVDITPPDYETRMAILQKKIEEEKLDIPPEALNYIANQIQSNIRELEGALTRLLAYSQLLGKPITTELTAEALKDIIQAPKSKKITIQDIQKIVGQYYNVRIEDFSAKKRTKSIAYPRQIAMYLSRELTDFSLPKIGEEFGGRDHTTVIHAHEKISKDLKEDPIFKQEVENLEKEIRNV</Hsp_hseq>
      <Hsp_midline>MSEKEIWEK+LEIAQEKLSAVSYSTFLKDTELYTIKDGEAIVLSSIPFNANWLNQQYAEIIQAILFDVVGYEVKPHFITTEELANYSNNETATPKETTKPSTETTEDNHVLGREQFNAHNTFDTFVIGPGNRFPHAASLAVAEAPAKAYNPLFIYGGVGLGKTHLMHAIGHHVLDNNPDAKVIYTSSEKFTNEFIKSIRDNEGEAFRERYRNIDVLLIDDIQFIQNKVQTQEEFFYTFNELHQNNKQIVISSDRPPKEIAQLEDRLRSRFEWGLIVDITPPDYETRMAILQKKIEEEKLDIPPEALNYIANQIQSNIRELEGALTRLLAYSQLLGKPITTELTAEALKDIIQAPKSKKITIQDIQKIVGQYYNVRIEDFSAKKRTKSIAYPRQIAMYLSRELTDFSLPKIGEEFGGRDHTTVIHAHEKISKDLKEDPIFKQEVENLEKEIRNV</Hsp_midline>
    </Hsp>
  </Hit_hsps>
</Hit>
<Hit>
  <Hit_num>4</Hit_num>
  <Hit_id>ref|WP_031906509.1|</Hit_id>
  <Hit_def>chromosomal replication initiator protein DnaA [Staphylococcus aureus] &gt;gb|EVG75275.1| chromosomal replication initiator protein dnaA [Staphylococcus aureus SJOS6144]</Hit_def>
  <Hit_accession>WP_031906509</Hit_accession>
  <Hit_len>453</Hit_len>
  <Hit_hsps>
    <Hsp>
      <Hsp_num>1</Hsp_num>
      <Hsp_bit-score>927.546</Hsp_bit-score>
      <Hsp_score>2396</Hsp_score>
      <Hsp_evalue>0</Hsp_evalue>
      <Hsp_query-from>1</Hsp_query-from>
      <Hsp_query-to>453</Hsp_query-to>
      <Hsp_hit-from>1</Hsp_hit-from>
      <Hsp_hit-to>453</Hsp_hit-to>
      <Hsp_query-frame>0</Hsp_query-frame>
      <Hsp_hit-frame>0</Hsp_hit-frame>
      <Hsp_identity>452</Hsp_identity>
      <Hsp_positive>453</Hsp_positive>
      <Hsp_gaps>0</Hsp_gaps>
      <Hsp_align-len>453</Hsp_align-len>
      <Hsp_qseq>MSEKEIWEKVLEIAQEKLSAVSYSTFLKDTELYTIKDGEAIVLSSIPFNANWLNQQYAEIIQAILFDVVGYEVKPHFITTEELANYSNNETATPKETTKPSTETTEDNHVLGREQFNAHNTFDTFVIGPGNRFPHAASLAVAEAPAKAYNPLFIYGGVGLGKTHLMHAIGHHVLDNNPDAKVIYTSSEKFTNEFIKSIRDNEGEAFRERYRNIDVLLIDDIQFIQNKVQTQEEFFYTFNELHQNNKQIVISSDRPPKEIAQLEDRLRSRFEWGLIVDITPPDYETRMAILQKKIEEEKLDIPPEALNYIANQIQSNIRELEGALTRLLAYSQLLGKPITTELTAEALKDIIQAPKSKKITIQDIQKIVGQYYNVRIEDFSAKKRTKSIAYPRQIAMYLSRELTDFSLPKIGEEFGGRDHTTVIHAHEKISKDLKEDPIFKQEVENLEKEIRNV</Hsp_qseq>
      <Hsp_hseq>MSEKEIWEKVLEIAQEKLSAVSYSTFLKDTELYTIKDGEAIVLSSIPFNANWLNQQYAEIIQAMLFDVVGYEVKPHFITTEELANYSNNETATPKETTKPSTETTEDNHVLGREQFNAHNTFDTFVIGPGNRFPHAASLAVAEAPAKAYNPLFIYGGVGLGKTHLMHAIGHHVLDNNPDAKVIYTSSEKFTNEFIKSIRDNEGEAFRERYRNIDVLLIDDIQFIQNKVQTQEEFFYTFNELHQNNKQIVISSDRPPKEIAQLEDRLRSRFEWGLIVDITPPDYETRMAILQKKIEEEKLDIPPEALNYIANQIQSNIRELEGALTRLLAYSQLLGKPITTELTAEALKDIIQAPKSKKITIQDIQKIVGQYYNVRIEDFSAKKRTKSIAYPRQIAMYLSRELTDFSLPKIGEEFGGRDHTTVIHAHEKISKDLKEDPIFKQEVENLEKEIRNV</Hsp_hseq>
      <Hsp_midline>MSEKEIWEKVLEIAQEKLSAVSYSTFLKDTELYTIKDGEAIVLSSIPFNANWLNQQYAEIIQA+LFDVVGYEVKPHFITTEELANYSNNETATPKETTKPSTETTEDNHVLGREQFNAHNTFDTFVIGPGNRFPHAASLAVAEAPAKAYNPLFIYGGVGLGKTHLMHAIGHHVLDNNPDAKVIYTSSEKFTNEFIKSIRDNEGEAFRERYRNIDVLLIDDIQFIQNKVQTQEEFFYTFNELHQNNKQIVISSDRPPKEIAQLEDRLRSRFEWGLIVDITPPDYETRMAILQKKIEEEKLDIPPEALNYIANQIQSNIRELEGALTRLLAYSQLLGKPITTELTAEALKDIIQAPKSKKITIQDIQKIVGQYYNVRIEDFSAKKRTKSIAYPRQIAMYLSRELTDFSLPKIGEEFGGRDHTTVIHAHEKISKDLKEDPIFKQEVENLEKEIRNV</Hsp_midline>
    </Hsp>
  </Hit_hsps>
</Hit>
<Hit>
  <Hit_num>5</Hit_num>
  <Hit_id>ref|WP_072498019.1|</Hit_id>
  <Hit_def>chromosomal replication initiator protein DnaA [Staphylococcus aureus] &gt;emb|SGV20591.1| Chromosomal replication initiator protein DnaA [Staphylococcus aureus] &gt;emb|SHC29430.1| Chromosomal replication initiator protein DnaA [Staphylococcus aureus] &gt;emb|SHC63198.1| Chromosomal replication initiator protein DnaA [Staphylococcus aureus]</Hit_def>
  <Hit_accession>WP_072498019</Hit_accession>
  <Hit_len>453</Hit_len>
  <Hit_hsps>
    <Hsp>
      <Hsp_num>1</Hsp_num>
      <Hsp_bit-score>927.546</Hsp_bit-score>
      <Hsp_score>2396</Hsp_score>
      <Hsp_evalue>0</Hsp_evalue>
      <Hsp_query-from>1</Hsp_query-from>
      <Hsp_query-to>453</Hsp_query-to>
      <Hsp_hit-from>1</Hsp_hit-from>
      <Hsp_hit-to>453</Hsp_hit-to>
      <Hsp_query-frame>0</Hsp_query-frame>
      <Hsp_hit-frame>0</Hsp_hit-frame>
      <Hsp_identity>452</Hsp_identity>
      <Hsp_positive>453</Hsp_positive>
      <Hsp_gaps>0</Hsp_gaps>
      <Hsp_align-len>453</Hsp_align-len>
      <Hsp_qseq>MSEKEIWEKVLEIAQEKLSAVSYSTFLKDTELYTIKDGEAIVLSSIPFNANWLNQQYAEIIQAILFDVVGYEVKPHFITTEELANYSNNETATPKETTKPSTETTEDNHVLGREQFNAHNTFDTFVIGPGNRFPHAASLAVAEAPAKAYNPLFIYGGVGLGKTHLMHAIGHHVLDNNPDAKVIYTSSEKFTNEFIKSIRDNEGEAFRERYRNIDVLLIDDIQFIQNKVQTQEEFFYTFNELHQNNKQIVISSDRPPKEIAQLEDRLRSRFEWGLIVDITPPDYETRMAILQKKIEEEKLDIPPEALNYIANQIQSNIRELEGALTRLLAYSQLLGKPITTELTAEALKDIIQAPKSKKITIQDIQKIVGQYYNVRIEDFSAKKRTKSIAYPRQIAMYLSRELTDFSLPKIGEEFGGRDHTTVIHAHEKISKDLKEDPIFKQEVENLEKEIRNV</Hsp_qseq>
      <Hsp_hseq>MSEKEIWEKVLEIAQEKLSAVSYSTFLKDTELYTIKDGEAIVLSSIPFNANWLNQQYAEIIQAILFDVVGYEVKPHFITTEELANYSNNETATPKETTKPSTETTEDNHVLGREQFNAHNTFDTFVIGPGNRFPHAASLAVAEAPAKAYNPLFIYGGVGLGKTHLMHAIGHHVLDNNPDAKVIYTSSEKFTNEFIKSIRDNEGEAFRERYRNIDILLIDDIQFIQNKVQTQEEFFYTFNELHQNNKQIVISSDRPPKEIAQLEDRLRSRFEWGLIVDITPPDYETRMAILQKKIEEEKLDIPPEALNYIANQIQSNIRELEGALTRLLAYSQLLGKPITTELTAEALKDIIQAPKSKKITIQDIQKIVGQYYNVRIEDFSAKKRTKSIAYPRQIAMYLSRELTDFSLPKIGEEFGGRDHTTVIHAHEKISKDLKEDPIFKQEVENLEKEIRNV</Hsp_hseq>
      <Hsp_midline>MSEKEIWEKVLEIAQEKLSAVSYSTFLKDTELYTIKDGEAIVLSSIPFNANWLNQQYAEIIQAILFDVVGYEVKPHFITTEELANYSNNETATPKETTKPSTETTEDNHVLGREQFNAHNTFDTFVIGPGNRFPHAASLAVAEAPAKAYNPLFIYGGVGLGKTHLMHAIGHHVLDNNPDAKVIYTSSEKFTNEFIKSIRDNEGEAFRERYRNID+LLIDDIQFIQNKVQTQEEFFYTFNELHQNNKQIVISSDRPPKEIAQLEDRLRSRFEWGLIVDITPPDYETRMAILQKKIEEEKLDIPPEALNYIANQIQSNIRELEGALTRLLAYSQLLGKPITTELTAEALKDIIQAPKSKKITIQDIQKIVGQYYNVRIEDFSAKKRTKSIAYPRQIAMYLSRELTDFSLPKIGEEFGGRDHTTVIHAHEKISKDLKEDPIFKQEVENLEKEIRNV</Hsp_midline>
    </Hsp>
  </Hit_hsps>
</Hit>
<Hit>
  <Hit_num>6</Hit_num>
  <Hit_id>ref|WP_117196578.1|</Hit_id>
  <Hit_def>chromosomal replication initiator protein DnaA [Staphylococcus aureus] &gt;gb|MBE7574859.1| chromosomal replication initiator protein DnaA [Staphylococcus aureus] &gt;gb|MBE7578471.1| chromosomal replication initiator protein DnaA [Staphylococcus aureus] &gt;gb|MBE7580123.1| chromosomal replication initiator protein DnaA [Staphylococcus aureus] &gt;gb|MBE7595778.1| chromosomal replication initiator protein DnaA [Staphylococcus aureus] &gt;gb|NFY95513.1| chromosomal replication initiator protein DnaA [Staphylococcus aureus]</Hit_def>
  <Hit_accession>WP_117196578</Hit_accession>
  <Hit_len>453</Hit_len>
  <Hit_hsps>
    <Hsp>
      <Hsp_num>1</Hsp_num>
      <Hsp_bit-score>927.546</Hsp_bit-score>
      <Hsp_score>2396</Hsp_score>
      <Hsp_evalue>0</Hsp_evalue>
      <Hsp_query-from>1</Hsp_query-from>
      <Hsp_query-to>453</Hsp_query-to>
      <Hsp_hit-from>1</Hsp_hit-from>
      <Hsp_hit-to>453</Hsp_hit-to>
      <Hsp_query-frame>0</Hsp_query-frame>
      <Hsp_hit-frame>0</Hsp_hit-frame>
      <Hsp_identity>452</Hsp_identity>
      <Hsp_positive>453</Hsp_positive>
      <Hsp_gaps>0</Hsp_gaps>
      <Hsp_align-len>453</Hsp_align-len>
      <Hsp_qseq>MSEKEIWEKVLEIAQEKLSAVSYSTFLKDTELYTIKDGEAIVLSSIPFNANWLNQQYAEIIQAILFDVVGYEVKPHFITTEELANYSNNETATPKETTKPSTETTEDNHVLGREQFNAHNTFDTFVIGPGNRFPHAASLAVAEAPAKAYNPLFIYGGVGLGKTHLMHAIGHHVLDNNPDAKVIYTSSEKFTNEFIKSIRDNEGEAFRERYRNIDVLLIDDIQFIQNKVQTQEEFFYTFNELHQNNKQIVISSDRPPKEIAQLEDRLRSRFEWGLIVDITPPDYETRMAILQKKIEEEKLDIPPEALNYIANQIQSNIRELEGALTRLLAYSQLLGKPITTELTAEALKDIIQAPKSKKITIQDIQKIVGQYYNVRIEDFSAKKRTKSIAYPRQIAMYLSRELTDFSLPKIGEEFGGRDHTTVIHAHEKISKDLKEDPIFKQEVENLEKEIRNV</Hsp_qseq>
      <Hsp_hseq>MSEKEIWEKVLEIAQEKLSAVSYSTFLKDTELYTIKDGEAIVLSSIPFNANWLNQQYAEIIQAILFDVIGYEVKPHFITTEELANYSNNETATPKETTKPSTETTEDNHVLGREQFNAHNTFDTFVIGPGNRFPHAASLAVAEAPAKAYNPLFIYGGVGLGKTHLMHAIGHHVLDNNPDAKVIYTSSEKFTNEFIKSIRDNEGEAFRERYRNIDVLLIDDIQFIQNKVQTQEEFFYTFNELHQNNKQIVISSDRPPKEIAQLEDRLRSRFEWGLIVDITPPDYETRMAILQKKIEEEKLDIPPEALNYIANQIQSNIRELEGALTRLLAYSQLLGKPITTELTAEALKDIIQAPKSKKITIQDIQKIVGQYYNVRIEDFSAKKRTKSIAYPRQIAMYLSRELTDFSLPKIGEEFGGRDHTTVIHAHEKISKDLKEDPIFKQEVENLEKEIRNV</Hsp_hseq>
      <Hsp_midline>MSEKEIWEKVLEIAQEKLSAVSYSTFLKDTELYTIKDGEAIVLSSIPFNANWLNQQYAEIIQAILFDV+GYEVKPHFITTEELANYSNNETATPKETTKPSTETTEDNHVLGREQFNAHNTFDTFVIGPGNRFPHAASLAVAEAPAKAYNPLFIYGGVGLGKTHLMHAIGHHVLDNNPDAKVIYTSSEKFTNEFIKSIRDNEGEAFRERYRNIDVLLIDDIQFIQNKVQTQEEFFYTFNELHQNNKQIVISSDRPPKEIAQLEDRLRSRFEWGLIVDITPPDYETRMAILQKKIEEEKLDIPPEALNYIANQIQSNIRELEGALTRLLAYSQLLGKPITTELTAEALKDIIQAPKSKKITIQDIQKIVGQYYNVRIEDFSAKKRTKSIAYPRQIAMYLSRELTDFSLPKIGEEFGGRDHTTVIHAHEKISKDLKEDPIFKQEVENLEKEIRNV</Hsp_midline>
    </Hsp>
  </Hit_hsps>
</Hit>
<Hit>
  <Hit_num>7</Hit_num>
  <Hit_id>ref|WP_061732360.1|</Hit_id>
  <Hit_def>chromosomal replication initiator protein DnaA [Staphylococcus aureus] &gt;emb|CXJ86077.1| Chromosomal replication initiator protein DnaA [Staphylococcus aureus]</Hit_def>
  <Hit_accession>WP_061732360</Hit_accession>
  <Hit_len>453</Hit_len>
  <Hit_hsps>
    <Hsp>
      <Hsp_num>1</Hsp_num>
      <Hsp_bit-score>927.546</Hsp_bit-score>
      <Hsp_score>2396</Hsp_score>
      <Hsp_evalue>0</Hsp_evalue>
      <Hsp_query-from>1</Hsp_query-from>
      <Hsp_query-to>453</Hsp_query-to>
      <Hsp_hit-from>1</Hsp_hit-from>
      <Hsp_hit-to>453</Hsp_hit-to>
      <Hsp_query-frame>0</Hsp_query-frame>
      <Hsp_hit-frame>0</Hsp_hit-frame>
      <Hsp_identity>452</Hsp_identity>
      <Hsp_positive>453</Hsp_positive>
      <Hsp_gaps>0</Hsp_gaps>
      <Hsp_align-len>453</Hsp_align-len>
      <Hsp_qseq>MSEKEIWEKVLEIAQEKLSAVSYSTFLKDTELYTIKDGEAIVLSSIPFNANWLNQQYAEIIQAILFDVVGYEVKPHFITTEELANYSNNETATPKETTKPSTETTEDNHVLGREQFNAHNTFDTFVIGPGNRFPHAASLAVAEAPAKAYNPLFIYGGVGLGKTHLMHAIGHHVLDNNPDAKVIYTSSEKFTNEFIKSIRDNEGEAFRERYRNIDVLLIDDIQFIQNKVQTQEEFFYTFNELHQNNKQIVISSDRPPKEIAQLEDRLRSRFEWGLIVDITPPDYETRMAILQKKIEEEKLDIPPEALNYIANQIQSNIRELEGALTRLLAYSQLLGKPITTELTAEALKDIIQAPKSKKITIQDIQKIVGQYYNVRIEDFSAKKRTKSIAYPRQIAMYLSRELTDFSLPKIGEEFGGRDHTTVIHAHEKISKDLKEDPIFKQEVENLEKEIRNV</Hsp_qseq>
      <Hsp_hseq>MSEKEIWEKVLEIAQEKLSAVSYSTFLKDTELYTIKDGEAIVLSSIPFNANWLNQQYAEIIQAILFDVVGYEVKPHFITTEELANYSNNETATPKETTKPSTETTEDNHVLGREQFNAHNTFDTFVIGPGNRFPHAASLAVAEAPAKAYNPLFIYGGVGLGKTHLMHAIGHHVLDNNPDAKVIYTSSEKFTNEFIKSIRDNEGEAFRERYRNIDVLLIDDIQFIQNKVQTQEEFFYTFNELHQNNKQIVISSDRPPKEIAQLEDRLRSRFEWGLIVDITPPDYETRMAILQKKIEEEKLDIPPEALNYIANQIQSNIRELEGALTRLLAYSQLLGKPITTELTAEALKDIIQAPKSKKITIQDIQKIVGQYYNVRIEDFSAKKRTKSIAYPRQIAMYLSRELTDFSLPKIGEEFGGRDHTTVIHAHEKISKDLKEDPIFKQEIENLEKEIRNV</Hsp_hseq>
      <Hsp_midline>MSEKEIWEKVLEIAQEKLSAVSYSTFLKDTELYTIKDGEAIVLSSIPFNANWLNQQYAEIIQAILFDVVGYEVKPHFITTEELANYSNNETATPKETTKPSTETTEDNHVLGREQFNAHNTFDTFVIGPGNRFPHAASLAVAEAPAKAYNPLFIYGGVGLGKTHLMHAIGHHVLDNNPDAKVIYTSSEKFTNEFIKSIRDNEGEAFRERYRNIDVLLIDDIQFIQNKVQTQEEFFYTFNELHQNNKQIVISSDRPPKEIAQLEDRLRSRFEWGLIVDITPPDYETRMAILQKKIEEEKLDIPPEALNYIANQIQSNIRELEGALTRLLAYSQLLGKPITTELTAEALKDIIQAPKSKKITIQDIQKIVGQYYNVRIEDFSAKKRTKSIAYPRQIAMYLSRELTDFSLPKIGEEFGGRDHTTVIHAHEKISKDLKEDPIFKQE+ENLEKEIRNV</Hsp_midline>
    </Hsp>
  </Hit_hsps>
</Hit>
<Hit>
  <Hit_num>8</Hit_num>
  <Hit_id>ref|WP_057518910.1|</Hit_id>
  <Hit_def>chromosomal replication initiator protein DnaA [Staphylococcus aureus] &gt;emb|CFO86124.1| Chromosomal replication initiator protein DnaA [Staphylococcus aureus]</Hit_def>
  <Hit_accession>WP_057518910</Hit_accession>
  <Hit_len>453</Hit_len>
  <Hit_hsps>
    <Hsp>
      <Hsp_num>1</Hsp_num>
      <Hsp_bit-score>927.546</Hsp_bit-score>
      <Hsp_score>2396</Hsp_score>
      <Hsp_evalue>0</Hsp_evalue>
      <Hsp_query-from>1</Hsp_query-from>
      <Hsp_query-to>453</Hsp_query-to>
      <Hsp_hit-from>1</Hsp_hit-from>
      <Hsp_hit-to>453</Hsp_hit-to>
      <Hsp_query-frame>0</Hsp_query-frame>
      <Hsp_hit-frame>0</Hsp_hit-frame>
      <Hsp_identity>452</Hsp_identity>
      <Hsp_positive>453</Hsp_positive>
      <Hsp_gaps>0</Hsp_gaps>
      <Hsp_align-len>453</Hsp_align-len>
      <Hsp_qseq>MSEKEIWEKVLEIAQEKLSAVSYSTFLKDTELYTIKDGEAIVLSSIPFNANWLNQQYAEIIQAILFDVVGYEVKPHFITTEELANYSNNETATPKETTKPSTETTEDNHVLGREQFNAHNTFDTFVIGPGNRFPHAASLAVAEAPAKAYNPLFIYGGVGLGKTHLMHAIGHHVLDNNPDAKVIYTSSEKFTNEFIKSIRDNEGEAFRERYRNIDVLLIDDIQFIQNKVQTQEEFFYTFNELHQNNKQIVISSDRPPKEIAQLEDRLRSRFEWGLIVDITPPDYETRMAILQKKIEEEKLDIPPEALNYIANQIQSNIRELEGALTRLLAYSQLLGKPITTELTAEALKDIIQAPKSKKITIQDIQKIVGQYYNVRIEDFSAKKRTKSIAYPRQIAMYLSRELTDFSLPKIGEEFGGRDHTTVIHAHEKISKDLKEDPIFKQEVENLEKEIRNV</Hsp_qseq>
      <Hsp_hseq>MSEKEIWEKVLEIAQEKLSAVSYSTFLKDTELYTIKDGEAIVLSSIPFNANWLNQQYAEIIQAILFDVVGYEVKPHFITTEELANYSNNETATPKETTKPSTETTEDNHVLGREQFNAHNTFDTFVIGPGNRFPHAASLAVAEAPAKAYNPLFIYGGVGLGKTHLMHAIGHHVLDNNPDAKVIYTSSEKFTNEFIKSIRDNEGEAFRERYRNIDVLLIDDIQFIQNKVQTQEEFFYTFNELHQNNKQIVISSDRPPKEIAQLEDRLRSRFEWGLIVDITPPDYETRMAILQKKIEEEKLDIPPEALNYIANQIQSNIRELEGALTRLLAYSQLLGKPITTELTAEALKDIIQAPKSKKITIQDIQKIIGQYYNVRIEDFSAKKRTKSIAYPRQIAMYLSRELTDFSLPKIGEEFGGRDHTTVIHAHEKISKDLKEDPIFKQEVENLEKEIRNV</Hsp_hseq>
      <Hsp_midline>MSEKEIWEKVLEIAQEKLSAVSYSTFLKDTELYTIKDGEAIVLSSIPFNANWLNQQYAEIIQAILFDVVGYEVKPHFITTEELANYSNNETATPKETTKPSTETTEDNHVLGREQFNAHNTFDTFVIGPGNRFPHAASLAVAEAPAKAYNPLFIYGGVGLGKTHLMHAIGHHVLDNNPDAKVIYTSSEKFTNEFIKSIRDNEGEAFRERYRNIDVLLIDDIQFIQNKVQTQEEFFYTFNELHQNNKQIVISSDRPPKEIAQLEDRLRSRFEWGLIVDITPPDYETRMAILQKKIEEEKLDIPPEALNYIANQIQSNIRELEGALTRLLAYSQLLGKPITTELTAEALKDIIQAPKSKKITIQDIQKI+GQYYNVRIEDFSAKKRTKSIAYPRQIAMYLSRELTDFSLPKIGEEFGGRDHTTVIHAHEKISKDLKEDPIFKQEVENLEKEIRNV</Hsp_midline>
    </Hsp>
  </Hit_hsps>
</Hit>
<Hit>
  <Hit_num>9</Hit_num>
  <Hit_id>gb|PNZ60979.1|</Hit_id>
  <Hit_def>chromosomal replication initiator protein DnaA [Staphylococcus aureus subsp. anaerobius]</Hit_def>
  <Hit_accession>PNZ60979</Hit_accession>
  <Hit_len>453</Hit_len>
  <Hit_hsps>
    <Hsp>
      <Hsp_num>1</Hsp_num>
      <Hsp_bit-score>927.161</Hsp_bit-score>
      <Hsp_score>2395</Hsp_score>
      <Hsp_evalue>0</Hsp_evalue>
      <Hsp_query-from>1</Hsp_query-from>
      <Hsp_query-to>453</Hsp_query-to>
      <Hsp_hit-from>1</Hsp_hit-from>
      <Hsp_hit-to>453</Hsp_hit-to>
      <Hsp_query-frame>0</Hsp_query-frame>
      <Hsp_hit-frame>0</Hsp_hit-frame>
      <Hsp_identity>452</Hsp_identity>
      <Hsp_positive>453</Hsp_positive>
      <Hsp_gaps>0</Hsp_gaps>
      <Hsp_align-len>453</Hsp_align-len>
      <Hsp_qseq>MSEKEIWEKVLEIAQEKLSAVSYSTFLKDTELYTIKDGEAIVLSSIPFNANWLNQQYAEIIQAILFDVVGYEVKPHFITTEELANYSNNETATPKETTKPSTETTEDNHVLGREQFNAHNTFDTFVIGPGNRFPHAASLAVAEAPAKAYNPLFIYGGVGLGKTHLMHAIGHHVLDNNPDAKVIYTSSEKFTNEFIKSIRDNEGEAFRERYRNIDVLLIDDIQFIQNKVQTQEEFFYTFNELHQNNKQIVISSDRPPKEIAQLEDRLRSRFEWGLIVDITPPDYETRMAILQKKIEEEKLDIPPEALNYIANQIQSNIRELEGALTRLLAYSQLLGKPITTELTAEALKDIIQAPKSKKITIQDIQKIVGQYYNVRIEDFSAKKRTKSIAYPRQIAMYLSRELTDFSLPKIGEEFGGRDHTTVIHAHEKISKDLKEDPIFKQEVENLEKEIRNV</Hsp_qseq>
      <Hsp_hseq>MTEKEIWEKVLEIAQEKLSAVSYSTFLKDTELYTIKDGEAIVLSSIPFNANWLNQQYAEIIQAILFDVVGYEVKPHFITTEELANYSNNETATPKETTKPSTETTEDNHVLGREQFNAHNTFDTFVIGPGNRFPHAASLAVAEAPAKAYNPLFIYGGVGLGKTHLMHAIGHHVLDNNPDAKVIYTSSEKFTNEFIKSIRDNEGEAFRERYRNIDVLLIDDIQFIQNKVQTQEEFFYTFNELHQNNKQIVISSDRPPKEIAQLEDRLRSRFEWGLIVDITPPDYETRMAILQKKIEEEKLDIPPEALNYIANQIQSNIRELEGALTRLLAYSQLLGKPITTELTAEALKDIIQAPKSKKITIQDIQKIVGQYYNVRIEDFSAKKRTKSIAYPRQIAMYLSRELTDFSLPKIGEEFGGRDHTTVIHAHEKISKDLKEDPIFKQEVENLEKEIRNV</Hsp_hseq>
      <Hsp_midline>M+EKEIWEKVLEIAQEKLSAVSYSTFLKDTELYTIKDGEAIVLSSIPFNANWLNQQYAEIIQAILFDVVGYEVKPHFITTEELANYSNNETATPKETTKPSTETTEDNHVLGREQFNAHNTFDTFVIGPGNRFPHAASLAVAEAPAKAYNPLFIYGGVGLGKTHLMHAIGHHVLDNNPDAKVIYTSSEKFTNEFIKSIRDNEGEAFRERYRNIDVLLIDDIQFIQNKVQTQEEFFYTFNELHQNNKQIVISSDRPPKEIAQLEDRLRSRFEWGLIVDITPPDYETRMAILQKKIEEEKLDIPPEALNYIANQIQSNIRELEGALTRLLAYSQLLGKPITTELTAEALKDIIQAPKSKKITIQDIQKIVGQYYNVRIEDFSAKKRTKSIAYPRQIAMYLSRELTDFSLPKIGEEFGGRDHTTVIHAHEKISKDLKEDPIFKQEVENLEKEIRNV</Hsp_midline>
    </Hsp>
  </Hit_hsps>
</Hit>
<Hit>
  <Hit_num>10</Hit_num>
  <Hit_id>ref|WP_153928502.1|</Hit_id>
  <Hit_def>chromosomal replication initiator protein DnaA [Staphylococcus aureus] &gt;gb|MRM42016.1| chromosomal replication initiator protein DnaA [Staphylococcus aureus]</Hit_def>
  <Hit_accession>WP_153928502</Hit_accession>
  <Hit_len>453</Hit_len>
  <Hit_hsps>
    <Hsp>
      <Hsp_num>1</Hsp_num>
      <Hsp_bit-score>927.161</Hsp_bit-score>
      <Hsp_score>2395</Hsp_score>
      <Hsp_evalue>0</Hsp_evalue>
      <Hsp_query-from>1</Hsp_query-from>
      <Hsp_query-to>453</Hsp_query-to>
      <Hsp_hit-from>1</Hsp_hit-from>
      <Hsp_hit-to>453</Hsp_hit-to>
      <Hsp_query-frame>0</Hsp_query-frame>
      <Hsp_hit-frame>0</Hsp_hit-frame>
      <Hsp_identity>452</Hsp_identity>
      <Hsp_positive>453</Hsp_positive>
      <Hsp_gaps>0</Hsp_gaps>
      <Hsp_align-len>453</Hsp_align-len>
      <Hsp_qseq>MSEKEIWEKVLEIAQEKLSAVSYSTFLKDTELYTIKDGEAIVLSSIPFNANWLNQQYAEIIQAILFDVVGYEVKPHFITTEELANYSNNETATPKETTKPSTETTEDNHVLGREQFNAHNTFDTFVIGPGNRFPHAASLAVAEAPAKAYNPLFIYGGVGLGKTHLMHAIGHHVLDNNPDAKVIYTSSEKFTNEFIKSIRDNEGEAFRERYRNIDVLLIDDIQFIQNKVQTQEEFFYTFNELHQNNKQIVISSDRPPKEIAQLEDRLRSRFEWGLIVDITPPDYETRMAILQKKIEEEKLDIPPEALNYIANQIQSNIRELEGALTRLLAYSQLLGKPITTELTAEALKDIIQAPKSKKITIQDIQKIVGQYYNVRIEDFSAKKRTKSIAYPRQIAMYLSRELTDFSLPKIGEEFGGRDHTTVIHAHEKISKDLKEDPIFKQEVENLEKEIRNV</Hsp_qseq>
      <Hsp_hseq>MSEKEIWEKVLEIAQEKLSSVSYSTFLKDTELYTIKDGEAIVLSSIPFNANWLNQQYAEIIQAILFDVVGYEVKPHFITTEELANYSNNETATPKETTKPSTETTEDNHVLGREQFNAHNTFDTFVIGPGNRFPHAASLAVAEAPAKAYNPLFIYGGVGLGKTHLMHAIGHHVLDNNPDAKVIYTSSEKFTNEFIKSIRDNEGEAFRERYRNIDVLLIDDIQFIQNKVQTQEEFFYTFNELHQNNKQIVISSDRPPKEIAQLEDRLRSRFEWGLIVDITPPDYETRMAILQKKIEEEKLDIPPEALNYIANQIQSNIRELEGALTRLLAYSQLLGKPITTELTAEALKDIIQAPKSKKITIQDIQKIVGQYYNVRIEDFSAKKRTKSIAYPRQIAMYLSRELTDFSLPKIGEEFGGRDHTTVIHAHEKISKDLKEDPIFKQEVENLEKEIRNV</Hsp_hseq>
      <Hsp_midline>MSEKEIWEKVLEIAQEKLS+VSYSTFLKDTELYTIKDGEAIVLSSIPFNANWLNQQYAEIIQAILFDVVGYEVKPHFITTEELANYSNNETATPKETTKPSTETTEDNHVLGREQFNAHNTFDTFVIGPGNRFPHAASLAVAEAPAKAYNPLFIYGGVGLGKTHLMHAIGHHVLDNNPDAKVIYTSSEKFTNEFIKSIRDNEGEAFRERYRNIDVLLIDDIQFIQNKVQTQEEFFYTFNELHQNNKQIVISSDRPPKEIAQLEDRLRSRFEWGLIVDITPPDYETRMAILQKKIEEEKLDIPPEALNYIANQIQSNIRELEGALTRLLAYSQLLGKPITTELTAEALKDIIQAPKSKKITIQDIQKIVGQYYNVRIEDFSAKKRTKSIAYPRQIAMYLSRELTDFSLPKIGEEFGGRDHTTVIHAHEKISKDLKEDPIFKQEVENLEKEIRNV</Hsp_midline>
    </Hsp>
  </Hit_hsps>
</Hit>
<Hit>
  <Hit_num>11</Hit_num>
  <Hit_id>ref|WP_187417845.1|</Hit_id>
  <Hit_def>chromosomal replication initiator protein DnaA [Staphylococcus aureus] &gt;emb|CAC7178635.1| Chromosomal replication initiator protein DnaA [Staphylococcus aureus] &gt;emb|CAC7211954.1| Chromosomal replication initiator protein DnaA [Staphylococcus aureus]</Hit_def>
  <Hit_accession>WP_187417845</Hit_accession>
  <Hit_len>453</Hit_len>
  <Hit_hsps>
    <Hsp>
      <Hsp_num>1</Hsp_num>
      <Hsp_bit-score>927.161</Hsp_bit-score>
      <Hsp_score>2395</Hsp_score>
      <Hsp_evalue>0</Hsp_evalue>
      <Hsp_query-from>1</Hsp_query-from>
      <Hsp_query-to>453</Hsp_query-to>
      <Hsp_hit-from>1</Hsp_hit-from>
      <Hsp_hit-to>453</Hsp_hit-to>
      <Hsp_query-frame>0</Hsp_query-frame>
      <Hsp_hit-frame>0</Hsp_hit-frame>
      <Hsp_identity>452</Hsp_identity>
      <Hsp_positive>453</Hsp_positive>
      <Hsp_gaps>0</Hsp_gaps>
      <Hsp_align-len>453</Hsp_align-len>
      <Hsp_qseq>MSEKEIWEKVLEIAQEKLSAVSYSTFLKDTELYTIKDGEAIVLSSIPFNANWLNQQYAEIIQAILFDVVGYEVKPHFITTEELANYSNNETATPKETTKPSTETTEDNHVLGREQFNAHNTFDTFVIGPGNRFPHAASLAVAEAPAKAYNPLFIYGGVGLGKTHLMHAIGHHVLDNNPDAKVIYTSSEKFTNEFIKSIRDNEGEAFRERYRNIDVLLIDDIQFIQNKVQTQEEFFYTFNELHQNNKQIVISSDRPPKEIAQLEDRLRSRFEWGLIVDITPPDYETRMAILQKKIEEEKLDIPPEALNYIANQIQSNIRELEGALTRLLAYSQLLGKPITTELTAEALKDIIQAPKSKKITIQDIQKIVGQYYNVRIEDFSAKKRTKSIAYPRQIAMYLSRELTDFSLPKIGEEFGGRDHTTVIHAHEKISKDLKEDPIFKQEVENLEKEIRNV</Hsp_qseq>
      <Hsp_hseq>MSEKEIWEKVLEIAQEKLSAVSYSTFLKDTEIYTIKDGEAIVLSSIPFNANWLNQQYAEIIQAILFDVVGYEVKPHFITTEELANYSNNETATPKETTKPSTETTEDNHVLGREQFNAHNTFDTFVIGPGNRFPHAASLAVAEAPAKAYNPLFIYGGVGLGKTHLMHAIGHHVLDNNPDAKVIYTSSEKFTNEFIKSIRDNEGEAFRERYRNIDVLLIDDIQFIQNKVQTQEEFFYTFNELHQNNKQIVISSDRPPKEIAQLEDRLRSRFEWGLIVDITPPDYETRMAILQKKIEEEKLDIPPEALNYIANQIQSNIRELEGALTRLLAYSQLLGKPITTELTAEALKDIIQAPKSKKITIQDIQKIVGQYYNVRIEDFSAKKRTKSIAYPRQIAMYLSRELTDFSLPKIGEEFGGRDHTTVIHAHEKISKDLKEDPIFKQEVENLEKEIRNV</Hsp_hseq>
      <Hsp_midline>MSEKEIWEKVLEIAQEKLSAVSYSTFLKDTE+YTIKDGEAIVLSSIPFNANWLNQQYAEIIQAILFDVVGYEVKPHFITTEELANYSNNETATPKETTKPSTETTEDNHVLGREQFNAHNTFDTFVIGPGNRFPHAASLAVAEAPAKAYNPLFIYGGVGLGKTHLMHAIGHHVLDNNPDAKVIYTSSEKFTNEFIKSIRDNEGEAFRERYRNIDVLLIDDIQFIQNKVQTQEEFFYTFNELHQNNKQIVISSDRPPKEIAQLEDRLRSRFEWGLIVDITPPDYETRMAILQKKIEEEKLDIPPEALNYIANQIQSNIRELEGALTRLLAYSQLLGKPITTELTAEALKDIIQAPKSKKITIQDIQKIVGQYYNVRIEDFSAKKRTKSIAYPRQIAMYLSRELTDFSLPKIGEEFGGRDHTTVIHAHEKISKDLKEDPIFKQEVENLEKEIRNV</Hsp_midline>
    </Hsp>
  </Hit_hsps>
</Hit>
<Hit>
  <Hit_num>12</Hit_num>
  <Hit_id>ref|WP_065252021.1|</Hit_id>
  <Hit_def>chromosomal replication initiator protein DnaA [Staphylococcus aureus] &gt;gb|OBX99992.1| chromosomal replication initiation protein [Staphylococcus aureus subsp. aureus] &gt;gb|OBY02164.1| chromosomal replication initiation protein [Staphylococcus aureus subsp. aureus]</Hit_def>
  <Hit_accession>WP_065252021</Hit_accession>
  <Hit_len>453</Hit_len>
  <Hit_hsps>
    <Hsp>
      <Hsp_num>1</Hsp_num>
      <Hsp_bit-score>927.161</Hsp_bit-score>
      <Hsp_score>2395</Hsp_score>
      <Hsp_evalue>0</Hsp_evalue>
      <Hsp_query-from>1</Hsp_query-from>
      <Hsp_query-to>453</Hsp_query-to>
      <Hsp_hit-from>1</Hsp_hit-from>
      <Hsp_hit-to>453</Hsp_hit-to>
      <Hsp_query-frame>0</Hsp_query-frame>
      <Hsp_hit-frame>0</Hsp_hit-frame>
      <Hsp_identity>452</Hsp_identity>
      <Hsp_positive>453</Hsp_positive>
      <Hsp_gaps>0</Hsp_gaps>
      <Hsp_align-len>453</Hsp_align-len>
      <Hsp_qseq>MSEKEIWEKVLEIAQEKLSAVSYSTFLKDTELYTIKDGEAIVLSSIPFNANWLNQQYAEIIQAILFDVVGYEVKPHFITTEELANYSNNETATPKETTKPSTETTEDNHVLGREQFNAHNTFDTFVIGPGNRFPHAASLAVAEAPAKAYNPLFIYGGVGLGKTHLMHAIGHHVLDNNPDAKVIYTSSEKFTNEFIKSIRDNEGEAFRERYRNIDVLLIDDIQFIQNKVQTQEEFFYTFNELHQNNKQIVISSDRPPKEIAQLEDRLRSRFEWGLIVDITPPDYETRMAILQKKIEEEKLDIPPEALNYIANQIQSNIRELEGALTRLLAYSQLLGKPITTELTAEALKDIIQAPKSKKITIQDIQKIVGQYYNVRIEDFSAKKRTKSIAYPRQIAMYLSRELTDFSLPKIGEEFGGRDHTTVIHAHEKISKDLKEDPIFKQEVENLEKEIRNV</Hsp_qseq>
      <Hsp_hseq>MSEKEIWEKVLEIAQEKLSAVSYSTFLKDTELYTIKDGEAIVLSSIPFNANWLNQQYAEIIQAILFDVVGYEVKPHFITTEELANYSNNETATPKETTKPSTETTEDNHVLGREQFNAHNTFDTFVIGPGNRFPHAASLAVAEAPAKAYNPLFIYGGVGLGKTHLMHAIGHHVLDNNPDAKVIYTSSEKFTNEFIKSIRDNEGEAFRERYRNIDVLLIDDIQFIQNKVQTQEEFFYTFNELHQNNKQIVISSDRPPKEIAQLEDRLRSRFEWGLIVDITPPDYETRMAILQKKIEEEKLDIPPEALNYIANQIQSNIRELEGALTRLLAYSQLLGKPITTELTAEALKDIIQAPKSKKITIQDIQKIVGQYYNVRIEDFSAKKRTRSIAYPRQIAMYLSRELTDFSLPKIGEEFGGRDHTTVIHAHEKISKDLKEDPIFKQEVENLEKEIRNV</Hsp_hseq>
      <Hsp_midline>MSEKEIWEKVLEIAQEKLSAVSYSTFLKDTELYTIKDGEAIVLSSIPFNANWLNQQYAEIIQAILFDVVGYEVKPHFITTEELANYSNNETATPKETTKPSTETTEDNHVLGREQFNAHNTFDTFVIGPGNRFPHAASLAVAEAPAKAYNPLFIYGGVGLGKTHLMHAIGHHVLDNNPDAKVIYTSSEKFTNEFIKSIRDNEGEAFRERYRNIDVLLIDDIQFIQNKVQTQEEFFYTFNELHQNNKQIVISSDRPPKEIAQLEDRLRSRFEWGLIVDITPPDYETRMAILQKKIEEEKLDIPPEALNYIANQIQSNIRELEGALTRLLAYSQLLGKPITTELTAEALKDIIQAPKSKKITIQDIQKIVGQYYNVRIEDFSAKKRT+SIAYPRQIAMYLSRELTDFSLPKIGEEFGGRDHTTVIHAHEKISKDLKEDPIFKQEVENLEKEIRNV</Hsp_midline>
    </Hsp>
  </Hit_hsps>
</Hit>
<Hit>
  <Hit_num>13</Hit_num>
  <Hit_id>gb|AVO67612.1|</Hit_id>
  <Hit_def>chromosomal replication initiator protein DnaA [Staphylococcus aureus]</Hit_def>
  <Hit_accession>AVO67612</Hit_accession>
  <Hit_len>453</Hit_len>
  <Hit_hsps>
    <Hsp>
      <Hsp_num>1</Hsp_num>
      <Hsp_bit-score>927.161</Hsp_bit-score>
      <Hsp_score>2395</Hsp_score>
      <Hsp_evalue>0</Hsp_evalue>
      <Hsp_query-from>1</Hsp_query-from>
      <Hsp_query-to>453</Hsp_query-to>
      <Hsp_hit-from>1</Hsp_hit-from>
      <Hsp_hit-to>453</Hsp_hit-to>
      <Hsp_query-frame>0</Hsp_query-frame>
      <Hsp_hit-frame>0</Hsp_hit-frame>
      <Hsp_identity>452</Hsp_identity>
      <Hsp_positive>452</Hsp_positive>
      <Hsp_gaps>0</Hsp_gaps>
      <Hsp_align-len>453</Hsp_align-len>
      <Hsp_qseq>MSEKEIWEKVLEIAQEKLSAVSYSTFLKDTELYTIKDGEAIVLSSIPFNANWLNQQYAEIIQAILFDVVGYEVKPHFITTEELANYSNNETATPKETTKPSTETTEDNHVLGREQFNAHNTFDTFVIGPGNRFPHAASLAVAEAPAKAYNPLFIYGGVGLGKTHLMHAIGHHVLDNNPDAKVIYTSSEKFTNEFIKSIRDNEGEAFRERYRNIDVLLIDDIQFIQNKVQTQEEFFYTFNELHQNNKQIVISSDRPPKEIAQLEDRLRSRFEWGLIVDITPPDYETRMAILQKKIEEEKLDIPPEALNYIANQIQSNIRELEGALTRLLAYSQLLGKPITTELTAEALKDIIQAPKSKKITIQDIQKIVGQYYNVRIEDFSAKKRTKSIAYPRQIAMYLSRELTDFSLPKIGEEFGGRDHTTVIHAHEKISKDLKEDPIFKQEVENLEKEIRNV</Hsp_qseq>
      <Hsp_hseq>MSEKEIWEKXLEIAQEKLSAVSYSTFLKDTELYTIKDGEAIVLSSIPFNANWLNQQYAEIIQAILFDVVGYEVKPHFITTEELANYSNNETATPKETTKPSTETTEDNHVLGREQFNAHNTFDTFVIGPGNRFPHAASLAVAEAPAKAYNPLFIYGGVGLGKTHLMHAIGHHVLDNNPDAKVIYTSSEKFTNEFIKSIRDNEGEAFRERYRNIDVLLIDDIQFIQNKVQTQEEFFYTFNELHQNNKQIVISSDRPPKEIAQLEDRLRSRFEWGLIVDITPPDYETRMAILQKKIEEEKLDIPPEALNYIANQIQSNIRELEGALTRLLAYSQLLGKPITTELTAEALKDIIQAPKSKKITIQDIQKIVGQYYNVRIEDFSAKKRTKSIAYPRQIAMYLSRELTDFSLPKIGEEFGGRDHTTVIHAHEKISKDLKEDPIFKQEVENLEKEIRNV</Hsp_hseq>
      <Hsp_midline>MSEKEIWEK LEIAQEKLSAVSYSTFLKDTELYTIKDGEAIVLSSIPFNANWLNQQYAEIIQAILFDVVGYEVKPHFITTEELANYSNNETATPKETTKPSTETTEDNHVLGREQFNAHNTFDTFVIGPGNRFPHAASLAVAEAPAKAYNPLFIYGGVGLGKTHLMHAIGHHVLDNNPDAKVIYTSSEKFTNEFIKSIRDNEGEAFRERYRNIDVLLIDDIQFIQNKVQTQEEFFYTFNELHQNNKQIVISSDRPPKEIAQLEDRLRSRFEWGLIVDITPPDYETRMAILQKKIEEEKLDIPPEALNYIANQIQSNIRELEGALTRLLAYSQLLGKPITTELTAEALKDIIQAPKSKKITIQDIQKIVGQYYNVRIEDFSAKKRTKSIAYPRQIAMYLSRELTDFSLPKIGEEFGGRDHTTVIHAHEKISKDLKEDPIFKQEVENLEKEIRNV</Hsp_midline>
    </Hsp>
  </Hit_hsps>
</Hit>
<Hit>
  <Hit_num>14</Hit_num>
  <Hit_id>ref|WP_031872523.1|</Hit_id>
  <Hit_def>chromosomal replication initiator protein DnaA [Staphylococcus aureus] &gt;gb|EWM94175.1| chromosomal replication initiator protein dnaA [Staphylococcus aureus M1251] &gt;gb|EWP01339.1| chromosomal replication initiator protein dnaA [Staphylococcus aureus M1252] &gt;gb|EWP19379.1| chromosomal replication initiator protein dnaA [Staphylococcus aureus M1245]</Hit_def>
  <Hit_accession>WP_031872523</Hit_accession>
  <Hit_len>453</Hit_len>
  <Hit_hsps>
    <Hsp>
      <Hsp_num>1</Hsp_num>
      <Hsp_bit-score>927.161</Hsp_bit-score>
      <Hsp_score>2395</Hsp_score>
      <Hsp_evalue>0</Hsp_evalue>
      <Hsp_query-from>1</Hsp_query-from>
      <Hsp_query-to>453</Hsp_query-to>
      <Hsp_hit-from>1</Hsp_hit-from>
      <Hsp_hit-to>453</Hsp_hit-to>
      <Hsp_query-frame>0</Hsp_query-frame>
      <Hsp_hit-frame>0</Hsp_hit-frame>
      <Hsp_identity>452</Hsp_identity>
      <Hsp_positive>453</Hsp_positive>
      <Hsp_gaps>0</Hsp_gaps>
      <Hsp_align-len>453</Hsp_align-len>
      <Hsp_qseq>MSEKEIWEKVLEIAQEKLSAVSYSTFLKDTELYTIKDGEAIVLSSIPFNANWLNQQYAEIIQAILFDVVGYEVKPHFITTEELANYSNNETATPKETTKPSTETTEDNHVLGREQFNAHNTFDTFVIGPGNRFPHAASLAVAEAPAKAYNPLFIYGGVGLGKTHLMHAIGHHVLDNNPDAKVIYTSSEKFTNEFIKSIRDNEGEAFRERYRNIDVLLIDDIQFIQNKVQTQEEFFYTFNELHQNNKQIVISSDRPPKEIAQLEDRLRSRFEWGLIVDITPPDYETRMAILQKKIEEEKLDIPPEALNYIANQIQSNIRELEGALTRLLAYSQLLGKPITTELTAEALKDIIQAPKSKKITIQDIQKIVGQYYNVRIEDFSAKKRTKSIAYPRQIAMYLSRELTDFSLPKIGEEFGGRDHTTVIHAHEKISKDLKEDPIFKQEVENLEKEIRNV</Hsp_qseq>
      <Hsp_hseq>MSEKEIWEKVLEIAQEKLSAVSYSTFLKDTELYTIKDGESIVLSSIPFNANWLNQQYAEIIQAILFDVVGYEVKPHFITTEELANYSNNETATPKETTKPSTETTEDNHVLGREQFNAHNTFDTFVIGPGNRFPHAASLAVAEAPAKAYNPLFIYGGVGLGKTHLMHAIGHHVLDNNPDAKVIYTSSEKFTNEFIKSIRDNEGEAFRERYRNIDVLLIDDIQFIQNKVQTQEEFFYTFNELHQNNKQIVISSDRPPKEIAQLEDRLRSRFEWGLIVDITPPDYETRMAILQKKIEEEKLDIPPEALNYIANQIQSNIRELEGALTRLLAYSQLLGKPITTELTAEALKDIIQAPKSKKITIQDIQKIVGQYYNVRIEDFSAKKRTKSIAYPRQIAMYLSRELTDFSLPKIGEEFGGRDHTTVIHAHEKISKDLKEDPIFKQEVENLEKEIRNV</Hsp_hseq>
      <Hsp_midline>MSEKEIWEKVLEIAQEKLSAVSYSTFLKDTELYTIKDGE+IVLSSIPFNANWLNQQYAEIIQAILFDVVGYEVKPHFITTEELANYSNNETATPKETTKPSTETTEDNHVLGREQFNAHNTFDTFVIGPGNRFPHAASLAVAEAPAKAYNPLFIYGGVGLGKTHLMHAIGHHVLDNNPDAKVIYTSSEKFTNEFIKSIRDNEGEAFRERYRNIDVLLIDDIQFIQNKVQTQEEFFYTFNELHQNNKQIVISSDRPPKEIAQLEDRLRSRFEWGLIVDITPPDYETRMAILQKKIEEEKLDIPPEALNYIANQIQSNIRELEGALTRLLAYSQLLGKPITTELTAEALKDIIQAPKSKKITIQDIQKIVGQYYNVRIEDFSAKKRTKSIAYPRQIAMYLSRELTDFSLPKIGEEFGGRDHTTVIHAHEKISKDLKEDPIFKQEVENLEKEIRNV</Hsp_midline>
    </Hsp>
  </Hit_hsps>
</Hit>
<Hit>
  <Hit_num>15</Hit_num>
  <Hit_id>ref|WP_123090298.1|</Hit_id>
  <Hit_def>chromosomal replication initiator protein DnaA [Staphylococcus aureus] &gt;gb|RNG51133.1| chromosomal replication initiator protein DnaA [Staphylococcus aureus]</Hit_def>
  <Hit_accession>WP_123090298</Hit_accession>
  <Hit_len>453</Hit_len>
  <Hit_hsps>
    <Hsp>
      <Hsp_num>1</Hsp_num>
      <Hsp_bit-score>927.161</Hsp_bit-score>
      <Hsp_score>2395</Hsp_score>
      <Hsp_evalue>0</Hsp_evalue>
      <Hsp_query-from>1</Hsp_query-from>
      <Hsp_query-to>453</Hsp_query-to>
      <Hsp_hit-from>1</Hsp_hit-from>
      <Hsp_hit-to>453</Hsp_hit-to>
      <Hsp_query-frame>0</Hsp_query-frame>
      <Hsp_hit-frame>0</Hsp_hit-frame>
      <Hsp_identity>452</Hsp_identity>
      <Hsp_positive>453</Hsp_positive>
      <Hsp_gaps>0</Hsp_gaps>
      <Hsp_align-len>453</Hsp_align-len>
      <Hsp_qseq>MSEKEIWEKVLEIAQEKLSAVSYSTFLKDTELYTIKDGEAIVLSSIPFNANWLNQQYAEIIQAILFDVVGYEVKPHFITTEELANYSNNETATPKETTKPSTETTEDNHVLGREQFNAHNTFDTFVIGPGNRFPHAASLAVAEAPAKAYNPLFIYGGVGLGKTHLMHAIGHHVLDNNPDAKVIYTSSEKFTNEFIKSIRDNEGEAFRERYRNIDVLLIDDIQFIQNKVQTQEEFFYTFNELHQNNKQIVISSDRPPKEIAQLEDRLRSRFEWGLIVDITPPDYETRMAILQKKIEEEKLDIPPEALNYIANQIQSNIRELEGALTRLLAYSQLLGKPITTELTAEALKDIIQAPKSKKITIQDIQKIVGQYYNVRIEDFSAKKRTKSIAYPRQIAMYLSRELTDFSLPKIGEEFGGRDHTTVIHAHEKISKDLKEDPIFKQEVENLEKEIRNV</Hsp_qseq>
      <Hsp_hseq>MSEKEIWEKVLEIAQEKLSAVSYSTFLKDTELYTIKDGEAIVLSSIPFNANWLNQQYAEIIQAILFDVVGYEVKPHFITTEELANYSNNETATPKETTKPSTETTEDNHVLGREQFNAHNTFDTFVIGPGNRFPHAASLAVAEAPAKAYNPLFIYGGVGLGKTHLMHAIGHHVLDNNPDAKVIYTSSEKFTNEFIKSIRDNEGEAFRERYRNIDVLLIDDIQFIQNKVQTQEEFFYTFNELHQNNKQIVISSDRPPKEIAQLEDRLRSRFEWGLIVDITPPDYETRMAILQKKIEEEKLDIPPEALNYIANQIQSNIRELEGALTRLLAYSQLLGKPITTELTAESLKDIIQAPKSKKITIQDIQKIVGQYYNVRIEDFSAKKRTKSIAYPRQIAMYLSRELTDFSLPKIGEEFGGRDHTTVIHAHEKISKDLKEDPIFKQEVENLEKEIRNV</Hsp_hseq>
      <Hsp_midline>MSEKEIWEKVLEIAQEKLSAVSYSTFLKDTELYTIKDGEAIVLSSIPFNANWLNQQYAEIIQAILFDVVGYEVKPHFITTEELANYSNNETATPKETTKPSTETTEDNHVLGREQFNAHNTFDTFVIGPGNRFPHAASLAVAEAPAKAYNPLFIYGGVGLGKTHLMHAIGHHVLDNNPDAKVIYTSSEKFTNEFIKSIRDNEGEAFRERYRNIDVLLIDDIQFIQNKVQTQEEFFYTFNELHQNNKQIVISSDRPPKEIAQLEDRLRSRFEWGLIVDITPPDYETRMAILQKKIEEEKLDIPPEALNYIANQIQSNIRELEGALTRLLAYSQLLGKPITTELTAE+LKDIIQAPKSKKITIQDIQKIVGQYYNVRIEDFSAKKRTKSIAYPRQIAMYLSRELTDFSLPKIGEEFGGRDHTTVIHAHEKISKDLKEDPIFKQEVENLEKEIRNV</Hsp_midline>
    </Hsp>
  </Hit_hsps>
</Hit>
<Hit>
  <Hit_num>16</Hit_num>
  <Hit_id>tpg|HAR3634417.1|</Hit_id>
  <Hit_def>chromosomal replication initiator protein DnaA [Staphylococcus aureus] &gt;tpg|HAR3751036.1| chromosomal replication initiator protein DnaA [Staphylococcus aureus] &gt;tpg|HAR4087220.1| chromosomal replication initiator protein DnaA [Staphylococcus aureus]</Hit_def>
  <Hit_accession>HAR3634417</Hit_accession>
  <Hit_len>453</Hit_len>
  <Hit_hsps>
    <Hsp>
      <Hsp_num>1</Hsp_num>
      <Hsp_bit-score>927.161</Hsp_bit-score>
      <Hsp_score>2395</Hsp_score>
      <Hsp_evalue>0</Hsp_evalue>
      <Hsp_query-from>1</Hsp_query-from>
      <Hsp_query-to>453</Hsp_query-to>
      <Hsp_hit-from>1</Hsp_hit-from>
      <Hsp_hit-to>453</Hsp_hit-to>
      <Hsp_query-frame>0</Hsp_query-frame>
      <Hsp_hit-frame>0</Hsp_hit-frame>
      <Hsp_identity>452</Hsp_identity>
      <Hsp_positive>452</Hsp_positive>
      <Hsp_gaps>0</Hsp_gaps>
      <Hsp_align-len>453</Hsp_align-len>
      <Hsp_qseq>MSEKEIWEKVLEIAQEKLSAVSYSTFLKDTELYTIKDGEAIVLSSIPFNANWLNQQYAEIIQAILFDVVGYEVKPHFITTEELANYSNNETATPKETTKPSTETTEDNHVLGREQFNAHNTFDTFVIGPGNRFPHAASLAVAEAPAKAYNPLFIYGGVGLGKTHLMHAIGHHVLDNNPDAKVIYTSSEKFTNEFIKSIRDNEGEAFRERYRNIDVLLIDDIQFIQNKVQTQEEFFYTFNELHQNNKQIVISSDRPPKEIAQLEDRLRSRFEWGLIVDITPPDYETRMAILQKKIEEEKLDIPPEALNYIANQIQSNIRELEGALTRLLAYSQLLGKPITTELTAEALKDIIQAPKSKKITIQDIQKIVGQYYNVRIEDFSAKKRTKSIAYPRQIAMYLSRELTDFSLPKIGEEFGGRDHTTVIHAHEKISKDLKEDPIFKQEVENLEKEIRNV</Hsp_qseq>
      <Hsp_hseq>MSEKEIWEKVLEIAQEKLSAVSYSTFLKDTELYTIKDGEAIVLSSIPFNANWLNQQYAEIIQAILFDVVGYEVKPHFITTEELANYSNNETATPKETTKPSTETTEDNHVLGREQFNAHNTFDTFVIGPGNRFPHAASLAVAEAPAKAYNPLFIYGGVGLGKTHLMHAIGHHVLDNNPDAKVIYTSSEKFTNEFIKSIRDNEGEAFRERYRNIDVLLIDDIQFIQNKVQTQEEFFYTFNELHQNNKQIVISSDRPPKEIAQLEDRLRSRFEWGLIVDITPPDYETRMAILQKKIEEEKLDIPPEALNYIANQIQSNIRELEGALTRLLAYSQLLGKPITTELTAEALKDIIQAPKSKKITIQDIQKIVGQYYNVRIEDFSAKKRTKSIVYPRQIAMYLSRELTDFSLPKIGEEFGGRDHTTVIHAHEKISKDLKEDPIFKQEVENLEKEIRNV</Hsp_hseq>
      <Hsp_midline>MSEKEIWEKVLEIAQEKLSAVSYSTFLKDTELYTIKDGEAIVLSSIPFNANWLNQQYAEIIQAILFDVVGYEVKPHFITTEELANYSNNETATPKETTKPSTETTEDNHVLGREQFNAHNTFDTFVIGPGNRFPHAASLAVAEAPAKAYNPLFIYGGVGLGKTHLMHAIGHHVLDNNPDAKVIYTSSEKFTNEFIKSIRDNEGEAFRERYRNIDVLLIDDIQFIQNKVQTQEEFFYTFNELHQNNKQIVISSDRPPKEIAQLEDRLRSRFEWGLIVDITPPDYETRMAILQKKIEEEKLDIPPEALNYIANQIQSNIRELEGALTRLLAYSQLLGKPITTELTAEALKDIIQAPKSKKITIQDIQKIVGQYYNVRIEDFSAKKRTKSI YPRQIAMYLSRELTDFSLPKIGEEFGGRDHTTVIHAHEKISKDLKEDPIFKQEVENLEKEIRNV</Hsp_midline>
    </Hsp>
  </Hit_hsps>
</Hit>
<Hit>
  <Hit_num>17</Hit_num>
  <Hit_id>ref|WP_033846582.1|</Hit_id>
  <Hit_def>chromosomal replication initiator protein DnaA [Staphylococcus aureus] &gt;gb|EVJ42627.1| chromosomal replication initiator protein dnaA [Staphylococcus aureus UCIM6144]</Hit_def>
  <Hit_accession>WP_033846582</Hit_accession>
  <Hit_len>453</Hit_len>
  <Hit_hsps>
    <Hsp>
      <Hsp_num>1</Hsp_num>
      <Hsp_bit-score>927.161</Hsp_bit-score>
      <Hsp_score>2395</Hsp_score>
      <Hsp_evalue>0</Hsp_evalue>
      <Hsp_query-from>1</Hsp_query-from>
      <Hsp_query-to>453</Hsp_query-to>
      <Hsp_hit-from>1</Hsp_hit-from>
      <Hsp_hit-to>453</Hsp_hit-to>
      <Hsp_query-frame>0</Hsp_query-frame>
      <Hsp_hit-frame>0</Hsp_hit-frame>
      <Hsp_identity>452</Hsp_identity>
      <Hsp_positive>453</Hsp_positive>
      <Hsp_gaps>0</Hsp_gaps>
      <Hsp_align-len>453</Hsp_align-len>
      <Hsp_qseq>MSEKEIWEKVLEIAQEKLSAVSYSTFLKDTELYTIKDGEAIVLSSIPFNANWLNQQYAEIIQAILFDVVGYEVKPHFITTEELANYSNNETATPKETTKPSTETTEDNHVLGREQFNAHNTFDTFVIGPGNRFPHAASLAVAEAPAKAYNPLFIYGGVGLGKTHLMHAIGHHVLDNNPDAKVIYTSSEKFTNEFIKSIRDNEGEAFRERYRNIDVLLIDDIQFIQNKVQTQEEFFYTFNELHQNNKQIVISSDRPPKEIAQLEDRLRSRFEWGLIVDITPPDYETRMAILQKKIEEEKLDIPPEALNYIANQIQSNIRELEGALTRLLAYSQLLGKPITTELTAEALKDIIQAPKSKKITIQDIQKIVGQYYNVRIEDFSAKKRTKSIAYPRQIAMYLSRELTDFSLPKIGEEFGGRDHTTVIHAHEKISKDLKEDPIFKQEVENLEKEIRNV</Hsp_qseq>
      <Hsp_hseq>MSEKEIWEKVLEIAQEKLSAVSYSTFLKDTEVYTIKDGEAIVLSSIPFNANWLNQQYAEIIQAILFDVVGYEVKPHFITTEELANYSNNETATPKETTKPSTETTEDNHVLGREQFNAHNTFDTFVIGPGNRFPHAASLAVAEAPAKAYNPLFIYGGVGLGKTHLMHAIGHHVLDNNPDAKVIYTSSEKFTNEFIKSIRDNEGEAFRERYRNIDVLLIDDIQFIQNKVQTQEEFFYTFNELHQNNKQIVISSDRPPKEIAQLEDRLRSRFEWGLIVDITPPDYETRMAILQKKIEEEKLDIPPEALNYIANQIQSNIRELEGALTRLLAYSQLLGKPITTELTAEALKDIIQAPKSKKITIQDIQKIVGQYYNVRIEDFSAKKRTKSIAYPRQIAMYLSRELTDFSLPKIGEEFGGRDHTTVIHAHEKISKDLKEDPIFKQEVENLEKEIRNV</Hsp_hseq>
      <Hsp_midline>MSEKEIWEKVLEIAQEKLSAVSYSTFLKDTE+YTIKDGEAIVLSSIPFNANWLNQQYAEIIQAILFDVVGYEVKPHFITTEELANYSNNETATPKETTKPSTETTEDNHVLGREQFNAHNTFDTFVIGPGNRFPHAASLAVAEAPAKAYNPLFIYGGVGLGKTHLMHAIGHHVLDNNPDAKVIYTSSEKFTNEFIKSIRDNEGEAFRERYRNIDVLLIDDIQFIQNKVQTQEEFFYTFNELHQNNKQIVISSDRPPKEIAQLEDRLRSRFEWGLIVDITPPDYETRMAILQKKIEEEKLDIPPEALNYIANQIQSNIRELEGALTRLLAYSQLLGKPITTELTAEALKDIIQAPKSKKITIQDIQKIVGQYYNVRIEDFSAKKRTKSIAYPRQIAMYLSRELTDFSLPKIGEEFGGRDHTTVIHAHEKISKDLKEDPIFKQEVENLEKEIRNV</Hsp_midline>
    </Hsp>
  </Hit_hsps>
</Hit>
<Hit>
  <Hit_num>18</Hit_num>
  <Hit_id>ref|WP_031875760.1|</Hit_id>
  <Hit_def>chromosomal replication initiator protein DnaA [Staphylococcus aureus] &gt;gb|EVU43909.1| chromosomal replication initiator protein dnaA [Staphylococcus aureus F41882] &gt;gb|EVX13078.1| chromosomal replication initiator protein dnaA [Staphylococcus aureus H27777] &gt;gb|EVY64872.1| chromosomal replication initiator protein dnaA [Staphylococcus aureus W76127] &gt;gb|EWL71229.1| chromosomal replication initiator protein dnaA [Staphylococcus aureus F29982] &gt;gb|MRV41142.1| chromosomal replication initiator protein DnaA [Staphylococcus aureus]</Hit_def>
  <Hit_accession>WP_031875760</Hit_accession>
  <Hit_len>453</Hit_len>
  <Hit_hsps>
    <Hsp>
      <Hsp_num>1</Hsp_num>
      <Hsp_bit-score>927.161</Hsp_bit-score>
      <Hsp_score>2395</Hsp_score>
      <Hsp_evalue>0</Hsp_evalue>
      <Hsp_query-from>1</Hsp_query-from>
      <Hsp_query-to>453</Hsp_query-to>
      <Hsp_hit-from>1</Hsp_hit-from>
      <Hsp_hit-to>453</Hsp_hit-to>
      <Hsp_query-frame>0</Hsp_query-frame>
      <Hsp_hit-frame>0</Hsp_hit-frame>
      <Hsp_identity>452</Hsp_identity>
      <Hsp_positive>452</Hsp_positive>
      <Hsp_gaps>0</Hsp_gaps>
      <Hsp_align-len>453</Hsp_align-len>
      <Hsp_qseq>MSEKEIWEKVLEIAQEKLSAVSYSTFLKDTELYTIKDGEAIVLSSIPFNANWLNQQYAEIIQAILFDVVGYEVKPHFITTEELANYSNNETATPKETTKPSTETTEDNHVLGREQFNAHNTFDTFVIGPGNRFPHAASLAVAEAPAKAYNPLFIYGGVGLGKTHLMHAIGHHVLDNNPDAKVIYTSSEKFTNEFIKSIRDNEGEAFRERYRNIDVLLIDDIQFIQNKVQTQEEFFYTFNELHQNNKQIVISSDRPPKEIAQLEDRLRSRFEWGLIVDITPPDYETRMAILQKKIEEEKLDIPPEALNYIANQIQSNIRELEGALTRLLAYSQLLGKPITTELTAEALKDIIQAPKSKKITIQDIQKIVGQYYNVRIEDFSAKKRTKSIAYPRQIAMYLSRELTDFSLPKIGEEFGGRDHTTVIHAHEKISKDLKEDPIFKQEVENLEKEIRNV</Hsp_qseq>
      <Hsp_hseq>MSEKEIWEKVLEIAQEKLSAVSYSTFLKDTELYTIKDGEAIVLSSIPFNANWLNQQYAEIIQAILFDVVGYEVKPHFITTEELANYSNNETATPKETTKPSTETTEDNHVLGREQFNAHNTFDTFVIGPGNRFPHAASLAVAEAPAKAYNPLFIYGGVGLGKTHLMHAIGHHALDNNPDAKVIYTSSEKFTNEFIKSIRDNEGEAFRERYRNIDVLLIDDIQFIQNKVQTQEEFFYTFNELHQNNKQIVISSDRPPKEIAQLEDRLRSRFEWGLIVDITPPDYETRMAILQKKIEEEKLDIPPEALNYIANQIQSNIRELEGALTRLLAYSQLLGKPITTELTAEALKDIIQAPKSKKITIQDIQKIVGQYYNVRIEDFSAKKRTKSIAYPRQIAMYLSRELTDFSLPKIGEEFGGRDHTTVIHAHEKISKDLKEDPIFKQEVENLEKEIRNV</Hsp_hseq>
      <Hsp_midline>MSEKEIWEKVLEIAQEKLSAVSYSTFLKDTELYTIKDGEAIVLSSIPFNANWLNQQYAEIIQAILFDVVGYEVKPHFITTEELANYSNNETATPKETTKPSTETTEDNHVLGREQFNAHNTFDTFVIGPGNRFPHAASLAVAEAPAKAYNPLFIYGGVGLGKTHLMHAIGHH LDNNPDAKVIYTSSEKFTNEFIKSIRDNEGEAFRERYRNIDVLLIDDIQFIQNKVQTQEEFFYTFNELHQNNKQIVISSDRPPKEIAQLEDRLRSRFEWGLIVDITPPDYETRMAILQKKIEEEKLDIPPEALNYIANQIQSNIRELEGALTRLLAYSQLLGKPITTELTAEALKDIIQAPKSKKITIQDIQKIVGQYYNVRIEDFSAKKRTKSIAYPRQIAMYLSRELTDFSLPKIGEEFGGRDHTTVIHAHEKISKDLKEDPIFKQEVENLEKEIRNV</Hsp_midline>
    </Hsp>
  </Hit_hsps>
</Hit>
<Hit>
  <Hit_num>19</Hit_num>
  <Hit_id>ref|WP_117206259.1|</Hit_id>
  <Hit_def>chromosomal replication initiator protein DnaA [Staphylococcus aureus] &gt;dbj|GBS94636.1| chromosomal replication initiator protein DnaA [Staphylococcus aureus subsp. aureus] &gt;dbj|GBS97219.1| chromosomal replication initiator protein DnaA [Staphylococcus aureus subsp. aureus] &gt;dbj|GBS99754.1| chromosomal replication initiator protein DnaA [Staphylococcus aureus subsp. aureus] &gt;dbj|GBT02389.1| chromosomal replication initiator protein DnaA [Staphylococcus aureus subsp. aureus] &gt;dbj|GBT93628.1| chromosomal replication initiator protein DnaA [Staphylococcus aureus subsp. aureus]</Hit_def>
  <Hit_accession>WP_117206259</Hit_accession>
  <Hit_len>453</Hit_len>
  <Hit_hsps>
    <Hsp>
      <Hsp_num>1</Hsp_num>
      <Hsp_bit-score>927.161</Hsp_bit-score>
      <Hsp_score>2395</Hsp_score>
      <Hsp_evalue>0</Hsp_evalue>
      <Hsp_query-from>1</Hsp_query-from>
      <Hsp_query-to>453</Hsp_query-to>
      <Hsp_hit-from>1</Hsp_hit-from>
      <Hsp_hit-to>453</Hsp_hit-to>
      <Hsp_query-frame>0</Hsp_query-frame>
      <Hsp_hit-frame>0</Hsp_hit-frame>
      <Hsp_identity>452</Hsp_identity>
      <Hsp_positive>453</Hsp_positive>
      <Hsp_gaps>0</Hsp_gaps>
      <Hsp_align-len>453</Hsp_align-len>
      <Hsp_qseq>MSEKEIWEKVLEIAQEKLSAVSYSTFLKDTELYTIKDGEAIVLSSIPFNANWLNQQYAEIIQAILFDVVGYEVKPHFITTEELANYSNNETATPKETTKPSTETTEDNHVLGREQFNAHNTFDTFVIGPGNRFPHAASLAVAEAPAKAYNPLFIYGGVGLGKTHLMHAIGHHVLDNNPDAKVIYTSSEKFTNEFIKSIRDNEGEAFRERYRNIDVLLIDDIQFIQNKVQTQEEFFYTFNELHQNNKQIVISSDRPPKEIAQLEDRLRSRFEWGLIVDITPPDYETRMAILQKKIEEEKLDIPPEALNYIANQIQSNIRELEGALTRLLAYSQLLGKPITTELTAEALKDIIQAPKSKKITIQDIQKIVGQYYNVRIEDFSAKKRTKSIAYPRQIAMYLSRELTDFSLPKIGEEFGGRDHTTVIHAHEKISKDLKEDPIFKQEVENLEKEIRNV</Hsp_qseq>
      <Hsp_hseq>MSEKEIWEKVLEIAQEKLSAVSYSTFLKDTELYTIKDGEAIVLSSIPFNANWLNQQYAEIIQAILFDVVGYEVKPHFITTEELANYSNNETATPKETTKPSTETTEDNHVLGREQFNAHNTFDTFVIGPGNRFPHAASLAVAEAPAKAYNPLFIYGGVGLGKTHLMHAIGHHVLDNNPDAKVIYTSSEKFTNEFIKSIRDNEGEAFRERYRNIDVLLIDDIQFIQNKVQTQEEFFYTFNELHQNNKQIVISSDRPPKEIAQLEDRLRSRFEWGLIVDITPPDYETRMAILQKKIEEEKLDIPPEALNYIANQIQSNIRELEGALTRLLAYSQLLGKPITTELTAEALKDIIQAPKSKKITIQDIQKIVGQYYNVRIEDFSAKKRTKSIAYPRQIAMYLSRELTDFSLPKIGEEFGGRDHTTVIHAHEKISKDLKEDPIFRQEVENLEKEIRNV</Hsp_hseq>
      <Hsp_midline>MSEKEIWEKVLEIAQEKLSAVSYSTFLKDTELYTIKDGEAIVLSSIPFNANWLNQQYAEIIQAILFDVVGYEVKPHFITTEELANYSNNETATPKETTKPSTETTEDNHVLGREQFNAHNTFDTFVIGPGNRFPHAASLAVAEAPAKAYNPLFIYGGVGLGKTHLMHAIGHHVLDNNPDAKVIYTSSEKFTNEFIKSIRDNEGEAFRERYRNIDVLLIDDIQFIQNKVQTQEEFFYTFNELHQNNKQIVISSDRPPKEIAQLEDRLRSRFEWGLIVDITPPDYETRMAILQKKIEEEKLDIPPEALNYIANQIQSNIRELEGALTRLLAYSQLLGKPITTELTAEALKDIIQAPKSKKITIQDIQKIVGQYYNVRIEDFSAKKRTKSIAYPRQIAMYLSRELTDFSLPKIGEEFGGRDHTTVIHAHEKISKDLKEDPIF+QEVENLEKEIRNV</Hsp_midline>
    </Hsp>
  </Hit_hsps>
</Hit>
<Hit>
  <Hit_num>20</Hit_num>
  <Hit_id>ref|WP_061645215.1|</Hit_id>
  <Hit_def>chromosomal replication initiator protein DnaA [Staphylococcus aureus] &gt;emb|CXK86362.1| Chromosomal replication initiator protein DnaA [Staphylococcus aureus] &gt;emb|CXL75541.1| Chromosomal replication initiator protein DnaA [Staphylococcus aureus] &gt;emb|CXU47742.1| Chromosomal replication initiator protein DnaA [Staphylococcus aureus]</Hit_def>
  <Hit_accession>WP_061645215</Hit_accession>
  <Hit_len>453</Hit_len>
  <Hit_hsps>
    <Hsp>
      <Hsp_num>1</Hsp_num>
      <Hsp_bit-score>927.161</Hsp_bit-score>
      <Hsp_score>2395</Hsp_score>
      <Hsp_evalue>0</Hsp_evalue>
      <Hsp_query-from>1</Hsp_query-from>
      <Hsp_query-to>453</Hsp_query-to>
      <Hsp_hit-from>1</Hsp_hit-from>
      <Hsp_hit-to>453</Hsp_hit-to>
      <Hsp_query-frame>0</Hsp_query-frame>
      <Hsp_hit-frame>0</Hsp_hit-frame>
      <Hsp_identity>452</Hsp_identity>
      <Hsp_positive>453</Hsp_positive>
      <Hsp_gaps>0</Hsp_gaps>
      <Hsp_align-len>453</Hsp_align-len>
      <Hsp_qseq>MSEKEIWEKVLEIAQEKLSAVSYSTFLKDTELYTIKDGEAIVLSSIPFNANWLNQQYAEIIQAILFDVVGYEVKPHFITTEELANYSNNETATPKETTKPSTETTEDNHVLGREQFNAHNTFDTFVIGPGNRFPHAASLAVAEAPAKAYNPLFIYGGVGLGKTHLMHAIGHHVLDNNPDAKVIYTSSEKFTNEFIKSIRDNEGEAFRERYRNIDVLLIDDIQFIQNKVQTQEEFFYTFNELHQNNKQIVISSDRPPKEIAQLEDRLRSRFEWGLIVDITPPDYETRMAILQKKIEEEKLDIPPEALNYIANQIQSNIRELEGALTRLLAYSQLLGKPITTELTAEALKDIIQAPKSKKITIQDIQKIVGQYYNVRIEDFSAKKRTKSIAYPRQIAMYLSRELTDFSLPKIGEEFGGRDHTTVIHAHEKISKDLKEDPIFKQEVENLEKEIRNV</Hsp_qseq>
      <Hsp_hseq>MSEKEIWEKVLEIAQEKLSAVSYSTFLKDTELYTIKDGEAIVLSSIPFNANWLNQQYAEIIQAILFDVVGYEVKPHFITTEELANYSNNETATPKETTKPSTETTEDNHVLGREQFNAHNTFDTFVIGPGNRFPHAASLAVAEAPAKAYNPLFIYGGVGLGKTHLMHAIGHHVLDNNPDAKVIYTSSEKFTNEFIKSIRDNEGEAFRERYRNIDVLLIDDIQFIQNKVQTQEEFFYTFNELHQNNKQIVISSDRPPKEIAQLEDRLRSRFEWGLIVDITPPDYETRMAILQKKIEEEKLDIPPEALNYIANQIQSNIRELEGALTRLLAYSQLLGKPITTELTAEALKDIIQAPKSKKITIQDIQKIVGQYYNVRIEDFSAKKRTKSIAYPRQIAMYLSRELTDFSLPKIGEEFGGRDHTTVIHAHEKITKDLKEDPIFKQEVENLEKEIRNV</Hsp_hseq>
      <Hsp_midline>MSEKEIWEKVLEIAQEKLSAVSYSTFLKDTELYTIKDGEAIVLSSIPFNANWLNQQYAEIIQAILFDVVGYEVKPHFITTEELANYSNNETATPKETTKPSTETTEDNHVLGREQFNAHNTFDTFVIGPGNRFPHAASLAVAEAPAKAYNPLFIYGGVGLGKTHLMHAIGHHVLDNNPDAKVIYTSSEKFTNEFIKSIRDNEGEAFRERYRNIDVLLIDDIQFIQNKVQTQEEFFYTFNELHQNNKQIVISSDRPPKEIAQLEDRLRSRFEWGLIVDITPPDYETRMAILQKKIEEEKLDIPPEALNYIANQIQSNIRELEGALTRLLAYSQLLGKPITTELTAEALKDIIQAPKSKKITIQDIQKIVGQYYNVRIEDFSAKKRTKSIAYPRQIAMYLSRELTDFSLPKIGEEFGGRDHTTVIHAHEKI+KDLKEDPIFKQEVENLEKEIRNV</Hsp_midline>
    </Hsp>
  </Hit_hsps>
</Hit>
<Hit>
  <Hit_num>21</Hit_num>
  <Hit_id>tpg|HAR5060667.1|</Hit_id>
  <Hit_def>chromosomal replication initiator protein DnaA [Staphylococcus aureus]</Hit_def>
  <Hit_accession>HAR5060667</Hit_accession>
  <Hit_len>453</Hit_len>
  <Hit_hsps>
    <Hsp>
      <Hsp_num>1</Hsp_num>
      <Hsp_bit-score>927.161</Hsp_bit-score>
      <Hsp_score>2395</Hsp_score>
      <Hsp_evalue>0</Hsp_evalue>
      <Hsp_query-from>1</Hsp_query-from>
      <Hsp_query-to>453</Hsp_query-to>
      <Hsp_hit-from>1</Hsp_hit-from>
      <Hsp_hit-to>453</Hsp_hit-to>
      <Hsp_query-frame>0</Hsp_query-frame>
      <Hsp_hit-frame>0</Hsp_hit-frame>
      <Hsp_identity>452</Hsp_identity>
      <Hsp_positive>452</Hsp_positive>
      <Hsp_gaps>0</Hsp_gaps>
      <Hsp_align-len>453</Hsp_align-len>
      <Hsp_qseq>MSEKEIWEKVLEIAQEKLSAVSYSTFLKDTELYTIKDGEAIVLSSIPFNANWLNQQYAEIIQAILFDVVGYEVKPHFITTEELANYSNNETATPKETTKPSTETTEDNHVLGREQFNAHNTFDTFVIGPGNRFPHAASLAVAEAPAKAYNPLFIYGGVGLGKTHLMHAIGHHVLDNNPDAKVIYTSSEKFTNEFIKSIRDNEGEAFRERYRNIDVLLIDDIQFIQNKVQTQEEFFYTFNELHQNNKQIVISSDRPPKEIAQLEDRLRSRFEWGLIVDITPPDYETRMAILQKKIEEEKLDIPPEALNYIANQIQSNIRELEGALTRLLAYSQLLGKPITTELTAEALKDIIQAPKSKKITIQDIQKIVGQYYNVRIEDFSAKKRTKSIAYPRQIAMYLSRELTDFSLPKIGEEFGGRDHTTVIHAHEKISKDLKEDPIFKQEVENLEKEIRNV</Hsp_qseq>
      <Hsp_hseq>MSEKEIWEKALEIAQEKLSAVSYSTFLKDTELYTIKDGEAIVLSSIPFNANWLNQQYAEIIQAILFDVVGYEVKPHFITTEELANYSNNETATPKETTKPSTETTEDNHVLGREQFNAHNTFDTFVIGPGNRFPHAASLAVAEAPAKAYNPLFIYGGVGLGKTHLMHAIGHHVLDNNPDAKVIYTSSEKFTNEFIKSIRDNEGEAFRERYRNIDVLLIDDIQFIQNKVQTQEEFFYTFNELHQNNKQIVISSDRPPKEIAQLEDRLRSRFEWGLIVDITPPDYETRMAILQKKIEEEKLDIPPEALNYIANQIQSNIRELEGALTRLLAYSQLLGKPITTELTAEALKDIIQAPKSKKITIQDIQKIVGQYYNVRIEDFSAKKRTKSIAYPRQIAMYLSRELTDFSLPKIGEEFGGRDHTTVIHAHEKISKDLKEDPIFKQEVENLEKEIRNV</Hsp_hseq>
      <Hsp_midline>MSEKEIWEK LEIAQEKLSAVSYSTFLKDTELYTIKDGEAIVLSSIPFNANWLNQQYAEIIQAILFDVVGYEVKPHFITTEELANYSNNETATPKETTKPSTETTEDNHVLGREQFNAHNTFDTFVIGPGNRFPHAASLAVAEAPAKAYNPLFIYGGVGLGKTHLMHAIGHHVLDNNPDAKVIYTSSEKFTNEFIKSIRDNEGEAFRERYRNIDVLLIDDIQFIQNKVQTQEEFFYTFNELHQNNKQIVISSDRPPKEIAQLEDRLRSRFEWGLIVDITPPDYETRMAILQKKIEEEKLDIPPEALNYIANQIQSNIRELEGALTRLLAYSQLLGKPITTELTAEALKDIIQAPKSKKITIQDIQKIVGQYYNVRIEDFSAKKRTKSIAYPRQIAMYLSRELTDFSLPKIGEEFGGRDHTTVIHAHEKISKDLKEDPIFKQEVENLEKEIRNV</Hsp_midline>
    </Hsp>
  </Hit_hsps>
</Hit>
<Hit>
  <Hit_num>22</Hit_num>
  <Hit_id>ref|WP_001641266.1|</Hit_id>
  <Hit_def>chromosomal replication initiator protein DnaA [Staphylococcus aureus] &gt;gb|ENK05713.1| chromosomal replication initiator protein dnaA [Staphylococcus aureus M0396]</Hit_def>
  <Hit_accession>WP_001641266</Hit_accession>
  <Hit_len>453</Hit_len>
  <Hit_hsps>
    <Hsp>
      <Hsp_num>1</Hsp_num>
      <Hsp_bit-score>927.161</Hsp_bit-score>
      <Hsp_score>2395</Hsp_score>
      <Hsp_evalue>0</Hsp_evalue>
      <Hsp_query-from>1</Hsp_query-from>
      <Hsp_query-to>453</Hsp_query-to>
      <Hsp_hit-from>1</Hsp_hit-from>
      <Hsp_hit-to>453</Hsp_hit-to>
      <Hsp_query-frame>0</Hsp_query-frame>
      <Hsp_hit-frame>0</Hsp_hit-frame>
      <Hsp_identity>452</Hsp_identity>
      <Hsp_positive>453</Hsp_positive>
      <Hsp_gaps>0</Hsp_gaps>
      <Hsp_align-len>453</Hsp_align-len>
      <Hsp_qseq>MSEKEIWEKVLEIAQEKLSAVSYSTFLKDTELYTIKDGEAIVLSSIPFNANWLNQQYAEIIQAILFDVVGYEVKPHFITTEELANYSNNETATPKETTKPSTETTEDNHVLGREQFNAHNTFDTFVIGPGNRFPHAASLAVAEAPAKAYNPLFIYGGVGLGKTHLMHAIGHHVLDNNPDAKVIYTSSEKFTNEFIKSIRDNEGEAFRERYRNIDVLLIDDIQFIQNKVQTQEEFFYTFNELHQNNKQIVISSDRPPKEIAQLEDRLRSRFEWGLIVDITPPDYETRMAILQKKIEEEKLDIPPEALNYIANQIQSNIRELEGALTRLLAYSQLLGKPITTELTAEALKDIIQAPKSKKITIQDIQKIVGQYYNVRIEDFSAKKRTKSIAYPRQIAMYLSRELTDFSLPKIGEEFGGRDHTTVIHAHEKISKDLKEDPIFKQEVENLEKEIRNV</Hsp_qseq>
      <Hsp_hseq>MSEKEIWEKVLEIAQEKLSAVSYSTFLKDTELYTIKDGEAIVLSSIPFNANWLNQQYAEIIQAILFDVVGYEVKPHFITTEELANYSNNETATPKETTKPSTETTEDNHVLGREQFNAHNTFDTFVIGPGNRFPHAASLAVAEAPAKAYNPLFIYGGVGLGKTHLMHAIGHHVLDNNPDAKVIYTSSEKFTNEFIKSIRDNEGEAFRERYRNIDVLLIDDIQFIQNKVQTQEEFFYTFNELHQNNKQIVISSDRPPKEIAQLEDRLRSRFEWGLIVDITPPDYETRMAILQKKIEEEKLDIPPEALNYIANQIQSNIRELEGALTRLLAYSQLLGKPITTELTAEALKDIIQAPKSKKITIQDIQKIVGQYYNVRIEDFSAKKRTKSIAYPRQIAMYLSRELTDFSLPKIGEEFGGRDHTTVIHAHEKISKDLKEDPIFKQEVENLEKEIKNV</Hsp_hseq>
      <Hsp_midline>MSEKEIWEKVLEIAQEKLSAVSYSTFLKDTELYTIKDGEAIVLSSIPFNANWLNQQYAEIIQAILFDVVGYEVKPHFITTEELANYSNNETATPKETTKPSTETTEDNHVLGREQFNAHNTFDTFVIGPGNRFPHAASLAVAEAPAKAYNPLFIYGGVGLGKTHLMHAIGHHVLDNNPDAKVIYTSSEKFTNEFIKSIRDNEGEAFRERYRNIDVLLIDDIQFIQNKVQTQEEFFYTFNELHQNNKQIVISSDRPPKEIAQLEDRLRSRFEWGLIVDITPPDYETRMAILQKKIEEEKLDIPPEALNYIANQIQSNIRELEGALTRLLAYSQLLGKPITTELTAEALKDIIQAPKSKKITIQDIQKIVGQYYNVRIEDFSAKKRTKSIAYPRQIAMYLSRELTDFSLPKIGEEFGGRDHTTVIHAHEKISKDLKEDPIFKQEVENLEKEI+NV</Hsp_midline>
    </Hsp>
  </Hit_hsps>
</Hit>
<Hit>
  <Hit_num>23</Hit_num>
  <Hit_id>ref|WP_031893792.1|</Hit_id>
  <Hit_def>chromosomal replication initiator protein DnaA [Staphylococcus aureus] &gt;gb|EVE63077.1| chromosomal replication initiator protein dnaA [Staphylococcus aureus LAMC0010]</Hit_def>
  <Hit_accession>WP_031893792</Hit_accession>
  <Hit_len>453</Hit_len>
  <Hit_hsps>
    <Hsp>
      <Hsp_num>1</Hsp_num>
      <Hsp_bit-score>927.161</Hsp_bit-score>
      <Hsp_score>2395</Hsp_score>
      <Hsp_evalue>0</Hsp_evalue>
      <Hsp_query-from>1</Hsp_query-from>
      <Hsp_query-to>453</Hsp_query-to>
      <Hsp_hit-from>1</Hsp_hit-from>
      <Hsp_hit-to>453</Hsp_hit-to>
      <Hsp_query-frame>0</Hsp_query-frame>
      <Hsp_hit-frame>0</Hsp_hit-frame>
      <Hsp_identity>452</Hsp_identity>
      <Hsp_positive>453</Hsp_positive>
      <Hsp_gaps>0</Hsp_gaps>
      <Hsp_align-len>453</Hsp_align-len>
      <Hsp_qseq>MSEKEIWEKVLEIAQEKLSAVSYSTFLKDTELYTIKDGEAIVLSSIPFNANWLNQQYAEIIQAILFDVVGYEVKPHFITTEELANYSNNETATPKETTKPSTETTEDNHVLGREQFNAHNTFDTFVIGPGNRFPHAASLAVAEAPAKAYNPLFIYGGVGLGKTHLMHAIGHHVLDNNPDAKVIYTSSEKFTNEFIKSIRDNEGEAFRERYRNIDVLLIDDIQFIQNKVQTQEEFFYTFNELHQNNKQIVISSDRPPKEIAQLEDRLRSRFEWGLIVDITPPDYETRMAILQKKIEEEKLDIPPEALNYIANQIQSNIRELEGALTRLLAYSQLLGKPITTELTAEALKDIIQAPKSKKITIQDIQKIVGQYYNVRIEDFSAKKRTKSIAYPRQIAMYLSRELTDFSLPKIGEEFGGRDHTTVIHAHEKISKDLKEDPIFKQEVENLEKEIRNV</Hsp_qseq>
      <Hsp_hseq>MSEKEIWEKVLEIAQEKLSAVSYSTFLKDTELYTIKDGEAIVLSSIPFNANWLNQQYAEIIQAILFDVVGYEVKPHFITTEELANYSNNETATPKETTKPSTETTEDNHVLGREQFNAHNTFDTFVIGPGNRFPHAASLAVAEAPAKAYNPLFIYGGVGLGKTHLMHAIGHHVLDNNPDAKVIYTSSEKFTNEFIKSIRDNEGEAFRERYRNIDVLLIDDIQFIQNKVQTQEEFFYTFNELHQNNKQIVISSDRPPKEIAQLEDRLRSRFEWGLIVDITPPDYETRMAILQKKIEEEKLDIPPEALNYIANQIQSNIRELEGALTRLLAYSQLLGKPITTELTAEALKDIIQAPKSKKITIQDIQKIVGQYYNVKIEDFSAKKRTKSIAYPRQIAMYLSRELTDFSLPKIGEEFGGRDHTTVIHAHEKISKDLKEDPIFKQEVENLEKEIRNV</Hsp_hseq>
      <Hsp_midline>MSEKEIWEKVLEIAQEKLSAVSYSTFLKDTELYTIKDGEAIVLSSIPFNANWLNQQYAEIIQAILFDVVGYEVKPHFITTEELANYSNNETATPKETTKPSTETTEDNHVLGREQFNAHNTFDTFVIGPGNRFPHAASLAVAEAPAKAYNPLFIYGGVGLGKTHLMHAIGHHVLDNNPDAKVIYTSSEKFTNEFIKSIRDNEGEAFRERYRNIDVLLIDDIQFIQNKVQTQEEFFYTFNELHQNNKQIVISSDRPPKEIAQLEDRLRSRFEWGLIVDITPPDYETRMAILQKKIEEEKLDIPPEALNYIANQIQSNIRELEGALTRLLAYSQLLGKPITTELTAEALKDIIQAPKSKKITIQDIQKIVGQYYNV+IEDFSAKKRTKSIAYPRQIAMYLSRELTDFSLPKIGEEFGGRDHTTVIHAHEKISKDLKEDPIFKQEVENLEKEIRNV</Hsp_midline>
    </Hsp>
  </Hit_hsps>
</Hit>
<Hit>
  <Hit_num>24</Hit_num>
  <Hit_id>tpg|HAR4044485.1|</Hit_id>
  <Hit_def>chromosomal replication initiator protein DnaA [Staphylococcus aureus] &gt;tpg|HAR4054311.1| chromosomal replication initiator protein DnaA [Staphylococcus aureus]</Hit_def>
  <Hit_accession>HAR4044485</Hit_accession>
  <Hit_len>453</Hit_len>
  <Hit_hsps>
    <Hsp>
      <Hsp_num>1</Hsp_num>
      <Hsp_bit-score>927.161</Hsp_bit-score>
      <Hsp_score>2395</Hsp_score>
      <Hsp_evalue>0</Hsp_evalue>
      <Hsp_query-from>1</Hsp_query-from>
      <Hsp_query-to>453</Hsp_query-to>
      <Hsp_hit-from>1</Hsp_hit-from>
      <Hsp_hit-to>453</Hsp_hit-to>
      <Hsp_query-frame>0</Hsp_query-frame>
      <Hsp_hit-frame>0</Hsp_hit-frame>
      <Hsp_identity>452</Hsp_identity>
      <Hsp_positive>453</Hsp_positive>
      <Hsp_gaps>0</Hsp_gaps>
      <Hsp_align-len>453</Hsp_align-len>
      <Hsp_qseq>MSEKEIWEKVLEIAQEKLSAVSYSTFLKDTELYTIKDGEAIVLSSIPFNANWLNQQYAEIIQAILFDVVGYEVKPHFITTEELANYSNNETATPKETTKPSTETTEDNHVLGREQFNAHNTFDTFVIGPGNRFPHAASLAVAEAPAKAYNPLFIYGGVGLGKTHLMHAIGHHVLDNNPDAKVIYTSSEKFTNEFIKSIRDNEGEAFRERYRNIDVLLIDDIQFIQNKVQTQEEFFYTFNELHQNNKQIVISSDRPPKEIAQLEDRLRSRFEWGLIVDITPPDYETRMAILQKKIEEEKLDIPPEALNYIANQIQSNIRELEGALTRLLAYSQLLGKPITTELTAEALKDIIQAPKSKKITIQDIQKIVGQYYNVRIEDFSAKKRTKSIAYPRQIAMYLSRELTDFSLPKIGEEFGGRDHTTVIHAHEKISKDLKEDPIFKQEVENLEKEIRNV</Hsp_qseq>
      <Hsp_hseq>MSEKEIWEKVLEIAQEKLSAVSYSTFLKDTELYTIKDGEAIVLSSIPFNANWLNQQYAEIIQAILFDVVGYEVKPHFITTEELANYSNNETATPKETTKPSTETTEDNHVLGREQFNAHNTFDTFVIGPGNRFPHAASLAVAEAPAKAYNPLFIYGGVGLGKTHLMHAIGHHVLDNNPDAKVIYTSSEKFTNEFIKSIRDNEGEAFREKYRNIDVLLIDDIQFIQNKVQTQEEFFYTFNELHQNNKQIVISSDRPPKEIAQLEDRLRSRFEWGLIVDITPPDYETRMAILQKKIEEEKLDIPPEALNYIANQIQSNIRELEGALTRLLAYSQLLGKPITTELTAEALKDIIQAPKSKKITIQDIQKIVGQYYNVRIEDFSAKKRTKSIAYPRQIAMYLSRELTDFSLPKIGEEFGGRDHTTVIHAHEKISKDLKEDPIFKQEVENLEKEIRNV</Hsp_hseq>
      <Hsp_midline>MSEKEIWEKVLEIAQEKLSAVSYSTFLKDTELYTIKDGEAIVLSSIPFNANWLNQQYAEIIQAILFDVVGYEVKPHFITTEELANYSNNETATPKETTKPSTETTEDNHVLGREQFNAHNTFDTFVIGPGNRFPHAASLAVAEAPAKAYNPLFIYGGVGLGKTHLMHAIGHHVLDNNPDAKVIYTSSEKFTNEFIKSIRDNEGEAFRE+YRNIDVLLIDDIQFIQNKVQTQEEFFYTFNELHQNNKQIVISSDRPPKEIAQLEDRLRSRFEWGLIVDITPPDYETRMAILQKKIEEEKLDIPPEALNYIANQIQSNIRELEGALTRLLAYSQLLGKPITTELTAEALKDIIQAPKSKKITIQDIQKIVGQYYNVRIEDFSAKKRTKSIAYPRQIAMYLSRELTDFSLPKIGEEFGGRDHTTVIHAHEKISKDLKEDPIFKQEVENLEKEIRNV</Hsp_midline>
    </Hsp>
  </Hit_hsps>
</Hit>
<Hit>
  <Hit_num>25</Hit_num>
  <Hit_id>ref|WP_141062214.1|</Hit_id>
  <Hit_def>chromosomal replication initiator protein DnaA [Staphylococcus aureus]</Hit_def>
  <Hit_accession>WP_141062214</Hit_accession>
  <Hit_len>453</Hit_len>
  <Hit_hsps>
    <Hsp>
      <Hsp_num>1</Hsp_num>
      <Hsp_bit-score>927.161</Hsp_bit-score>
      <Hsp_score>2395</Hsp_score>
      <Hsp_evalue>0</Hsp_evalue>
      <Hsp_query-from>1</Hsp_query-from>
      <Hsp_query-to>453</Hsp_query-to>
      <Hsp_hit-from>1</Hsp_hit-from>
      <Hsp_hit-to>453</Hsp_hit-to>
      <Hsp_query-frame>0</Hsp_query-frame>
      <Hsp_hit-frame>0</Hsp_hit-frame>
      <Hsp_identity>452</Hsp_identity>
      <Hsp_positive>453</Hsp_positive>
      <Hsp_gaps>0</Hsp_gaps>
      <Hsp_align-len>453</Hsp_align-len>
      <Hsp_qseq>MSEKEIWEKVLEIAQEKLSAVSYSTFLKDTELYTIKDGEAIVLSSIPFNANWLNQQYAEIIQAILFDVVGYEVKPHFITTEELANYSNNETATPKETTKPSTETTEDNHVLGREQFNAHNTFDTFVIGPGNRFPHAASLAVAEAPAKAYNPLFIYGGVGLGKTHLMHAIGHHVLDNNPDAKVIYTSSEKFTNEFIKSIRDNEGEAFRERYRNIDVLLIDDIQFIQNKVQTQEEFFYTFNELHQNNKQIVISSDRPPKEIAQLEDRLRSRFEWGLIVDITPPDYETRMAILQKKIEEEKLDIPPEALNYIANQIQSNIRELEGALTRLLAYSQLLGKPITTELTAEALKDIIQAPKSKKITIQDIQKIVGQYYNVRIEDFSAKKRTKSIAYPRQIAMYLSRELTDFSLPKIGEEFGGRDHTTVIHAHEKISKDLKEDPIFKQEVENLEKEIRNV</Hsp_qseq>
      <Hsp_hseq>MSEKEIWEKVLEIAQEKLSAVSYSTFLKDTELYTIKDGEAIVLSSIPFNANWLNQQYAEIIQAILFDVVGYEVKPHFITTEELANYSNNETATPKETTKPSTETTEDNHVIGREQFNAHNTFDTFVIGPGNRFPHAASLAVAEAPAKAYNPLFIYGGVGLGKTHLMHAIGHHVLDNNPDAKVIYTSSEKFTNEFIKSIRDNEGEAFRERYRNIDVLLIDDIQFIQNKVQTQEEFFYTFNELHQNNKQIVISSDRPPKEIAQLEDRLRSRFEWGLIVDITPPDYETRMAILQKKIEEEKLDIPPEALNYIANQIQSNIRELEGALTRLLAYSQLLGKPITTELTAEALKDIIQAPKSKKITIQDIQKIVGQYYNVRIEDFSAKKRTKSIAYPRQIAMYLSRELTDFSLPKIGEEFGGRDHTTVIHAHEKISKDLKEDPIFKQEVENLEKEIRNV</Hsp_hseq>
      <Hsp_midline>MSEKEIWEKVLEIAQEKLSAVSYSTFLKDTELYTIKDGEAIVLSSIPFNANWLNQQYAEIIQAILFDVVGYEVKPHFITTEELANYSNNETATPKETTKPSTETTEDNHV+GREQFNAHNTFDTFVIGPGNRFPHAASLAVAEAPAKAYNPLFIYGGVGLGKTHLMHAIGHHVLDNNPDAKVIYTSSEKFTNEFIKSIRDNEGEAFRERYRNIDVLLIDDIQFIQNKVQTQEEFFYTFNELHQNNKQIVISSDRPPKEIAQLEDRLRSRFEWGLIVDITPPDYETRMAILQKKIEEEKLDIPPEALNYIANQIQSNIRELEGALTRLLAYSQLLGKPITTELTAEALKDIIQAPKSKKITIQDIQKIVGQYYNVRIEDFSAKKRTKSIAYPRQIAMYLSRELTDFSLPKIGEEFGGRDHTTVIHAHEKISKDLKEDPIFKQEVENLEKEIRNV</Hsp_midline>
    </Hsp>
  </Hit_hsps>
</Hit>
<Hit>
  <Hit_num>26</Hit_num>
  <Hit_id>ref|WP_023915245.1|</Hit_id>
  <Hit_def>chromosomal replication initiator protein DnaA [Staphylococcus aureus] &gt;gb|ETD12399.1| chromosomal replication initiator protein dnaA [Staphylococcus aureus subsp. aureus KPL1828]</Hit_def>
  <Hit_accession>WP_023915245</Hit_accession>
  <Hit_len>453</Hit_len>
  <Hit_hsps>
    <Hsp>
      <Hsp_num>1</Hsp_num>
      <Hsp_bit-score>927.161</Hsp_bit-score>
      <Hsp_score>2395</Hsp_score>
      <Hsp_evalue>0</Hsp_evalue>
      <Hsp_query-from>1</Hsp_query-from>
      <Hsp_query-to>453</Hsp_query-to>
      <Hsp_hit-from>1</Hsp_hit-from>
      <Hsp_hit-to>453</Hsp_hit-to>
      <Hsp_query-frame>0</Hsp_query-frame>
      <Hsp_hit-frame>0</Hsp_hit-frame>
      <Hsp_identity>452</Hsp_identity>
      <Hsp_positive>452</Hsp_positive>
      <Hsp_gaps>0</Hsp_gaps>
      <Hsp_align-len>453</Hsp_align-len>
      <Hsp_qseq>MSEKEIWEKVLEIAQEKLSAVSYSTFLKDTELYTIKDGEAIVLSSIPFNANWLNQQYAEIIQAILFDVVGYEVKPHFITTEELANYSNNETATPKETTKPSTETTEDNHVLGREQFNAHNTFDTFVIGPGNRFPHAASLAVAEAPAKAYNPLFIYGGVGLGKTHLMHAIGHHVLDNNPDAKVIYTSSEKFTNEFIKSIRDNEGEAFRERYRNIDVLLIDDIQFIQNKVQTQEEFFYTFNELHQNNKQIVISSDRPPKEIAQLEDRLRSRFEWGLIVDITPPDYETRMAILQKKIEEEKLDIPPEALNYIANQIQSNIRELEGALTRLLAYSQLLGKPITTELTAEALKDIIQAPKSKKITIQDIQKIVGQYYNVRIEDFSAKKRTKSIAYPRQIAMYLSRELTDFSLPKIGEEFGGRDHTTVIHAHEKISKDLKEDPIFKQEVENLEKEIRNV</Hsp_qseq>
      <Hsp_hseq>MSEKEIWEKVLEIAQEKLSAVSYSTFLKDTELYTIKDGEAIVLSSIPFNANWLNQQYAEIIQAILFDAVGYEVKPHFITTEELANYSNNETATPKETTKPSTETTEDNHVLGREQFNAHNTFDTFVIGPGNRFPHAASLAVAEAPAKAYNPLFIYGGVGLGKTHLMHAIGHHVLDNNPDAKVIYTSSEKFTNEFIKSIRDNEGEAFRERYRNIDVLLIDDIQFIQNKVQTQEEFFYTFNELHQNNKQIVISSDRPPKEIAQLEDRLRSRFEWGLIVDITPPDYETRMAILQKKIEEEKLDIPPEALNYIANQIQSNIRELEGALTRLLAYSQLLGKPITTELTAEALKDIIQAPKSKKITIQDIQKIVGQYYNVRIEDFSAKKRTKSIAYPRQIAMYLSRELTDFSLPKIGEEFGGRDHTTVIHAHEKISKDLKEDPIFKQEVENLEKEIRNV</Hsp_hseq>
      <Hsp_midline>MSEKEIWEKVLEIAQEKLSAVSYSTFLKDTELYTIKDGEAIVLSSIPFNANWLNQQYAEIIQAILFD VGYEVKPHFITTEELANYSNNETATPKETTKPSTETTEDNHVLGREQFNAHNTFDTFVIGPGNRFPHAASLAVAEAPAKAYNPLFIYGGVGLGKTHLMHAIGHHVLDNNPDAKVIYTSSEKFTNEFIKSIRDNEGEAFRERYRNIDVLLIDDIQFIQNKVQTQEEFFYTFNELHQNNKQIVISSDRPPKEIAQLEDRLRSRFEWGLIVDITPPDYETRMAILQKKIEEEKLDIPPEALNYIANQIQSNIRELEGALTRLLAYSQLLGKPITTELTAEALKDIIQAPKSKKITIQDIQKIVGQYYNVRIEDFSAKKRTKSIAYPRQIAMYLSRELTDFSLPKIGEEFGGRDHTTVIHAHEKISKDLKEDPIFKQEVENLEKEIRNV</Hsp_midline>
    </Hsp>
  </Hit_hsps>
</Hit>
<Hit>
  <Hit_num>27</Hit_num>
  <Hit_id>ref|WP_001290432.1|</Hit_id>
  <Hit_def>chromosomal replication initiator protein DnaA [Staphylococcus aureus] &gt;gb|AQD19732.1| chromosomal replication initiator protein DnaA [Staphylococcus aureus] &gt;gb|EHQ70537.1| chromosomal replication initiator protein DnaA [Staphylococcus aureus subsp. aureus 21343] &gt;gb|MBA5997191.1| chromosomal replication initiator protein DnaA [Staphylococcus aureus] &gt;gb|MBA6070141.1| chromosomal replication initiator protein DnaA [Staphylococcus aureus] &gt;gb|MBB2547125.1| chromosomal replication initiator protein DnaA [Staphylococcus aureus]</Hit_def>
  <Hit_accession>WP_001290432</Hit_accession>
  <Hit_len>453</Hit_len>
  <Hit_hsps>
    <Hsp>
      <Hsp_num>1</Hsp_num>
      <Hsp_bit-score>926.776</Hsp_bit-score>
      <Hsp_score>2394</Hsp_score>
      <Hsp_evalue>0</Hsp_evalue>
      <Hsp_query-from>1</Hsp_query-from>
      <Hsp_query-to>453</Hsp_query-to>
      <Hsp_hit-from>1</Hsp_hit-from>
      <Hsp_hit-to>453</Hsp_hit-to>
      <Hsp_query-frame>0</Hsp_query-frame>
      <Hsp_hit-frame>0</Hsp_hit-frame>
      <Hsp_identity>452</Hsp_identity>
      <Hsp_positive>453</Hsp_positive>
      <Hsp_gaps>0</Hsp_gaps>
      <Hsp_align-len>453</Hsp_align-len>
      <Hsp_qseq>MSEKEIWEKVLEIAQEKLSAVSYSTFLKDTELYTIKDGEAIVLSSIPFNANWLNQQYAEIIQAILFDVVGYEVKPHFITTEELANYSNNETATPKETTKPSTETTEDNHVLGREQFNAHNTFDTFVIGPGNRFPHAASLAVAEAPAKAYNPLFIYGGVGLGKTHLMHAIGHHVLDNNPDAKVIYTSSEKFTNEFIKSIRDNEGEAFRERYRNIDVLLIDDIQFIQNKVQTQEEFFYTFNELHQNNKQIVISSDRPPKEIAQLEDRLRSRFEWGLIVDITPPDYETRMAILQKKIEEEKLDIPPEALNYIANQIQSNIRELEGALTRLLAYSQLLGKPITTELTAEALKDIIQAPKSKKITIQDIQKIVGQYYNVRIEDFSAKKRTKSIAYPRQIAMYLSRELTDFSLPKIGEEFGGRDHTTVIHAHEKISKDLKEDPIFKQEVENLEKEIRNV</Hsp_qseq>
      <Hsp_hseq>MSEKEIWEKVLEIAQEKLSAVSYSTFLKDTELYTIKDGEAIVLSSIPFNANWLNQQYAEIIQAILFDVVGYEVKPHFITTEELANYSNNETATPKETTKPSTETTEDNHVLGREQFNAHNTFDTFVIGPGNRFPHAASLAVAEAPAKAYNPLFIYGGVGLGKTHLMHAIGHHVLDNNPDAKVIYTSSEKFTNEFIKSIRDNEGEAFRERYRNIDVLLIDDIQFIQNKVQTQEEFFYTFNELHQNNKQIVISSDRPPKEIAQLEDRLRSRFEWGLIVDITPPDYETRMAILQKKIEEEKLDIPPEALNYIANQIQSNIRELEGALTRLLAYSQLLGKPITTELTAEALKDIIQAPKSKKITIQDIQKIVGQYYNVRIEDFSAKKRTKSIAYPRQIAMYLSRELTDFSLPKIGEEFGGRDHTTVIHAHEKISKDLKEDPIFKQEVENLEKEIRNL</Hsp_hseq>
      <Hsp_midline>MSEKEIWEKVLEIAQEKLSAVSYSTFLKDTELYTIKDGEAIVLSSIPFNANWLNQQYAEIIQAILFDVVGYEVKPHFITTEELANYSNNETATPKETTKPSTETTEDNHVLGREQFNAHNTFDTFVIGPGNRFPHAASLAVAEAPAKAYNPLFIYGGVGLGKTHLMHAIGHHVLDNNPDAKVIYTSSEKFTNEFIKSIRDNEGEAFRERYRNIDVLLIDDIQFIQNKVQTQEEFFYTFNELHQNNKQIVISSDRPPKEIAQLEDRLRSRFEWGLIVDITPPDYETRMAILQKKIEEEKLDIPPEALNYIANQIQSNIRELEGALTRLLAYSQLLGKPITTELTAEALKDIIQAPKSKKITIQDIQKIVGQYYNVRIEDFSAKKRTKSIAYPRQIAMYLSRELTDFSLPKIGEEFGGRDHTTVIHAHEKISKDLKEDPIFKQEVENLEKEIRN+</Hsp_midline>
    </Hsp>
  </Hit_hsps>
</Hit>
<Hit>
  <Hit_num>28</Hit_num>
  <Hit_id>tpg|HAR5422261.1|</Hit_id>
  <Hit_def>chromosomal replication initiator protein DnaA [Staphylococcus aureus]</Hit_def>
  <Hit_accession>HAR5422261</Hit_accession>
  <Hit_len>453</Hit_len>
  <Hit_hsps>
    <Hsp>
      <Hsp_num>1</Hsp_num>
      <Hsp_bit-score>926.776</Hsp_bit-score>
      <Hsp_score>2394</Hsp_score>
      <Hsp_evalue>0</Hsp_evalue>
      <Hsp_query-from>1</Hsp_query-from>
      <Hsp_query-to>453</Hsp_query-to>
      <Hsp_hit-from>1</Hsp_hit-from>
      <Hsp_hit-to>453</Hsp_hit-to>
      <Hsp_query-frame>0</Hsp_query-frame>
      <Hsp_hit-frame>0</Hsp_hit-frame>
      <Hsp_identity>452</Hsp_identity>
      <Hsp_positive>453</Hsp_positive>
      <Hsp_gaps>0</Hsp_gaps>
      <Hsp_align-len>453</Hsp_align-len>
      <Hsp_qseq>MSEKEIWEKVLEIAQEKLSAVSYSTFLKDTELYTIKDGEAIVLSSIPFNANWLNQQYAEIIQAILFDVVGYEVKPHFITTEELANYSNNETATPKETTKPSTETTEDNHVLGREQFNAHNTFDTFVIGPGNRFPHAASLAVAEAPAKAYNPLFIYGGVGLGKTHLMHAIGHHVLDNNPDAKVIYTSSEKFTNEFIKSIRDNEGEAFRERYRNIDVLLIDDIQFIQNKVQTQEEFFYTFNELHQNNKQIVISSDRPPKEIAQLEDRLRSRFEWGLIVDITPPDYETRMAILQKKIEEEKLDIPPEALNYIANQIQSNIRELEGALTRLLAYSQLLGKPITTELTAEALKDIIQAPKSKKITIQDIQKIVGQYYNVRIEDFSAKKRTKSIAYPRQIAMYLSRELTDFSLPKIGEEFGGRDHTTVIHAHEKISKDLKEDPIFKQEVENLEKEIRNV</Hsp_qseq>
      <Hsp_hseq>MSEKEIWEKVLEIAQEKLSAVSYSTFLKDTELYTIKDGEAIVLSSIPFNANWLNQQYAEIIQAILFDVVGYEVKPHFITTEELANYSNNETATPKETTKPSTETTEDNHVLGREQFNAHNTFDTFVIGPGNRFPHAASLAVAEAPAKAYNPLFIYGGVGLGKTHLMHAIGHHLLDNNPDAKVIYTSSEKFTNEFIKSIRDNEGEAFRERYRNIDVLLIDDIQFIQNKVQTQEEFFYTFNELHQNNKQIVISSDRPPKEIAQLEDRLRSRFEWGLIVDITPPDYETRMAILQKKIEEEKLDIPPEALNYIANQIQSNIRELEGALTRLLAYSQLLGKPITTELTAEALKDIIQAPKSKKITIQDIQKIVGQYYNVRIEDFSAKKRTKSIAYPRQIAMYLSRELTDFSLPKIGEEFGGRDHTTVIHAHEKISKDLKEDPIFKQEVENLEKEIRNV</Hsp_hseq>
      <Hsp_midline>MSEKEIWEKVLEIAQEKLSAVSYSTFLKDTELYTIKDGEAIVLSSIPFNANWLNQQYAEIIQAILFDVVGYEVKPHFITTEELANYSNNETATPKETTKPSTETTEDNHVLGREQFNAHNTFDTFVIGPGNRFPHAASLAVAEAPAKAYNPLFIYGGVGLGKTHLMHAIGHH+LDNNPDAKVIYTSSEKFTNEFIKSIRDNEGEAFRERYRNIDVLLIDDIQFIQNKVQTQEEFFYTFNELHQNNKQIVISSDRPPKEIAQLEDRLRSRFEWGLIVDITPPDYETRMAILQKKIEEEKLDIPPEALNYIANQIQSNIRELEGALTRLLAYSQLLGKPITTELTAEALKDIIQAPKSKKITIQDIQKIVGQYYNVRIEDFSAKKRTKSIAYPRQIAMYLSRELTDFSLPKIGEEFGGRDHTTVIHAHEKISKDLKEDPIFKQEVENLEKEIRNV</Hsp_midline>
    </Hsp>
  </Hit_hsps>
</Hit>
<Hit>
  <Hit_num>29</Hit_num>
  <Hit_id>ref|WP_064277683.1|</Hit_id>
  <Hit_def>chromosomal replication initiator protein DnaA [Staphylococcus aureus] &gt;emb|SAZ73615.1| Chromosomal replication initiator protein DnaA [Staphylococcus aureus]</Hit_def>
  <Hit_accession>WP_064277683</Hit_accession>
  <Hit_len>453</Hit_len>
  <Hit_hsps>
    <Hsp>
      <Hsp_num>1</Hsp_num>
      <Hsp_bit-score>926.776</Hsp_bit-score>
      <Hsp_score>2394</Hsp_score>
      <Hsp_evalue>0</Hsp_evalue>
      <Hsp_query-from>1</Hsp_query-from>
      <Hsp_query-to>453</Hsp_query-to>
      <Hsp_hit-from>1</Hsp_hit-from>
      <Hsp_hit-to>453</Hsp_hit-to>
      <Hsp_query-frame>0</Hsp_query-frame>
      <Hsp_hit-frame>0</Hsp_hit-frame>
      <Hsp_identity>452</Hsp_identity>
      <Hsp_positive>453</Hsp_positive>
      <Hsp_gaps>0</Hsp_gaps>
      <Hsp_align-len>453</Hsp_align-len>
      <Hsp_qseq>MSEKEIWEKVLEIAQEKLSAVSYSTFLKDTELYTIKDGEAIVLSSIPFNANWLNQQYAEIIQAILFDVVGYEVKPHFITTEELANYSNNETATPKETTKPSTETTEDNHVLGREQFNAHNTFDTFVIGPGNRFPHAASLAVAEAPAKAYNPLFIYGGVGLGKTHLMHAIGHHVLDNNPDAKVIYTSSEKFTNEFIKSIRDNEGEAFRERYRNIDVLLIDDIQFIQNKVQTQEEFFYTFNELHQNNKQIVISSDRPPKEIAQLEDRLRSRFEWGLIVDITPPDYETRMAILQKKIEEEKLDIPPEALNYIANQIQSNIRELEGALTRLLAYSQLLGKPITTELTAEALKDIIQAPKSKKITIQDIQKIVGQYYNVRIEDFSAKKRTKSIAYPRQIAMYLSRELTDFSLPKIGEEFGGRDHTTVIHAHEKISKDLKEDPIFKQEVENLEKEIRNV</Hsp_qseq>
      <Hsp_hseq>MSEKEIWEKVLEIAQEKLSAVSYSTFLKDTELYTIKDGEAIVLSSIPFNANWLNQQYAEIIQAILFDVVGYEVKPHFITTEELANYNNNETATPKETTKPSTETTEDNHVLGREQFNAHNTFDTFVIGPGNRFPHAASLAVAEAPAKAYNPLFIYGGVGLGKTHLMHAIGHHVLDNNPDAKVIYTSSEKFTNEFIKSIRDNEGEAFRERYRNIDVLLIDDIQFIQNKVQTQEEFFYTFNELHQNNKQIVISSDRPPKEIAQLEDRLRSRFEWGLIVDITPPDYETRMAILQKKIEEEKLDIPPEALNYIANQIQSNIRELEGALTRLLAYSQLLGKPITTELTAEALKDIIQAPKSKKITIQDIQKIVGQYYNVRIEDFSAKKRTKSIAYPRQIAMYLSRELTDFSLPKIGEEFGGRDHTTVIHAHEKISKDLKEDPIFKQEVENLEKEIRNV</Hsp_hseq>
      <Hsp_midline>MSEKEIWEKVLEIAQEKLSAVSYSTFLKDTELYTIKDGEAIVLSSIPFNANWLNQQYAEIIQAILFDVVGYEVKPHFITTEELANY+NNETATPKETTKPSTETTEDNHVLGREQFNAHNTFDTFVIGPGNRFPHAASLAVAEAPAKAYNPLFIYGGVGLGKTHLMHAIGHHVLDNNPDAKVIYTSSEKFTNEFIKSIRDNEGEAFRERYRNIDVLLIDDIQFIQNKVQTQEEFFYTFNELHQNNKQIVISSDRPPKEIAQLEDRLRSRFEWGLIVDITPPDYETRMAILQKKIEEEKLDIPPEALNYIANQIQSNIRELEGALTRLLAYSQLLGKPITTELTAEALKDIIQAPKSKKITIQDIQKIVGQYYNVRIEDFSAKKRTKSIAYPRQIAMYLSRELTDFSLPKIGEEFGGRDHTTVIHAHEKISKDLKEDPIFKQEVENLEKEIRNV</Hsp_midline>
    </Hsp>
  </Hit_hsps>
</Hit>
<Hit>
  <Hit_num>30</Hit_num>
  <Hit_id>gb|NGF79763.1|</Hit_id>
  <Hit_def>chromosomal replication initiator protein DnaA [Staphylococcus aureus]</Hit_def>
  <Hit_accession>NGF79763</Hit_accession>
  <Hit_len>453</Hit_len>
  <Hit_hsps>
    <Hsp>
      <Hsp_num>1</Hsp_num>
      <Hsp_bit-score>926.776</Hsp_bit-score>
      <Hsp_score>2394</Hsp_score>
      <Hsp_evalue>0</Hsp_evalue>
      <Hsp_query-from>1</Hsp_query-from>
      <Hsp_query-to>453</Hsp_query-to>
      <Hsp_hit-from>1</Hsp_hit-from>
      <Hsp_hit-to>453</Hsp_hit-to>
      <Hsp_query-frame>0</Hsp_query-frame>
      <Hsp_hit-frame>0</Hsp_hit-frame>
      <Hsp_identity>452</Hsp_identity>
      <Hsp_positive>453</Hsp_positive>
      <Hsp_gaps>0</Hsp_gaps>
      <Hsp_align-len>453</Hsp_align-len>
      <Hsp_qseq>MSEKEIWEKVLEIAQEKLSAVSYSTFLKDTELYTIKDGEAIVLSSIPFNANWLNQQYAEIIQAILFDVVGYEVKPHFITTEELANYSNNETATPKETTKPSTETTEDNHVLGREQFNAHNTFDTFVIGPGNRFPHAASLAVAEAPAKAYNPLFIYGGVGLGKTHLMHAIGHHVLDNNPDAKVIYTSSEKFTNEFIKSIRDNEGEAFRERYRNIDVLLIDDIQFIQNKVQTQEEFFYTFNELHQNNKQIVISSDRPPKEIAQLEDRLRSRFEWGLIVDITPPDYETRMAILQKKIEEEKLDIPPEALNYIANQIQSNIRELEGALTRLLAYSQLLGKPITTELTAEALKDIIQAPKSKKITIQDIQKIVGQYYNVRIEDFSAKKRTKSIAYPRQIAMYLSRELTDFSLPKIGEEFGGRDHTTVIHAHEKISKDLKEDPIFKQEVENLEKEIRNV</Hsp_qseq>
      <Hsp_hseq>MSEKEIWEKVLEIAQEKLSAVSYSTFLKDTELYTIKDGEAIVLSSIPFNANWLNQQYAEIIQAILFDVVGYEVKPHFITTEELANYSNNETATPKETTKPSTETTEDNHVLGREQFNAHSTFDTFVIGPGNRFPHAASLAVAEAPAKAYNPLFIYGGVGLGKTHLMHAIGHHVLDNNPDAKVIYTSSEKFTNEFIKSIRDNEGEAFRERYRNIDVLLIDDIQFIQNKVQTQEEFFYTFNELHQNNKQIVISSDRPPKEIAQLEDRLRSRFEWGLIVDITPPDYETRMAILQKKIEEEKLDIPPEALNYIANQIQSNIRELEGALTRLLAYSQLLGKPITTELTAEALKDIIQAPKSKKITIQDIQKIVGQYYNVRIEDFSAKKRTKSIAYPRQIAMYLSRELTDFSLPKIGEEFGGRDHTTVIHAHEKISKDLKEDPIFKQEVENLEKEIRNV</Hsp_hseq>
      <Hsp_midline>MSEKEIWEKVLEIAQEKLSAVSYSTFLKDTELYTIKDGEAIVLSSIPFNANWLNQQYAEIIQAILFDVVGYEVKPHFITTEELANYSNNETATPKETTKPSTETTEDNHVLGREQFNAH+TFDTFVIGPGNRFPHAASLAVAEAPAKAYNPLFIYGGVGLGKTHLMHAIGHHVLDNNPDAKVIYTSSEKFTNEFIKSIRDNEGEAFRERYRNIDVLLIDDIQFIQNKVQTQEEFFYTFNELHQNNKQIVISSDRPPKEIAQLEDRLRSRFEWGLIVDITPPDYETRMAILQKKIEEEKLDIPPEALNYIANQIQSNIRELEGALTRLLAYSQLLGKPITTELTAEALKDIIQAPKSKKITIQDIQKIVGQYYNVRIEDFSAKKRTKSIAYPRQIAMYLSRELTDFSLPKIGEEFGGRDHTTVIHAHEKISKDLKEDPIFKQEVENLEKEIRNV</Hsp_midline>
    </Hsp>
  </Hit_hsps>
</Hit>
<Hit>
  <Hit_num>31</Hit_num>
  <Hit_id>gb|EGQ1342390.1|</Hit_id>
  <Hit_def>chromosomal replication initiator protein DnaA [Staphylococcus aureus]</Hit_def>
  <Hit_accession>EGQ1342390</Hit_accession>
  <Hit_len>453</Hit_len>
  <Hit_hsps>
    <Hsp>
      <Hsp_num>1</Hsp_num>
      <Hsp_bit-score>926.776</Hsp_bit-score>
      <Hsp_score>2394</Hsp_score>
      <Hsp_evalue>0</Hsp_evalue>
      <Hsp_query-from>1</Hsp_query-from>
      <Hsp_query-to>453</Hsp_query-to>
      <Hsp_hit-from>1</Hsp_hit-from>
      <Hsp_hit-to>453</Hsp_hit-to>
      <Hsp_query-frame>0</Hsp_query-frame>
      <Hsp_hit-frame>0</Hsp_hit-frame>
      <Hsp_identity>452</Hsp_identity>
      <Hsp_positive>452</Hsp_positive>
      <Hsp_gaps>0</Hsp_gaps>
      <Hsp_align-len>453</Hsp_align-len>
      <Hsp_qseq>MSEKEIWEKVLEIAQEKLSAVSYSTFLKDTELYTIKDGEAIVLSSIPFNANWLNQQYAEIIQAILFDVVGYEVKPHFITTEELANYSNNETATPKETTKPSTETTEDNHVLGREQFNAHNTFDTFVIGPGNRFPHAASLAVAEAPAKAYNPLFIYGGVGLGKTHLMHAIGHHVLDNNPDAKVIYTSSEKFTNEFIKSIRDNEGEAFRERYRNIDVLLIDDIQFIQNKVQTQEEFFYTFNELHQNNKQIVISSDRPPKEIAQLEDRLRSRFEWGLIVDITPPDYETRMAILQKKIEEEKLDIPPEALNYIANQIQSNIRELEGALTRLLAYSQLLGKPITTELTAEALKDIIQAPKSKKITIQDIQKIVGQYYNVRIEDFSAKKRTKSIAYPRQIAMYLSRELTDFSLPKIGEEFGGRDHTTVIHAHEKISKDLKEDPIFKQEVENLEKEIRNV</Hsp_qseq>
      <Hsp_hseq>MSEKEIWEKVLEIAQEKLSAVSYSTFLKDTELYTIKDGEAIVLSSIPFNANWLNQQYAEIIQAILFDFVGYEVKPHFITTEELANYSNNETATPKETTKPSTETTEDNHVLGREQFNAHNTFDTFVIGPGNRFPHAASLAVAEAPAKAYNPLFIYGGVGLGKTHLMHAIGHHVLDNNPDAKVIYTSSEKFTNEFIKSIRDNEGEAFRERYRNIDVLLIDDIQFIQNKVQTQEEFFYTFNELHQNNKQIVISSDRPPKEIAQLEDRLRSRFEWGLIVDITPPDYETRMAILQKKIEEEKLDIPPEALNYIANQIQSNIRELEGALTRLLAYSQLLGKPITTELTAEALKDIIQAPKSKKITIQDIQKIVGQYYNVRIEDFSAKKRTKSIAYPRQIAMYLSRELTDFSLPKIGEEFGGRDHTTVIHAHEKISKDLKEDPIFKQEVENLEKEIRNV</Hsp_hseq>
      <Hsp_midline>MSEKEIWEKVLEIAQEKLSAVSYSTFLKDTELYTIKDGEAIVLSSIPFNANWLNQQYAEIIQAILFD VGYEVKPHFITTEELANYSNNETATPKETTKPSTETTEDNHVLGREQFNAHNTFDTFVIGPGNRFPHAASLAVAEAPAKAYNPLFIYGGVGLGKTHLMHAIGHHVLDNNPDAKVIYTSSEKFTNEFIKSIRDNEGEAFRERYRNIDVLLIDDIQFIQNKVQTQEEFFYTFNELHQNNKQIVISSDRPPKEIAQLEDRLRSRFEWGLIVDITPPDYETRMAILQKKIEEEKLDIPPEALNYIANQIQSNIRELEGALTRLLAYSQLLGKPITTELTAEALKDIIQAPKSKKITIQDIQKIVGQYYNVRIEDFSAKKRTKSIAYPRQIAMYLSRELTDFSLPKIGEEFGGRDHTTVIHAHEKISKDLKEDPIFKQEVENLEKEIRNV</Hsp_midline>
    </Hsp>
  </Hit_hsps>
</Hit>
<Hit>
  <Hit_num>32</Hit_num>
  <Hit_id>ref|WP_061733889.1|</Hit_id>
  <Hit_def>chromosomal replication initiator protein DnaA [Staphylococcus aureus] &gt;emb|CXO56173.1| Chromosomal replication initiator protein DnaA [Staphylococcus aureus]</Hit_def>
  <Hit_accession>WP_061733889</Hit_accession>
  <Hit_len>453</Hit_len>
  <Hit_hsps>
    <Hsp>
      <Hsp_num>1</Hsp_num>
      <Hsp_bit-score>926.776</Hsp_bit-score>
      <Hsp_score>2394</Hsp_score>
      <Hsp_evalue>0</Hsp_evalue>
      <Hsp_query-from>1</Hsp_query-from>
      <Hsp_query-to>453</Hsp_query-to>
      <Hsp_hit-from>1</Hsp_hit-from>
      <Hsp_hit-to>453</Hsp_hit-to>
      <Hsp_query-frame>0</Hsp_query-frame>
      <Hsp_hit-frame>0</Hsp_hit-frame>
      <Hsp_identity>452</Hsp_identity>
      <Hsp_positive>453</Hsp_positive>
      <Hsp_gaps>0</Hsp_gaps>
      <Hsp_align-len>453</Hsp_align-len>
      <Hsp_qseq>MSEKEIWEKVLEIAQEKLSAVSYSTFLKDTELYTIKDGEAIVLSSIPFNANWLNQQYAEIIQAILFDVVGYEVKPHFITTEELANYSNNETATPKETTKPSTETTEDNHVLGREQFNAHNTFDTFVIGPGNRFPHAASLAVAEAPAKAYNPLFIYGGVGLGKTHLMHAIGHHVLDNNPDAKVIYTSSEKFTNEFIKSIRDNEGEAFRERYRNIDVLLIDDIQFIQNKVQTQEEFFYTFNELHQNNKQIVISSDRPPKEIAQLEDRLRSRFEWGLIVDITPPDYETRMAILQKKIEEEKLDIPPEALNYIANQIQSNIRELEGALTRLLAYSQLLGKPITTELTAEALKDIIQAPKSKKITIQDIQKIVGQYYNVRIEDFSAKKRTKSIAYPRQIAMYLSRELTDFSLPKIGEEFGGRDHTTVIHAHEKISKDLKEDPIFKQEVENLEKEIRNV</Hsp_qseq>
      <Hsp_hseq>MSEKEIWEKVLEIAQEKLSAVSYSTFLKDTELYTIKDGEAIVLSSIPFNANWLNQQYAEIIQAILFDVVGYEVKPHFITTEELANYSNNETATPKETTKPSTETTEDNHVLGREQFNAHNTFDTFVIGPGNRFPHAASLALAEAPAKAYNPLFIYGGVGLGKTHLMHAIGHHVLDNNPDAKVIYTSSEKFTNEFIKSIRDNEGEAFRERYRNIDVLLIDDIQFIQNKVQTQEEFFYTFNELHQNNKQIVISSDRPPKEIAQLEDRLRSRFEWGLIVDITPPDYETRMAILQKKIEEEKLDIPPEALNYIANQIQSNIRELEGALTRLLAYSQLLGKPITTELTAEALKDIIQAPKSKKITIQDIQKIVGQYYNVRIEDFSAKKRTKSIAYPRQIAMYLSRELTDFSLPKIGEEFGGRDHTTVIHAHEKISKDLKEDPIFKQEVENLEKEIRNV</Hsp_hseq>
      <Hsp_midline>MSEKEIWEKVLEIAQEKLSAVSYSTFLKDTELYTIKDGEAIVLSSIPFNANWLNQQYAEIIQAILFDVVGYEVKPHFITTEELANYSNNETATPKETTKPSTETTEDNHVLGREQFNAHNTFDTFVIGPGNRFPHAASLA+AEAPAKAYNPLFIYGGVGLGKTHLMHAIGHHVLDNNPDAKVIYTSSEKFTNEFIKSIRDNEGEAFRERYRNIDVLLIDDIQFIQNKVQTQEEFFYTFNELHQNNKQIVISSDRPPKEIAQLEDRLRSRFEWGLIVDITPPDYETRMAILQKKIEEEKLDIPPEALNYIANQIQSNIRELEGALTRLLAYSQLLGKPITTELTAEALKDIIQAPKSKKITIQDIQKIVGQYYNVRIEDFSAKKRTKSIAYPRQIAMYLSRELTDFSLPKIGEEFGGRDHTTVIHAHEKISKDLKEDPIFKQEVENLEKEIRNV</Hsp_midline>
    </Hsp>
  </Hit_hsps>
</Hit>
<Hit>
  <Hit_num>33</Hit_num>
  <Hit_id>ref|WP_190337990.1|</Hit_id>
  <Hit_def>chromosomal replication initiator protein DnaA [Staphylococcus aureus] &gt;gb|MBD1798818.1| chromosomal replication initiator protein DnaA [Staphylococcus aureus] &gt;emb|CAC8252841.1| Chromosomal replication initiator protein DnaA [Staphylococcus aureus]</Hit_def>
  <Hit_accession>WP_190337990</Hit_accession>
  <Hit_len>453</Hit_len>
  <Hit_hsps>
    <Hsp>
      <Hsp_num>1</Hsp_num>
      <Hsp_bit-score>926.391</Hsp_bit-score>
      <Hsp_score>2393</Hsp_score>
      <Hsp_evalue>0</Hsp_evalue>
      <Hsp_query-from>1</Hsp_query-from>
      <Hsp_query-to>453</Hsp_query-to>
      <Hsp_hit-from>1</Hsp_hit-from>
      <Hsp_hit-to>453</Hsp_hit-to>
      <Hsp_query-frame>0</Hsp_query-frame>
      <Hsp_hit-frame>0</Hsp_hit-frame>
      <Hsp_identity>452</Hsp_identity>
      <Hsp_positive>453</Hsp_positive>
      <Hsp_gaps>0</Hsp_gaps>
      <Hsp_align-len>453</Hsp_align-len>
      <Hsp_qseq>MSEKEIWEKVLEIAQEKLSAVSYSTFLKDTELYTIKDGEAIVLSSIPFNANWLNQQYAEIIQAILFDVVGYEVKPHFITTEELANYSNNETATPKETTKPSTETTEDNHVLGREQFNAHNTFDTFVIGPGNRFPHAASLAVAEAPAKAYNPLFIYGGVGLGKTHLMHAIGHHVLDNNPDAKVIYTSSEKFTNEFIKSIRDNEGEAFRERYRNIDVLLIDDIQFIQNKVQTQEEFFYTFNELHQNNKQIVISSDRPPKEIAQLEDRLRSRFEWGLIVDITPPDYETRMAILQKKIEEEKLDIPPEALNYIANQIQSNIRELEGALTRLLAYSQLLGKPITTELTAEALKDIIQAPKSKKITIQDIQKIVGQYYNVRIEDFSAKKRTKSIAYPRQIAMYLSRELTDFSLPKIGEEFGGRDHTTVIHAHEKISKDLKEDPIFKQEVENLEKEIRNV</Hsp_qseq>
      <Hsp_hseq>MSKKEIWEKVLEIAQEKLSAVSYSTFLKDTELYTIKDGEAIVLSSIPFNANWLNQQYAEIIQAILFDVVGYEVKPHFITTEELANYSNNETATPKETTKPSTETTEDNHVLGREQFNAHNTFDTFVIGPGNRFPHAASLAVAEAPAKAYNPLFIYGGVGLGKTHLMHAIGHHVLDNNPDAKVIYTSSEKFTNEFIKSIRDNEGEAFRERYRNIDVLLIDDIQFIQNKVQTQEEFFYTFNELHQNNKQIVISSDRPPKEIAQLEDRLRSRFEWGLIVDITPPDYETRMAILQKKIEEEKLDIPPEALNYIANQIQSNIRELEGALTRLLAYSQLLGKPITTELTAEALKDIIQAPKSKKITIQDIQKIVGQYYNVRIEDFSAKKRTKSIAYPRQIAMYLSRELTDFSLPKIGEEFGGRDHTTVIHAHEKISKDLKEDPIFKQEVENLEKEIRNV</Hsp_hseq>
      <Hsp_midline>MS+KEIWEKVLEIAQEKLSAVSYSTFLKDTELYTIKDGEAIVLSSIPFNANWLNQQYAEIIQAILFDVVGYEVKPHFITTEELANYSNNETATPKETTKPSTETTEDNHVLGREQFNAHNTFDTFVIGPGNRFPHAASLAVAEAPAKAYNPLFIYGGVGLGKTHLMHAIGHHVLDNNPDAKVIYTSSEKFTNEFIKSIRDNEGEAFRERYRNIDVLLIDDIQFIQNKVQTQEEFFYTFNELHQNNKQIVISSDRPPKEIAQLEDRLRSRFEWGLIVDITPPDYETRMAILQKKIEEEKLDIPPEALNYIANQIQSNIRELEGALTRLLAYSQLLGKPITTELTAEALKDIIQAPKSKKITIQDIQKIVGQYYNVRIEDFSAKKRTKSIAYPRQIAMYLSRELTDFSLPKIGEEFGGRDHTTVIHAHEKISKDLKEDPIFKQEVENLEKEIRNV</Hsp_midline>
    </Hsp>
  </Hit_hsps>
</Hit>
<Hit>
  <Hit_num>34</Hit_num>
  <Hit_id>ref|WP_076742622.1|</Hit_id>
  <Hit_def>chromosomal replication initiator protein DnaA [Staphylococcus aureus] &gt;gb|ONH10865.1| chromosomal replication initiation protein DnaA [Staphylococcus aureus]</Hit_def>
  <Hit_accession>WP_076742622</Hit_accession>
  <Hit_len>453</Hit_len>
  <Hit_hsps>
    <Hsp>
      <Hsp_num>1</Hsp_num>
      <Hsp_bit-score>926.391</Hsp_bit-score>
      <Hsp_score>2393</Hsp_score>
      <Hsp_evalue>0</Hsp_evalue>
      <Hsp_query-from>1</Hsp_query-from>
      <Hsp_query-to>453</Hsp_query-to>
      <Hsp_hit-from>1</Hsp_hit-from>
      <Hsp_hit-to>453</Hsp_hit-to>
      <Hsp_query-frame>0</Hsp_query-frame>
      <Hsp_hit-frame>0</Hsp_hit-frame>
      <Hsp_identity>452</Hsp_identity>
      <Hsp_positive>453</Hsp_positive>
      <Hsp_gaps>0</Hsp_gaps>
      <Hsp_align-len>453</Hsp_align-len>
      <Hsp_qseq>MSEKEIWEKVLEIAQEKLSAVSYSTFLKDTELYTIKDGEAIVLSSIPFNANWLNQQYAEIIQAILFDVVGYEVKPHFITTEELANYSNNETATPKETTKPSTETTEDNHVLGREQFNAHNTFDTFVIGPGNRFPHAASLAVAEAPAKAYNPLFIYGGVGLGKTHLMHAIGHHVLDNNPDAKVIYTSSEKFTNEFIKSIRDNEGEAFRERYRNIDVLLIDDIQFIQNKVQTQEEFFYTFNELHQNNKQIVISSDRPPKEIAQLEDRLRSRFEWGLIVDITPPDYETRMAILQKKIEEEKLDIPPEALNYIANQIQSNIRELEGALTRLLAYSQLLGKPITTELTAEALKDIIQAPKSKKITIQDIQKIVGQYYNVRIEDFSAKKRTKSIAYPRQIAMYLSRELTDFSLPKIGEEFGGRDHTTVIHAHEKISKDLKEDPIFKQEVENLEKEIRNV</Hsp_qseq>
      <Hsp_hseq>MSEKEIWEKVLEIAQEKLSAVSYSTFLKDTELYTIKDGEAIVLSSIPFNANWLNQQYAEIIRAILFDVVGYEVKPHFITTEELANYSNNETATPKETTKPSTETTEDNHVLGREQFNAHNTFDTFVIGPGNRFPHAASLAVAEAPAKAYNPLFIYGGVGLGKTHLMHAIGHHVLDNNPDAKVIYTSSEKFTNEFIKSIRDNEGEAFRERYRNIDVLLIDDIQFIQNKVQTQEEFFYTFNELHQNNKQIVISSDRPPKEIAQLEDRLRSRFEWGLIVDITPPDYETRMAILQKKIEEEKLDIPPEALNYIANQIQSNIRELEGALTRLLAYSQLLGKPITTELTAEALKDIIQAPKSKKITIQDIQKIVGQYYNVRIEDFSAKKRTKSIAYPRQIAMYLSRELTDFSLPKIGEEFGGRDHTTVIHAHEKISKDLKEDPIFKQEVENLEKEIRNV</Hsp_hseq>
      <Hsp_midline>MSEKEIWEKVLEIAQEKLSAVSYSTFLKDTELYTIKDGEAIVLSSIPFNANWLNQQYAEII+AILFDVVGYEVKPHFITTEELANYSNNETATPKETTKPSTETTEDNHVLGREQFNAHNTFDTFVIGPGNRFPHAASLAVAEAPAKAYNPLFIYGGVGLGKTHLMHAIGHHVLDNNPDAKVIYTSSEKFTNEFIKSIRDNEGEAFRERYRNIDVLLIDDIQFIQNKVQTQEEFFYTFNELHQNNKQIVISSDRPPKEIAQLEDRLRSRFEWGLIVDITPPDYETRMAILQKKIEEEKLDIPPEALNYIANQIQSNIRELEGALTRLLAYSQLLGKPITTELTAEALKDIIQAPKSKKITIQDIQKIVGQYYNVRIEDFSAKKRTKSIAYPRQIAMYLSRELTDFSLPKIGEEFGGRDHTTVIHAHEKISKDLKEDPIFKQEVENLEKEIRNV</Hsp_midline>
    </Hsp>
  </Hit_hsps>
</Hit>
<Hit>
  <Hit_num>35</Hit_num>
  <Hit_id>ref|WP_094971556.1|</Hit_id>
  <Hit_def>chromosomal replication initiator protein DnaA [Staphylococcus aureus] &gt;gb|OZX09745.1| chromosomal replication initiation protein [Staphylococcus aureus]</Hit_def>
  <Hit_accession>WP_094971556</Hit_accession>
  <Hit_len>453</Hit_len>
  <Hit_hsps>
    <Hsp>
      <Hsp_num>1</Hsp_num>
      <Hsp_bit-score>926.391</Hsp_bit-score>
      <Hsp_score>2393</Hsp_score>
      <Hsp_evalue>0</Hsp_evalue>
      <Hsp_query-from>1</Hsp_query-from>
      <Hsp_query-to>453</Hsp_query-to>
      <Hsp_hit-from>1</Hsp_hit-from>
      <Hsp_hit-to>453</Hsp_hit-to>
      <Hsp_query-frame>0</Hsp_query-frame>
      <Hsp_hit-frame>0</Hsp_hit-frame>
      <Hsp_identity>452</Hsp_identity>
      <Hsp_positive>452</Hsp_positive>
      <Hsp_gaps>0</Hsp_gaps>
      <Hsp_align-len>453</Hsp_align-len>
      <Hsp_qseq>MSEKEIWEKVLEIAQEKLSAVSYSTFLKDTELYTIKDGEAIVLSSIPFNANWLNQQYAEIIQAILFDVVGYEVKPHFITTEELANYSNNETATPKETTKPSTETTEDNHVLGREQFNAHNTFDTFVIGPGNRFPHAASLAVAEAPAKAYNPLFIYGGVGLGKTHLMHAIGHHVLDNNPDAKVIYTSSEKFTNEFIKSIRDNEGEAFRERYRNIDVLLIDDIQFIQNKVQTQEEFFYTFNELHQNNKQIVISSDRPPKEIAQLEDRLRSRFEWGLIVDITPPDYETRMAILQKKIEEEKLDIPPEALNYIANQIQSNIRELEGALTRLLAYSQLLGKPITTELTAEALKDIIQAPKSKKITIQDIQKIVGQYYNVRIEDFSAKKRTKSIAYPRQIAMYLSRELTDFSLPKIGEEFGGRDHTTVIHAHEKISKDLKEDPIFKQEVENLEKEIRNV</Hsp_qseq>
      <Hsp_hseq>MSEKEIWEKVLEIAQEKLSAVSYSTFLKDTELYTIKDGEAIVLSSIPFNANWLNQQYAEIIQAILFDVVGYEVKPHFITTEELANYSNNETATPKETTKPSTETTEDNHVLGREQFNAHNTFDTFVIGPGNRFPHAASLAVAEAPAKAYNPLFIYGGVGLGKTHLMHAIGHHVLDNNPDAKVIYTSSEKFTNEFIKSIRDNEGEAFRERYRNIDVLLIDDIQFIQNKVQTQEEFFYTFNELHQNNKQIVISSDRPPKEIAQLEDRLRSRFEWGLIVDITPPDYETRMAILQKKIEEEKLDIPPEALNYIANQIQSNIRELEGALTRLLAYSQLLGKPITTELTAEALKDIIQTPKSKKITIQDIQKIVGQYYNVRIEDFSAKKRTKSIAYPRQIAMYLSRELTDFSLPKIGEEFGGRDHTTVIHAHEKISKDLKEDPIFKQEVENLEKEIRNV</Hsp_hseq>
      <Hsp_midline>MSEKEIWEKVLEIAQEKLSAVSYSTFLKDTELYTIKDGEAIVLSSIPFNANWLNQQYAEIIQAILFDVVGYEVKPHFITTEELANYSNNETATPKETTKPSTETTEDNHVLGREQFNAHNTFDTFVIGPGNRFPHAASLAVAEAPAKAYNPLFIYGGVGLGKTHLMHAIGHHVLDNNPDAKVIYTSSEKFTNEFIKSIRDNEGEAFRERYRNIDVLLIDDIQFIQNKVQTQEEFFYTFNELHQNNKQIVISSDRPPKEIAQLEDRLRSRFEWGLIVDITPPDYETRMAILQKKIEEEKLDIPPEALNYIANQIQSNIRELEGALTRLLAYSQLLGKPITTELTAEALKDIIQ PKSKKITIQDIQKIVGQYYNVRIEDFSAKKRTKSIAYPRQIAMYLSRELTDFSLPKIGEEFGGRDHTTVIHAHEKISKDLKEDPIFKQEVENLEKEIRNV</Hsp_midline>
    </Hsp>
  </Hit_hsps>
</Hit>
<Hit>
  <Hit_num>36</Hit_num>
  <Hit_id>emb|CAC8354534.1|</Hit_id>
  <Hit_def>Chromosomal replication initiator protein DnaA [Staphylococcus aureus]</Hit_def>
  <Hit_accession>CAC8354534</Hit_accession>
  <Hit_len>453</Hit_len>
  <Hit_hsps>
    <Hsp>
      <Hsp_num>1</Hsp_num>
      <Hsp_bit-score>926.391</Hsp_bit-score>
      <Hsp_score>2393</Hsp_score>
      <Hsp_evalue>0</Hsp_evalue>
      <Hsp_query-from>1</Hsp_query-from>
      <Hsp_query-to>453</Hsp_query-to>
      <Hsp_hit-from>1</Hsp_hit-from>
      <Hsp_hit-to>453</Hsp_hit-to>
      <Hsp_query-frame>0</Hsp_query-frame>
      <Hsp_hit-frame>0</Hsp_hit-frame>
      <Hsp_identity>452</Hsp_identity>
      <Hsp_positive>453</Hsp_positive>
      <Hsp_gaps>0</Hsp_gaps>
      <Hsp_align-len>453</Hsp_align-len>
      <Hsp_qseq>MSEKEIWEKVLEIAQEKLSAVSYSTFLKDTELYTIKDGEAIVLSSIPFNANWLNQQYAEIIQAILFDVVGYEVKPHFITTEELANYSNNETATPKETTKPSTETTEDNHVLGREQFNAHNTFDTFVIGPGNRFPHAASLAVAEAPAKAYNPLFIYGGVGLGKTHLMHAIGHHVLDNNPDAKVIYTSSEKFTNEFIKSIRDNEGEAFRERYRNIDVLLIDDIQFIQNKVQTQEEFFYTFNELHQNNKQIVISSDRPPKEIAQLEDRLRSRFEWGLIVDITPPDYETRMAILQKKIEEEKLDIPPEALNYIANQIQSNIRELEGALTRLLAYSQLLGKPITTELTAEALKDIIQAPKSKKITIQDIQKIVGQYYNVRIEDFSAKKRTKSIAYPRQIAMYLSRELTDFSLPKIGEEFGGRDHTTVIHAHEKISKDLKEDPIFKQEVENLEKEIRNV</Hsp_qseq>
      <Hsp_hseq>MSEKEIWEKVLEIAQEKLSAVSYSTFLKDTELYTIKDGEAIVLSSIPFNANWLNQQYAEIIQAILFDVVGYEVKPHFITTEELANYSNNETATPKETTKPSTETTEDNHVLGREQFNAHNTFDTFVIGPGNRFPHAASLAVAEAPAKAYNPLFIYGGVGLGKTHLMHAIGHHVLDNNPDAKVIYTSSEKFTNEFIKSIRDNEGEAFRERYRNIDVLLIDDIQFIQNKVQTQEEFFYTFNELHQNNKQIVISSDRPPKEIAQLEDRLRSRFEWGLIVDITPPDYETRMAILQKKIEEEKLDIPPEALNYIANQIQSNIRELEGALTRLLAYSQLLGKPITTELTAEALKDIIQAPKSKKITIQDIQKIVGQYYNVRIEDFSAKKRTKSIAYPRQIAMYLSRELTDFSLPKIGEEFGGRNHTTVIHAHEKISKDLKEDPIFKQEVENLEKEIRNV</Hsp_hseq>
      <Hsp_midline>MSEKEIWEKVLEIAQEKLSAVSYSTFLKDTELYTIKDGEAIVLSSIPFNANWLNQQYAEIIQAILFDVVGYEVKPHFITTEELANYSNNETATPKETTKPSTETTEDNHVLGREQFNAHNTFDTFVIGPGNRFPHAASLAVAEAPAKAYNPLFIYGGVGLGKTHLMHAIGHHVLDNNPDAKVIYTSSEKFTNEFIKSIRDNEGEAFRERYRNIDVLLIDDIQFIQNKVQTQEEFFYTFNELHQNNKQIVISSDRPPKEIAQLEDRLRSRFEWGLIVDITPPDYETRMAILQKKIEEEKLDIPPEALNYIANQIQSNIRELEGALTRLLAYSQLLGKPITTELTAEALKDIIQAPKSKKITIQDIQKIVGQYYNVRIEDFSAKKRTKSIAYPRQIAMYLSRELTDFSLPKIGEEFGGR+HTTVIHAHEKISKDLKEDPIFKQEVENLEKEIRNV</Hsp_midline>
    </Hsp>
  </Hit_hsps>
</Hit>
<Hit>
  <Hit_num>37</Hit_num>
  <Hit_id>ref|WP_001290438.1|</Hit_id>
  <Hit_def>chromosomal replication initiator protein DnaA [Staphylococcus aureus] &gt;sp|Q2YUP1.1| RecName: Full=Chromosomal replication initiator protein DnaA [Staphylococcus aureus RF122] &gt;gb|NHM47015.1| chromosomal replication initiator protein DnaA [Staphylococcus aureus] &gt;gb|NHM49987.1| chromosomal replication initiator protein DnaA [Staphylococcus aureus] &gt;gb|NHM54734.1| chromosomal replication initiator protein DnaA [Staphylococcus aureus] &gt;gb|NHM57481.1| chromosomal replication initiator protein DnaA [Staphylococcus aureus] &gt;gb|NHM62258.1| chromosomal replication initiator protein DnaA [Staphylococcus aureus]</Hit_def>
  <Hit_accession>WP_001290438</Hit_accession>
  <Hit_len>453</Hit_len>
  <Hit_hsps>
    <Hsp>
      <Hsp_num>1</Hsp_num>
      <Hsp_bit-score>926.391</Hsp_bit-score>
      <Hsp_score>2393</Hsp_score>
      <Hsp_evalue>0</Hsp_evalue>
      <Hsp_query-from>1</Hsp_query-from>
      <Hsp_query-to>453</Hsp_query-to>
      <Hsp_hit-from>1</Hsp_hit-from>
      <Hsp_hit-to>453</Hsp_hit-to>
      <Hsp_query-frame>0</Hsp_query-frame>
      <Hsp_hit-frame>0</Hsp_hit-frame>
      <Hsp_identity>452</Hsp_identity>
      <Hsp_positive>453</Hsp_positive>
      <Hsp_gaps>0</Hsp_gaps>
      <Hsp_align-len>453</Hsp_align-len>
      <Hsp_qseq>MSEKEIWEKVLEIAQEKLSAVSYSTFLKDTELYTIKDGEAIVLSSIPFNANWLNQQYAEIIQAILFDVVGYEVKPHFITTEELANYSNNETATPKETTKPSTETTEDNHVLGREQFNAHNTFDTFVIGPGNRFPHAASLAVAEAPAKAYNPLFIYGGVGLGKTHLMHAIGHHVLDNNPDAKVIYTSSEKFTNEFIKSIRDNEGEAFRERYRNIDVLLIDDIQFIQNKVQTQEEFFYTFNELHQNNKQIVISSDRPPKEIAQLEDRLRSRFEWGLIVDITPPDYETRMAILQKKIEEEKLDIPPEALNYIANQIQSNIRELEGALTRLLAYSQLLGKPITTELTAEALKDIIQAPKSKKITIQDIQKIVGQYYNVRIEDFSAKKRTKSIAYPRQIAMYLSRELTDFSLPKIGEEFGGRDHTTVIHAHEKISKDLKEDPIFKQEVENLEKEIRNV</Hsp_qseq>
      <Hsp_hseq>MSEKEIWEKVLKIAQEKLSAVSYSTFLKDTELYTIKDGEAIVLSSIPFNANWLNQQYAEIIQAILFDVVGYEVKPHFITTEELANYSNNETATPKETTKPSTETTEDNHVLGREQFNAHNTFDTFVIGPGNRFPHAASLAVAEAPAKAYNPLFIYGGVGLGKTHLMHAIGHHVLDNNPDAKVIYTSSEKFTNEFIKSIRDNEGEAFRERYRNIDVLLIDDIQFIQNKVQTQEEFFYTFNELHQNNKQIVISSDRPPKEIAQLEDRLRSRFEWGLIVDITPPDYETRMAILQKKIEEEKLDIPPEALNYIANQIQSNIRELEGALTRLLAYSQLLGKPITTELTAEALKDIIQAPKSKKITIQDIQKIVGQYYNVRIEDFSAKKRTKSIAYPRQIAMYLSRELTDFSLPKIGEEFGGRDHTTVIHAHEKISKDLKEDPIFKQEVENLEKEIRNV</Hsp_hseq>
      <Hsp_midline>MSEKEIWEKVL+IAQEKLSAVSYSTFLKDTELYTIKDGEAIVLSSIPFNANWLNQQYAEIIQAILFDVVGYEVKPHFITTEELANYSNNETATPKETTKPSTETTEDNHVLGREQFNAHNTFDTFVIGPGNRFPHAASLAVAEAPAKAYNPLFIYGGVGLGKTHLMHAIGHHVLDNNPDAKVIYTSSEKFTNEFIKSIRDNEGEAFRERYRNIDVLLIDDIQFIQNKVQTQEEFFYTFNELHQNNKQIVISSDRPPKEIAQLEDRLRSRFEWGLIVDITPPDYETRMAILQKKIEEEKLDIPPEALNYIANQIQSNIRELEGALTRLLAYSQLLGKPITTELTAEALKDIIQAPKSKKITIQDIQKIVGQYYNVRIEDFSAKKRTKSIAYPRQIAMYLSRELTDFSLPKIGEEFGGRDHTTVIHAHEKISKDLKEDPIFKQEVENLEKEIRNV</Hsp_midline>
    </Hsp>
  </Hit_hsps>
</Hit>
<Hit>
  <Hit_num>38</Hit_num>
  <Hit_id>ref|WP_053864925.1|</Hit_id>
  <Hit_def>chromosomal replication initiator protein DnaA [Staphylococcus aureus] &gt;gb|NDQ52677.1| chromosomal replication initiator protein DnaA [Staphylococcus aureus] &gt;emb|CUC52266.1| Chromosomal replication initiator protein DnaA [Staphylococcus aureus]</Hit_def>
  <Hit_accession>WP_053864925</Hit_accession>
  <Hit_len>453</Hit_len>
  <Hit_hsps>
    <Hsp>
      <Hsp_num>1</Hsp_num>
      <Hsp_bit-score>926.391</Hsp_bit-score>
      <Hsp_score>2393</Hsp_score>
      <Hsp_evalue>0</Hsp_evalue>
      <Hsp_query-from>1</Hsp_query-from>
      <Hsp_query-to>453</Hsp_query-to>
      <Hsp_hit-from>1</Hsp_hit-from>
      <Hsp_hit-to>453</Hsp_hit-to>
      <Hsp_query-frame>0</Hsp_query-frame>
      <Hsp_hit-frame>0</Hsp_hit-frame>
      <Hsp_identity>452</Hsp_identity>
      <Hsp_positive>452</Hsp_positive>
      <Hsp_gaps>0</Hsp_gaps>
      <Hsp_align-len>453</Hsp_align-len>
      <Hsp_qseq>MSEKEIWEKVLEIAQEKLSAVSYSTFLKDTELYTIKDGEAIVLSSIPFNANWLNQQYAEIIQAILFDVVGYEVKPHFITTEELANYSNNETATPKETTKPSTETTEDNHVLGREQFNAHNTFDTFVIGPGNRFPHAASLAVAEAPAKAYNPLFIYGGVGLGKTHLMHAIGHHVLDNNPDAKVIYTSSEKFTNEFIKSIRDNEGEAFRERYRNIDVLLIDDIQFIQNKVQTQEEFFYTFNELHQNNKQIVISSDRPPKEIAQLEDRLRSRFEWGLIVDITPPDYETRMAILQKKIEEEKLDIPPEALNYIANQIQSNIRELEGALTRLLAYSQLLGKPITTELTAEALKDIIQAPKSKKITIQDIQKIVGQYYNVRIEDFSAKKRTKSIAYPRQIAMYLSRELTDFSLPKIGEEFGGRDHTTVIHAHEKISKDLKEDPIFKQEVENLEKEIRNV</Hsp_qseq>
      <Hsp_hseq>MSEKEIWEKVLEIAQEKLSAVSYSTFLKDTELYTIKDGEAIVLSSIPFNANWLNQQYAEIIQAILFDVVGYEVKPHFITTEELANYSNNETTTPKETTKPSTETTEDNHVLGREQFNAHNTFDTFVIGPGNRFPHAASLAVAEAPAKAYNPLFIYGGVGLGKTHLMHAIGHHVLDNNPDAKVIYTSSEKFTNEFIKSIRDNEGEAFRERYRNIDVLLIDDIQFIQNKVQTQEEFFYTFNELHQNNKQIVISSDRPPKEIAQLEDRLRSRFEWGLIVDITPPDYETRMAILQKKIEEEKLDIPPEALNYIANQIQSNIRELEGALTRLLAYSQLLGKPITTELTAEALKDIIQAPKSKKITIQDIQKIVGQYYNVRIEDFSAKKRTKSIAYPRQIAMYLSRELTDFSLPKIGEEFGGRDHTTVIHAHEKISKDLKEDPIFKQEVENLEKEIRNV</Hsp_hseq>
      <Hsp_midline>MSEKEIWEKVLEIAQEKLSAVSYSTFLKDTELYTIKDGEAIVLSSIPFNANWLNQQYAEIIQAILFDVVGYEVKPHFITTEELANYSNNET TPKETTKPSTETTEDNHVLGREQFNAHNTFDTFVIGPGNRFPHAASLAVAEAPAKAYNPLFIYGGVGLGKTHLMHAIGHHVLDNNPDAKVIYTSSEKFTNEFIKSIRDNEGEAFRERYRNIDVLLIDDIQFIQNKVQTQEEFFYTFNELHQNNKQIVISSDRPPKEIAQLEDRLRSRFEWGLIVDITPPDYETRMAILQKKIEEEKLDIPPEALNYIANQIQSNIRELEGALTRLLAYSQLLGKPITTELTAEALKDIIQAPKSKKITIQDIQKIVGQYYNVRIEDFSAKKRTKSIAYPRQIAMYLSRELTDFSLPKIGEEFGGRDHTTVIHAHEKISKDLKEDPIFKQEVENLEKEIRNV</Hsp_midline>
    </Hsp>
  </Hit_hsps>
</Hit>
<Hit>
  <Hit_num>39</Hit_num>
  <Hit_id>ref|WP_190330901.1|</Hit_id>
  <Hit_def>chromosomal replication initiator protein DnaA [Staphylococcus aureus] &gt;gb|MBD1665725.1| chromosomal replication initiator protein DnaA [Staphylococcus aureus] &gt;gb|MBD1748064.1| chromosomal replication initiator protein DnaA [Staphylococcus aureus]</Hit_def>
  <Hit_accession>WP_190330901</Hit_accession>
  <Hit_len>453</Hit_len>
  <Hit_hsps>
    <Hsp>
      <Hsp_num>1</Hsp_num>
      <Hsp_bit-score>926.391</Hsp_bit-score>
      <Hsp_score>2393</Hsp_score>
      <Hsp_evalue>0</Hsp_evalue>
      <Hsp_query-from>1</Hsp_query-from>
      <Hsp_query-to>453</Hsp_query-to>
      <Hsp_hit-from>1</Hsp_hit-from>
      <Hsp_hit-to>453</Hsp_hit-to>
      <Hsp_query-frame>0</Hsp_query-frame>
      <Hsp_hit-frame>0</Hsp_hit-frame>
      <Hsp_identity>452</Hsp_identity>
      <Hsp_positive>453</Hsp_positive>
      <Hsp_gaps>0</Hsp_gaps>
      <Hsp_align-len>453</Hsp_align-len>
      <Hsp_qseq>MSEKEIWEKVLEIAQEKLSAVSYSTFLKDTELYTIKDGEAIVLSSIPFNANWLNQQYAEIIQAILFDVVGYEVKPHFITTEELANYSNNETATPKETTKPSTETTEDNHVLGREQFNAHNTFDTFVIGPGNRFPHAASLAVAEAPAKAYNPLFIYGGVGLGKTHLMHAIGHHVLDNNPDAKVIYTSSEKFTNEFIKSIRDNEGEAFRERYRNIDVLLIDDIQFIQNKVQTQEEFFYTFNELHQNNKQIVISSDRPPKEIAQLEDRLRSRFEWGLIVDITPPDYETRMAILQKKIEEEKLDIPPEALNYIANQIQSNIRELEGALTRLLAYSQLLGKPITTELTAEALKDIIQAPKSKKITIQDIQKIVGQYYNVRIEDFSAKKRTKSIAYPRQIAMYLSRELTDFSLPKIGEEFGGRDHTTVIHAHEKISKDLKEDPIFKQEVENLEKEIRNV</Hsp_qseq>
      <Hsp_hseq>MSEKEIWEKVLEIAQEKLSAVSYSTFLKDTELYTIKDGEAIVLSSIPFNANWLNQQYAEIIQAILFDVVGYEVKPHFITTEELANYSNNETATPKETTKPSTETTEDNHVLGREQFNAHNTFDTFVIGPGNRFPHAASLAVAEAPAKAYNPLFIYGGVGLGKTHLMHAIGHHVLDNNPDAKVIYTSSEKFTNEFIKSIRDNEGEAFRERYRNIDVLLIDDIQFIQNKVQTQEEFFYTFNELHQNNKQIVISSDRPPKEIAQLEDRLRSRFEWGLIVDITPPDYETRMAILQKKIEEEKLDIPPEALNYIANQIQSNIRELEGALTRLLAYSQLLGKPITTELTAEALKDIIQAPKSKKITIQDIQKIVGQYYNVRIEDFSAKKRTKSIAYPRQIAMYLSRKLTDFSLPKIGEEFGGRDHTTVIHAHEKISKDLKEDPIFKQEVENLEKEIRNV</Hsp_hseq>
      <Hsp_midline>MSEKEIWEKVLEIAQEKLSAVSYSTFLKDTELYTIKDGEAIVLSSIPFNANWLNQQYAEIIQAILFDVVGYEVKPHFITTEELANYSNNETATPKETTKPSTETTEDNHVLGREQFNAHNTFDTFVIGPGNRFPHAASLAVAEAPAKAYNPLFIYGGVGLGKTHLMHAIGHHVLDNNPDAKVIYTSSEKFTNEFIKSIRDNEGEAFRERYRNIDVLLIDDIQFIQNKVQTQEEFFYTFNELHQNNKQIVISSDRPPKEIAQLEDRLRSRFEWGLIVDITPPDYETRMAILQKKIEEEKLDIPPEALNYIANQIQSNIRELEGALTRLLAYSQLLGKPITTELTAEALKDIIQAPKSKKITIQDIQKIVGQYYNVRIEDFSAKKRTKSIAYPRQIAMYLSR+LTDFSLPKIGEEFGGRDHTTVIHAHEKISKDLKEDPIFKQEVENLEKEIRNV</Hsp_midline>
    </Hsp>
  </Hit_hsps>
</Hit>
<Hit>
  <Hit_num>40</Hit_num>
  <Hit_id>ref|WP_001290431.1|</Hit_id>
  <Hit_def>chromosomal replication initiator protein DnaA [Staphylococcus aureus] &gt;gb|AEW64038.1| chromosomal replication initiator protein DnaA [Staphylococcus aureus subsp. aureus 11819-97] &gt;gb|ALF31796.1| chromosomal replication initiation protein [Staphylococcus aureus subsp. aureus] &gt;gb|EHO97890.1| chromosomal replication initiator protein DnaA [Staphylococcus aureus subsp. aureus 21333] &gt;gb|EOR33951.1| chromosomal replication initiation protein [Staphylococcus aureus subsp. aureus 103564] &gt;gb|MBB2525847.1| chromosomal replication initiator protein DnaA [Staphylococcus aureus]</Hit_def>
  <Hit_accession>WP_001290431</Hit_accession>
  <Hit_len>453</Hit_len>
  <Hit_hsps>
    <Hsp>
      <Hsp_num>1</Hsp_num>
      <Hsp_bit-score>926.391</Hsp_bit-score>
      <Hsp_score>2393</Hsp_score>
      <Hsp_evalue>0</Hsp_evalue>
      <Hsp_query-from>1</Hsp_query-from>
      <Hsp_query-to>453</Hsp_query-to>
      <Hsp_hit-from>1</Hsp_hit-from>
      <Hsp_hit-to>453</Hsp_hit-to>
      <Hsp_query-frame>0</Hsp_query-frame>
      <Hsp_hit-frame>0</Hsp_hit-frame>
      <Hsp_identity>452</Hsp_identity>
      <Hsp_positive>452</Hsp_positive>
      <Hsp_gaps>0</Hsp_gaps>
      <Hsp_align-len>453</Hsp_align-len>
      <Hsp_qseq>MSEKEIWEKVLEIAQEKLSAVSYSTFLKDTELYTIKDGEAIVLSSIPFNANWLNQQYAEIIQAILFDVVGYEVKPHFITTEELANYSNNETATPKETTKPSTETTEDNHVLGREQFNAHNTFDTFVIGPGNRFPHAASLAVAEAPAKAYNPLFIYGGVGLGKTHLMHAIGHHVLDNNPDAKVIYTSSEKFTNEFIKSIRDNEGEAFRERYRNIDVLLIDDIQFIQNKVQTQEEFFYTFNELHQNNKQIVISSDRPPKEIAQLEDRLRSRFEWGLIVDITPPDYETRMAILQKKIEEEKLDIPPEALNYIANQIQSNIRELEGALTRLLAYSQLLGKPITTELTAEALKDIIQAPKSKKITIQDIQKIVGQYYNVRIEDFSAKKRTKSIAYPRQIAMYLSRELTDFSLPKIGEEFGGRDHTTVIHAHEKISKDLKEDPIFKQEVENLEKEIRNV</Hsp_qseq>
      <Hsp_hseq>MSEKEIWEKVLEIAQEKLSAVSYSTFLKDTELYTIKDGEAIVLSSIPFNANWLNQQYAEIIQAILFDVVGYEVKPHFITTEELANYSNNETATPKETTKPSTETTEDNHVLGREQFNAHNTFDTFVIGPGNRFPHAASLAVAEAPAKAYNPLFIYGGVGLGKTHLMHAIGHHVLDNNPDAKVIYTSSEKFTNEFIKSIRDNEGEAFRERYRNIDVLLIDDIQFIQNKVQTQEEFFYTFNELHQNNKQIVISSDRPPKEIAQLEDRLRSRFEWGLIVDITPPDYETRMAILQKKIEEEKLDIPPEALNYIANQIQSNIRELEGALTRLLAYSQLLGKPITTELTAEALKDIIQAPKSKKIIIQDIQKIVGQYYNVRIEDFSAKKRTKSIAYPRQIAMYLSRELTDFSLPKIGEEFGGRDHTTVIHAHEKISKDLKEDPIFKQEVENLEKEIRNV</Hsp_hseq>
      <Hsp_midline>MSEKEIWEKVLEIAQEKLSAVSYSTFLKDTELYTIKDGEAIVLSSIPFNANWLNQQYAEIIQAILFDVVGYEVKPHFITTEELANYSNNETATPKETTKPSTETTEDNHVLGREQFNAHNTFDTFVIGPGNRFPHAASLAVAEAPAKAYNPLFIYGGVGLGKTHLMHAIGHHVLDNNPDAKVIYTSSEKFTNEFIKSIRDNEGEAFRERYRNIDVLLIDDIQFIQNKVQTQEEFFYTFNELHQNNKQIVISSDRPPKEIAQLEDRLRSRFEWGLIVDITPPDYETRMAILQKKIEEEKLDIPPEALNYIANQIQSNIRELEGALTRLLAYSQLLGKPITTELTAEALKDIIQAPKSKKI IQDIQKIVGQYYNVRIEDFSAKKRTKSIAYPRQIAMYLSRELTDFSLPKIGEEFGGRDHTTVIHAHEKISKDLKEDPIFKQEVENLEKEIRNV</Hsp_midline>
    </Hsp>
  </Hit_hsps>
</Hit>
<Hit>
  <Hit_num>41</Hit_num>
  <Hit_id>ref|WP_001556443.1|</Hit_id>
  <Hit_def>chromosomal replication initiator protein DnaA [Staphylococcus aureus] &gt;gb|ENI35833.1| chromosomal replication initiator protein dnaA [Staphylococcus aureus HI013] &gt;gb|EYO51777.1| chromosomal replication initiator protein dnaA [Staphylococcus aureus DAR3902] &gt;gb|EYO55919.1| chromosomal replication initiator protein dnaA [Staphylococcus aureus DAR3911] &gt;emb|CAC8067854.1| Chromosomal replication initiator protein DnaA [Staphylococcus aureus]</Hit_def>
  <Hit_accession>WP_001556443</Hit_accession>
  <Hit_len>453</Hit_len>
  <Hit_hsps>
    <Hsp>
      <Hsp_num>1</Hsp_num>
      <Hsp_bit-score>926.391</Hsp_bit-score>
      <Hsp_score>2393</Hsp_score>
      <Hsp_evalue>0</Hsp_evalue>
      <Hsp_query-from>1</Hsp_query-from>
      <Hsp_query-to>453</Hsp_query-to>
      <Hsp_hit-from>1</Hsp_hit-from>
      <Hsp_hit-to>453</Hsp_hit-to>
      <Hsp_query-frame>0</Hsp_query-frame>
      <Hsp_hit-frame>0</Hsp_hit-frame>
      <Hsp_identity>452</Hsp_identity>
      <Hsp_positive>453</Hsp_positive>
      <Hsp_gaps>0</Hsp_gaps>
      <Hsp_align-len>453</Hsp_align-len>
      <Hsp_qseq>MSEKEIWEKVLEIAQEKLSAVSYSTFLKDTELYTIKDGEAIVLSSIPFNANWLNQQYAEIIQAILFDVVGYEVKPHFITTEELANYSNNETATPKETTKPSTETTEDNHVLGREQFNAHNTFDTFVIGPGNRFPHAASLAVAEAPAKAYNPLFIYGGVGLGKTHLMHAIGHHVLDNNPDAKVIYTSSEKFTNEFIKSIRDNEGEAFRERYRNIDVLLIDDIQFIQNKVQTQEEFFYTFNELHQNNKQIVISSDRPPKEIAQLEDRLRSRFEWGLIVDITPPDYETRMAILQKKIEEEKLDIPPEALNYIANQIQSNIRELEGALTRLLAYSQLLGKPITTELTAEALKDIIQAPKSKKITIQDIQKIVGQYYNVRIEDFSAKKRTKSIAYPRQIAMYLSRELTDFSLPKIGEEFGGRDHTTVIHAHEKISKDLKEDPIFKQEVENLEKEIRNV</Hsp_qseq>
      <Hsp_hseq>MSEKEIWEKVLEIAQEKLSAVSYSTFLKDTELYTIKDGEAIVLSSIPFNANWLNQQYAEIIQAILFDVVGYEVKPHFITTEELANYSNNETATPKETTKPSTETTEDNHVLGREQFNAHNTFDTFVIGPGNRFPHAASLAVAEAPAKAYNPLFIYGGVGLGKTHLMHAIGHHVLDNNPDAKVIYTSSEKFTNEFIKSIRDNEGEAFRERYRNIDVLLIDDIQFIQNKVQTQEEFFYTFNELHQNNKQIVISSDRPPKEIAQLEDRLRSRFEWGLIVDITPPDYETRMAILQKKIEEEKLDIPPEALNYIANQIQSNIRELEGALTRLLAYSQLLGKPITTELTAEALKDIIQAPKSKKITIQDIQKIVGQYYNVRIEDFSAKKRTKSIAYPRQIAMYLSRELTDFSLPKIGEEFGGRDHTTVIHAHEKISKDLKENPIFKQEVENLEKEIRNV</Hsp_hseq>
      <Hsp_midline>MSEKEIWEKVLEIAQEKLSAVSYSTFLKDTELYTIKDGEAIVLSSIPFNANWLNQQYAEIIQAILFDVVGYEVKPHFITTEELANYSNNETATPKETTKPSTETTEDNHVLGREQFNAHNTFDTFVIGPGNRFPHAASLAVAEAPAKAYNPLFIYGGVGLGKTHLMHAIGHHVLDNNPDAKVIYTSSEKFTNEFIKSIRDNEGEAFRERYRNIDVLLIDDIQFIQNKVQTQEEFFYTFNELHQNNKQIVISSDRPPKEIAQLEDRLRSRFEWGLIVDITPPDYETRMAILQKKIEEEKLDIPPEALNYIANQIQSNIRELEGALTRLLAYSQLLGKPITTELTAEALKDIIQAPKSKKITIQDIQKIVGQYYNVRIEDFSAKKRTKSIAYPRQIAMYLSRELTDFSLPKIGEEFGGRDHTTVIHAHEKISKDLKE+PIFKQEVENLEKEIRNV</Hsp_midline>
    </Hsp>
  </Hit_hsps>
</Hit>
<Hit>
  <Hit_num>42</Hit_num>
  <Hit_id>gb|NFW87988.1|</Hit_id>
  <Hit_def>chromosomal replication initiator protein DnaA [Staphylococcus aureus] &gt;gb|NFX02523.1| chromosomal replication initiator protein DnaA [Staphylococcus aureus] &gt;gb|NGF85582.1| chromosomal replication initiator protein DnaA [Staphylococcus aureus]</Hit_def>
  <Hit_accession>NFW87988</Hit_accession>
  <Hit_len>453</Hit_len>
  <Hit_hsps>
    <Hsp>
      <Hsp_num>1</Hsp_num>
      <Hsp_bit-score>926.391</Hsp_bit-score>
      <Hsp_score>2393</Hsp_score>
      <Hsp_evalue>0</Hsp_evalue>
      <Hsp_query-from>1</Hsp_query-from>
      <Hsp_query-to>453</Hsp_query-to>
      <Hsp_hit-from>1</Hsp_hit-from>
      <Hsp_hit-to>453</Hsp_hit-to>
      <Hsp_query-frame>0</Hsp_query-frame>
      <Hsp_hit-frame>0</Hsp_hit-frame>
      <Hsp_identity>452</Hsp_identity>
      <Hsp_positive>453</Hsp_positive>
      <Hsp_gaps>0</Hsp_gaps>
      <Hsp_align-len>453</Hsp_align-len>
      <Hsp_qseq>MSEKEIWEKVLEIAQEKLSAVSYSTFLKDTELYTIKDGEAIVLSSIPFNANWLNQQYAEIIQAILFDVVGYEVKPHFITTEELANYSNNETATPKETTKPSTETTEDNHVLGREQFNAHNTFDTFVIGPGNRFPHAASLAVAEAPAKAYNPLFIYGGVGLGKTHLMHAIGHHVLDNNPDAKVIYTSSEKFTNEFIKSIRDNEGEAFRERYRNIDVLLIDDIQFIQNKVQTQEEFFYTFNELHQNNKQIVISSDRPPKEIAQLEDRLRSRFEWGLIVDITPPDYETRMAILQKKIEEEKLDIPPEALNYIANQIQSNIRELEGALTRLLAYSQLLGKPITTELTAEALKDIIQAPKSKKITIQDIQKIVGQYYNVRIEDFSAKKRTKSIAYPRQIAMYLSRELTDFSLPKIGEEFGGRDHTTVIHAHEKISKDLKEDPIFKQEVENLEKEIRNV</Hsp_qseq>
      <Hsp_hseq>MSEKEIWEKVLEIAQEKLSAVSYSTFLKDTELYTIKDGEAIVLSSIPFNANWLNQQYAEIIQAILFDVVGYEVKPHFITTEELANYSNNETATPKETTKPSTETTEDNHVLGRKQFNAHNTFDTFVIGPGNRFPHAASLAVAEAPAKAYNPLFIYGGVGLGKTHLMHAIGHHVLDNNPDAKVIYTSSEKFTNEFIKSIRDNEGEAFRERYRNIDVLLIDDIQFIQNKVQTQEEFFYTFNELHQNNKQIVISSDRPPKEIAQLEDRLRSRFEWGLIVDITPPDYETRMAILQKKIEEEKLDIPPEALNYIANQIQSNIRELEGALTRLLAYSQLLGKPITTELTAEALKDIIQAPKSKKITIQDIQKIVGQYYNVRIEDFSAKKRTKSIAYPRQIAMYLSRELTDFSLPKIGEEFGGRDHTTVIHAHEKISKDLKEDPIFKQEVENLEKEIRNV</Hsp_hseq>
      <Hsp_midline>MSEKEIWEKVLEIAQEKLSAVSYSTFLKDTELYTIKDGEAIVLSSIPFNANWLNQQYAEIIQAILFDVVGYEVKPHFITTEELANYSNNETATPKETTKPSTETTEDNHVLGR+QFNAHNTFDTFVIGPGNRFPHAASLAVAEAPAKAYNPLFIYGGVGLGKTHLMHAIGHHVLDNNPDAKVIYTSSEKFTNEFIKSIRDNEGEAFRERYRNIDVLLIDDIQFIQNKVQTQEEFFYTFNELHQNNKQIVISSDRPPKEIAQLEDRLRSRFEWGLIVDITPPDYETRMAILQKKIEEEKLDIPPEALNYIANQIQSNIRELEGALTRLLAYSQLLGKPITTELTAEALKDIIQAPKSKKITIQDIQKIVGQYYNVRIEDFSAKKRTKSIAYPRQIAMYLSRELTDFSLPKIGEEFGGRDHTTVIHAHEKISKDLKEDPIFKQEVENLEKEIRNV</Hsp_midline>
    </Hsp>
  </Hit_hsps>
</Hit>
<Hit>
  <Hit_num>43</Hit_num>
  <Hit_id>ref|WP_076745713.1|</Hit_id>
  <Hit_def>chromosomal replication initiator protein DnaA [Staphylococcus aureus] &gt;gb|ONH13904.1| chromosomal replication initiation protein DnaA [Staphylococcus aureus] &gt;gb|ONH14853.1| chromosomal replication initiation protein DnaA [Staphylococcus aureus]</Hit_def>
  <Hit_accession>WP_076745713</Hit_accession>
  <Hit_len>453</Hit_len>
  <Hit_hsps>
    <Hsp>
      <Hsp_num>1</Hsp_num>
      <Hsp_bit-score>926.391</Hsp_bit-score>
      <Hsp_score>2393</Hsp_score>
      <Hsp_evalue>0</Hsp_evalue>
      <Hsp_query-from>1</Hsp_query-from>
      <Hsp_query-to>453</Hsp_query-to>
      <Hsp_hit-from>1</Hsp_hit-from>
      <Hsp_hit-to>453</Hsp_hit-to>
      <Hsp_query-frame>0</Hsp_query-frame>
      <Hsp_hit-frame>0</Hsp_hit-frame>
      <Hsp_identity>452</Hsp_identity>
      <Hsp_positive>453</Hsp_positive>
      <Hsp_gaps>0</Hsp_gaps>
      <Hsp_align-len>453</Hsp_align-len>
      <Hsp_qseq>MSEKEIWEKVLEIAQEKLSAVSYSTFLKDTELYTIKDGEAIVLSSIPFNANWLNQQYAEIIQAILFDVVGYEVKPHFITTEELANYSNNETATPKETTKPSTETTEDNHVLGREQFNAHNTFDTFVIGPGNRFPHAASLAVAEAPAKAYNPLFIYGGVGLGKTHLMHAIGHHVLDNNPDAKVIYTSSEKFTNEFIKSIRDNEGEAFRERYRNIDVLLIDDIQFIQNKVQTQEEFFYTFNELHQNNKQIVISSDRPPKEIAQLEDRLRSRFEWGLIVDITPPDYETRMAILQKKIEEEKLDIPPEALNYIANQIQSNIRELEGALTRLLAYSQLLGKPITTELTAEALKDIIQAPKSKKITIQDIQKIVGQYYNVRIEDFSAKKRTKSIAYPRQIAMYLSRELTDFSLPKIGEEFGGRDHTTVIHAHEKISKDLKEDPIFKQEVENLEKEIRNV</Hsp_qseq>
      <Hsp_hseq>MSEKEIWEKVLEIAQEKLSAVSYSTFLKDTELYTIKDGEAIVLSSIPFNANWLNQQYAEIIEAILFDVVGYEVKPHFITTEELANYSNNETATPKETTKPSTETTEDNHVLGREQFNAHNTFDTFVIGPGNRFPHAASLAVAEAPAKAYNPLFIYGGVGLGKTHLMHAIGHHVLDNNPDAKVIYTSSEKFTNEFIKSIRDNEGEAFRERYRNIDVLLIDDIQFIQNKVQTQEEFFYTFNELHQNNKQIVISSDRPPKEIAQLEDRLRSRFEWGLIVDITPPDYETRMAILQKKIEEEKLDIPPEALNYIANQIQSNIRELEGALTRLLAYSQLLGKPITTELTAEALKDIIQAPKSKKITIQDIQKIVGQYYNVRIEDFSAKKRTKSIAYPRQIAMYLSRELTDFSLPKIGEEFGGRDHTTVIHAHEKISKDLKEDPIFKQEVENLEKEIRNV</Hsp_hseq>
      <Hsp_midline>MSEKEIWEKVLEIAQEKLSAVSYSTFLKDTELYTIKDGEAIVLSSIPFNANWLNQQYAEII+AILFDVVGYEVKPHFITTEELANYSNNETATPKETTKPSTETTEDNHVLGREQFNAHNTFDTFVIGPGNRFPHAASLAVAEAPAKAYNPLFIYGGVGLGKTHLMHAIGHHVLDNNPDAKVIYTSSEKFTNEFIKSIRDNEGEAFRERYRNIDVLLIDDIQFIQNKVQTQEEFFYTFNELHQNNKQIVISSDRPPKEIAQLEDRLRSRFEWGLIVDITPPDYETRMAILQKKIEEEKLDIPPEALNYIANQIQSNIRELEGALTRLLAYSQLLGKPITTELTAEALKDIIQAPKSKKITIQDIQKIVGQYYNVRIEDFSAKKRTKSIAYPRQIAMYLSRELTDFSLPKIGEEFGGRDHTTVIHAHEKISKDLKEDPIFKQEVENLEKEIRNV</Hsp_midline>
    </Hsp>
  </Hit_hsps>
</Hit>
<Hit>
  <Hit_num>44</Hit_num>
  <Hit_id>tpg|HAR4387868.1|</Hit_id>
  <Hit_def>chromosomal replication initiator protein DnaA [Staphylococcus aureus]</Hit_def>
  <Hit_accession>HAR4387868</Hit_accession>
  <Hit_len>453</Hit_len>
  <Hit_hsps>
    <Hsp>
      <Hsp_num>1</Hsp_num>
      <Hsp_bit-score>926.391</Hsp_bit-score>
      <Hsp_score>2393</Hsp_score>
      <Hsp_evalue>0</Hsp_evalue>
      <Hsp_query-from>1</Hsp_query-from>
      <Hsp_query-to>453</Hsp_query-to>
      <Hsp_hit-from>1</Hsp_hit-from>
      <Hsp_hit-to>453</Hsp_hit-to>
      <Hsp_query-frame>0</Hsp_query-frame>
      <Hsp_hit-frame>0</Hsp_hit-frame>
      <Hsp_identity>452</Hsp_identity>
      <Hsp_positive>453</Hsp_positive>
      <Hsp_gaps>0</Hsp_gaps>
      <Hsp_align-len>453</Hsp_align-len>
      <Hsp_qseq>MSEKEIWEKVLEIAQEKLSAVSYSTFLKDTELYTIKDGEAIVLSSIPFNANWLNQQYAEIIQAILFDVVGYEVKPHFITTEELANYSNNETATPKETTKPSTETTEDNHVLGREQFNAHNTFDTFVIGPGNRFPHAASLAVAEAPAKAYNPLFIYGGVGLGKTHLMHAIGHHVLDNNPDAKVIYTSSEKFTNEFIKSIRDNEGEAFRERYRNIDVLLIDDIQFIQNKVQTQEEFFYTFNELHQNNKQIVISSDRPPKEIAQLEDRLRSRFEWGLIVDITPPDYETRMAILQKKIEEEKLDIPPEALNYIANQIQSNIRELEGALTRLLAYSQLLGKPITTELTAEALKDIIQAPKSKKITIQDIQKIVGQYYNVRIEDFSAKKRTKSIAYPRQIAMYLSRELTDFSLPKIGEEFGGRDHTTVIHAHEKISKDLKEDPIFKQEVENLEKEIRNV</Hsp_qseq>
      <Hsp_hseq>MSEKEIWEKVLEIAQEKLSAVSYSTFLKDTELYTIKDGEAIVLSSIPFNANWLNQQYAEIIQAILFDVVGYEVKPHFITTEELANYSNNETATPKETTKPSTKTTEDNHVLGREQFNAHNTFDTFVIGPGNRFPHAASLAVAEAPAKAYNPLFIYGGVGLGKTHLMHAIGHHVLDNNPDAKVIYTSSEKFTNEFIKSIRDNEGEAFRERYRNIDVLLIDDIQFIQNKVQTQEEFFYTFNELHQNNKQIVISSDRPPKEIAQLEDRLRSRFEWGLIVDITPPDYETRMAILQKKIEEEKLDIPPEALNYIANQIQSNIRELEGALTRLLAYSQLLGKPITTELTAEALKDIIQAPKSKKITIQDIQKIVGQYYNVRIEDFSAKKRTKSIAYPRQIAMYLSRELTDFSLPKIGEEFGGRDHTTVIHAHEKISKDLKEDPIFKQEVENLEKEIRNV</Hsp_hseq>
      <Hsp_midline>MSEKEIWEKVLEIAQEKLSAVSYSTFLKDTELYTIKDGEAIVLSSIPFNANWLNQQYAEIIQAILFDVVGYEVKPHFITTEELANYSNNETATPKETTKPST+TTEDNHVLGREQFNAHNTFDTFVIGPGNRFPHAASLAVAEAPAKAYNPLFIYGGVGLGKTHLMHAIGHHVLDNNPDAKVIYTSSEKFTNEFIKSIRDNEGEAFRERYRNIDVLLIDDIQFIQNKVQTQEEFFYTFNELHQNNKQIVISSDRPPKEIAQLEDRLRSRFEWGLIVDITPPDYETRMAILQKKIEEEKLDIPPEALNYIANQIQSNIRELEGALTRLLAYSQLLGKPITTELTAEALKDIIQAPKSKKITIQDIQKIVGQYYNVRIEDFSAKKRTKSIAYPRQIAMYLSRELTDFSLPKIGEEFGGRDHTTVIHAHEKISKDLKEDPIFKQEVENLEKEIRNV</Hsp_midline>
    </Hsp>
  </Hit_hsps>
</Hit>
<Hit>
  <Hit_num>45</Hit_num>
  <Hit_id>ref|WP_070064389.1|</Hit_id>
  <Hit_def>chromosomal replication initiator protein DnaA [Staphylococcus aureus] &gt;emb|SCT89880.1| Chromosomal replication initiator protein DnaA [Staphylococcus aureus]</Hit_def>
  <Hit_accession>WP_070064389</Hit_accession>
  <Hit_len>453</Hit_len>
  <Hit_hsps>
    <Hsp>
      <Hsp_num>1</Hsp_num>
      <Hsp_bit-score>926.391</Hsp_bit-score>
      <Hsp_score>2393</Hsp_score>
      <Hsp_evalue>0</Hsp_evalue>
      <Hsp_query-from>1</Hsp_query-from>
      <Hsp_query-to>453</Hsp_query-to>
      <Hsp_hit-from>1</Hsp_hit-from>
      <Hsp_hit-to>453</Hsp_hit-to>
      <Hsp_query-frame>0</Hsp_query-frame>
      <Hsp_hit-frame>0</Hsp_hit-frame>
      <Hsp_identity>452</Hsp_identity>
      <Hsp_positive>453</Hsp_positive>
      <Hsp_gaps>0</Hsp_gaps>
      <Hsp_align-len>453</Hsp_align-len>
      <Hsp_qseq>MSEKEIWEKVLEIAQEKLSAVSYSTFLKDTELYTIKDGEAIVLSSIPFNANWLNQQYAEIIQAILFDVVGYEVKPHFITTEELANYSNNETATPKETTKPSTETTEDNHVLGREQFNAHNTFDTFVIGPGNRFPHAASLAVAEAPAKAYNPLFIYGGVGLGKTHLMHAIGHHVLDNNPDAKVIYTSSEKFTNEFIKSIRDNEGEAFRERYRNIDVLLIDDIQFIQNKVQTQEEFFYTFNELHQNNKQIVISSDRPPKEIAQLEDRLRSRFEWGLIVDITPPDYETRMAILQKKIEEEKLDIPPEALNYIANQIQSNIRELEGALTRLLAYSQLLGKPITTELTAEALKDIIQAPKSKKITIQDIQKIVGQYYNVRIEDFSAKKRTKSIAYPRQIAMYLSRELTDFSLPKIGEEFGGRDHTTVIHAHEKISKDLKEDPIFKQEVENLEKEIRNV</Hsp_qseq>
      <Hsp_hseq>MSEKEIWEKVLEIAQEKLSAVSYSTFLKDTELYTIKDGEAIVLSSIPFNANWLNQQYAEIIQAILFDVVGYEVKPHFITTEELANYSNNETATPKETTKPSTETTEDNHVLGREQFNAHNTFDTFVIGPGNRFPHAASLAVAEAPAKAYNPLFIYGGVGLGKTHLMHAIGHHVLDNNPDAKVIYTSSEKFTNEFIKSIRDNEGEAFRERYRNIDVLLIDDIQFIQNKVQTQEEFFYTFNELHQNNKQIVISSDRPPKEIAQLEDRLRSRFEWGLIVDITPPDYETRMAILQKKIKEEKLDIPPEALNYIANQIQSNIRELEGALTRLLAYSQLLGKPITTELTAEALKDIIQAPKSKKITIQDIQKIVGQYYNVRIEDFSAKKRTKSIAYPRQIAMYLSRELTDFSLPKIGEEFGGRDHTTVIHAHEKISKDLKEDPIFKQEVENLEKEIRNV</Hsp_hseq>
      <Hsp_midline>MSEKEIWEKVLEIAQEKLSAVSYSTFLKDTELYTIKDGEAIVLSSIPFNANWLNQQYAEIIQAILFDVVGYEVKPHFITTEELANYSNNETATPKETTKPSTETTEDNHVLGREQFNAHNTFDTFVIGPGNRFPHAASLAVAEAPAKAYNPLFIYGGVGLGKTHLMHAIGHHVLDNNPDAKVIYTSSEKFTNEFIKSIRDNEGEAFRERYRNIDVLLIDDIQFIQNKVQTQEEFFYTFNELHQNNKQIVISSDRPPKEIAQLEDRLRSRFEWGLIVDITPPDYETRMAILQKKI+EEKLDIPPEALNYIANQIQSNIRELEGALTRLLAYSQLLGKPITTELTAEALKDIIQAPKSKKITIQDIQKIVGQYYNVRIEDFSAKKRTKSIAYPRQIAMYLSRELTDFSLPKIGEEFGGRDHTTVIHAHEKISKDLKEDPIFKQEVENLEKEIRNV</Hsp_midline>
    </Hsp>
  </Hit_hsps>
</Hit>
<Hit>
  <Hit_num>46</Hit_num>
  <Hit_id>ref|WP_061821186.1|</Hit_id>
  <Hit_def>chromosomal replication initiator protein DnaA [Staphylococcus aureus] &gt;emb|CXV87266.1| Chromosomal replication initiator protein DnaA [Staphylococcus aureus]</Hit_def>
  <Hit_accession>WP_061821186</Hit_accession>
  <Hit_len>453</Hit_len>
  <Hit_hsps>
    <Hsp>
      <Hsp_num>1</Hsp_num>
      <Hsp_bit-score>926.391</Hsp_bit-score>
      <Hsp_score>2393</Hsp_score>
      <Hsp_evalue>0</Hsp_evalue>
      <Hsp_query-from>1</Hsp_query-from>
      <Hsp_query-to>453</Hsp_query-to>
      <Hsp_hit-from>1</Hsp_hit-from>
      <Hsp_hit-to>453</Hsp_hit-to>
      <Hsp_query-frame>0</Hsp_query-frame>
      <Hsp_hit-frame>0</Hsp_hit-frame>
      <Hsp_identity>452</Hsp_identity>
      <Hsp_positive>452</Hsp_positive>
      <Hsp_gaps>0</Hsp_gaps>
      <Hsp_align-len>453</Hsp_align-len>
      <Hsp_qseq>MSEKEIWEKVLEIAQEKLSAVSYSTFLKDTELYTIKDGEAIVLSSIPFNANWLNQQYAEIIQAILFDVVGYEVKPHFITTEELANYSNNETATPKETTKPSTETTEDNHVLGREQFNAHNTFDTFVIGPGNRFPHAASLAVAEAPAKAYNPLFIYGGVGLGKTHLMHAIGHHVLDNNPDAKVIYTSSEKFTNEFIKSIRDNEGEAFRERYRNIDVLLIDDIQFIQNKVQTQEEFFYTFNELHQNNKQIVISSDRPPKEIAQLEDRLRSRFEWGLIVDITPPDYETRMAILQKKIEEEKLDIPPEALNYIANQIQSNIRELEGALTRLLAYSQLLGKPITTELTAEALKDIIQAPKSKKITIQDIQKIVGQYYNVRIEDFSAKKRTKSIAYPRQIAMYLSRELTDFSLPKIGEEFGGRDHTTVIHAHEKISKDLKEDPIFKQEVENLEKEIRNV</Hsp_qseq>
      <Hsp_hseq>MSEKEIWEKVLEIAQEKLSAVSYSTFLKDTELYTIKDGEAIVLSSIPFNANWLNQQYAEIIQTILFDVVGYEVKPHFITTEELANYSNNETATPKETTKPSTETTEDNHVLGREQFNAHNTFDTFVIGPGNRFPHAASLAVAEAPAKAYNPLFIYGGVGLGKTHLMHAIGHHVLDNNPDAKVIYTSSEKFTNEFIKSIRDNEGEAFRERYRNIDVLLIDDIQFIQNKVQTQEEFFYTFNELHQNNKQIVISSDRPPKEIAQLEDRLRSRFEWGLIVDITPPDYETRMAILQKKIEEEKLDIPPEALNYIANQIQSNIRELEGALTRLLAYSQLLGKPITTELTAEALKDIIQAPKSKKITIQDIQKIVGQYYNVRIEDFSAKKRTKSIAYPRQIAMYLSRELTDFSLPKIGEEFGGRDHTTVIHAHEKISKDLKEDPIFKQEVENLEKEIRNV</Hsp_hseq>
      <Hsp_midline>MSEKEIWEKVLEIAQEKLSAVSYSTFLKDTELYTIKDGEAIVLSSIPFNANWLNQQYAEIIQ ILFDVVGYEVKPHFITTEELANYSNNETATPKETTKPSTETTEDNHVLGREQFNAHNTFDTFVIGPGNRFPHAASLAVAEAPAKAYNPLFIYGGVGLGKTHLMHAIGHHVLDNNPDAKVIYTSSEKFTNEFIKSIRDNEGEAFRERYRNIDVLLIDDIQFIQNKVQTQEEFFYTFNELHQNNKQIVISSDRPPKEIAQLEDRLRSRFEWGLIVDITPPDYETRMAILQKKIEEEKLDIPPEALNYIANQIQSNIRELEGALTRLLAYSQLLGKPITTELTAEALKDIIQAPKSKKITIQDIQKIVGQYYNVRIEDFSAKKRTKSIAYPRQIAMYLSRELTDFSLPKIGEEFGGRDHTTVIHAHEKISKDLKEDPIFKQEVENLEKEIRNV</Hsp_midline>
    </Hsp>
  </Hit_hsps>
</Hit>
<Hit>
  <Hit_num>47</Hit_num>
  <Hit_id>ref|WP_123902109.1|</Hit_id>
  <Hit_def>chromosomal replication initiator protein DnaA [Staphylococcus aureus]</Hit_def>
  <Hit_accession>WP_123902109</Hit_accession>
  <Hit_len>453</Hit_len>
  <Hit_hsps>
    <Hsp>
      <Hsp_num>1</Hsp_num>
      <Hsp_bit-score>926.391</Hsp_bit-score>
      <Hsp_score>2393</Hsp_score>
      <Hsp_evalue>0</Hsp_evalue>
      <Hsp_query-from>1</Hsp_query-from>
      <Hsp_query-to>453</Hsp_query-to>
      <Hsp_hit-from>1</Hsp_hit-from>
      <Hsp_hit-to>453</Hsp_hit-to>
      <Hsp_query-frame>0</Hsp_query-frame>
      <Hsp_hit-frame>0</Hsp_hit-frame>
      <Hsp_identity>452</Hsp_identity>
      <Hsp_positive>453</Hsp_positive>
      <Hsp_gaps>0</Hsp_gaps>
      <Hsp_align-len>453</Hsp_align-len>
      <Hsp_qseq>MSEKEIWEKVLEIAQEKLSAVSYSTFLKDTELYTIKDGEAIVLSSIPFNANWLNQQYAEIIQAILFDVVGYEVKPHFITTEELANYSNNETATPKETTKPSTETTEDNHVLGREQFNAHNTFDTFVIGPGNRFPHAASLAVAEAPAKAYNPLFIYGGVGLGKTHLMHAIGHHVLDNNPDAKVIYTSSEKFTNEFIKSIRDNEGEAFRERYRNIDVLLIDDIQFIQNKVQTQEEFFYTFNELHQNNKQIVISSDRPPKEIAQLEDRLRSRFEWGLIVDITPPDYETRMAILQKKIEEEKLDIPPEALNYIANQIQSNIRELEGALTRLLAYSQLLGKPITTELTAEALKDIIQAPKSKKITIQDIQKIVGQYYNVRIEDFSAKKRTKSIAYPRQIAMYLSRELTDFSLPKIGEEFGGRDHTTVIHAHEKISKDLKEDPIFKQEVENLEKEIRNV</Hsp_qseq>
      <Hsp_hseq>MSEKEIWKKVLEIAQEKLSAVSYSTFLKDTELYTIKDGEAIVLSSIPFNANWLNQQYAEIIQAILFDVVGYEVKPHFITTEELANYSNNETATPKETTKPSTETTEDNHVLGREQFNAHNTFDTFVIGPGNRFPHAASLAVAEAPAKAYNPLFIYGGVGLGKTHLMHAIGHHVLDNNPDAKVIYTSSEKFTNEFIKSIRDNEGEAFRERYRNIDVLLIDDIQFIQNKVQTQEEFFYTFNELHQNNKQIVISSDRPPKEIAQLEDRLRSRFEWGLIVDITPPDYETRMAILQKKIEEEKLDIPPEALNYIANQIQSNIRELEGALTRLLAYSQLLGKPITTELTAEALKDIIQAPKSKKITIQDIQKIVGQYYNVRIEDFSAKKRTKSIAYPRQIAMYLSRELTDFSLPKIGEEFGGRDHTTVIHAHEKISKDLKEDPIFKQEVENLEKEIRNV</Hsp_hseq>
      <Hsp_midline>MSEKEIW+KVLEIAQEKLSAVSYSTFLKDTELYTIKDGEAIVLSSIPFNANWLNQQYAEIIQAILFDVVGYEVKPHFITTEELANYSNNETATPKETTKPSTETTEDNHVLGREQFNAHNTFDTFVIGPGNRFPHAASLAVAEAPAKAYNPLFIYGGVGLGKTHLMHAIGHHVLDNNPDAKVIYTSSEKFTNEFIKSIRDNEGEAFRERYRNIDVLLIDDIQFIQNKVQTQEEFFYTFNELHQNNKQIVISSDRPPKEIAQLEDRLRSRFEWGLIVDITPPDYETRMAILQKKIEEEKLDIPPEALNYIANQIQSNIRELEGALTRLLAYSQLLGKPITTELTAEALKDIIQAPKSKKITIQDIQKIVGQYYNVRIEDFSAKKRTKSIAYPRQIAMYLSRELTDFSLPKIGEEFGGRDHTTVIHAHEKISKDLKEDPIFKQEVENLEKEIRNV</Hsp_midline>
    </Hsp>
  </Hit_hsps>
</Hit>
<Hit>
  <Hit_num>48</Hit_num>
  <Hit_id>gb|MVH94029.1|</Hit_id>
  <Hit_def>chromosomal replication initiator protein DnaA [Staphylococcus aureus]</Hit_def>
  <Hit_accession>MVH94029</Hit_accession>
  <Hit_len>453</Hit_len>
  <Hit_hsps>
    <Hsp>
      <Hsp_num>1</Hsp_num>
      <Hsp_bit-score>926.391</Hsp_bit-score>
      <Hsp_score>2393</Hsp_score>
      <Hsp_evalue>0</Hsp_evalue>
      <Hsp_query-from>1</Hsp_query-from>
      <Hsp_query-to>453</Hsp_query-to>
      <Hsp_hit-from>1</Hsp_hit-from>
      <Hsp_hit-to>453</Hsp_hit-to>
      <Hsp_query-frame>0</Hsp_query-frame>
      <Hsp_hit-frame>0</Hsp_hit-frame>
      <Hsp_identity>452</Hsp_identity>
      <Hsp_positive>453</Hsp_positive>
      <Hsp_gaps>0</Hsp_gaps>
      <Hsp_align-len>453</Hsp_align-len>
      <Hsp_qseq>MSEKEIWEKVLEIAQEKLSAVSYSTFLKDTELYTIKDGEAIVLSSIPFNANWLNQQYAEIIQAILFDVVGYEVKPHFITTEELANYSNNETATPKETTKPSTETTEDNHVLGREQFNAHNTFDTFVIGPGNRFPHAASLAVAEAPAKAYNPLFIYGGVGLGKTHLMHAIGHHVLDNNPDAKVIYTSSEKFTNEFIKSIRDNEGEAFRERYRNIDVLLIDDIQFIQNKVQTQEEFFYTFNELHQNNKQIVISSDRPPKEIAQLEDRLRSRFEWGLIVDITPPDYETRMAILQKKIEEEKLDIPPEALNYIANQIQSNIRELEGALTRLLAYSQLLGKPITTELTAEALKDIIQAPKSKKITIQDIQKIVGQYYNVRIEDFSAKKRTKSIAYPRQIAMYLSRELTDFSLPKIGEEFGGRDHTTVIHAHEKISKDLKEDPIFKQEVENLEKEIRNV</Hsp_qseq>
      <Hsp_hseq>MSEKEIWEKVLEIAQEKLSAVSYSTFLKDTELYTIKDGEAIVLSSIPFNANWLNQQYAEIIQAILFDVVGYEVKPHFITTEELANYSNNETATPKETTKPSTETTEDNHVLGREQFNAHNTFDTFVIGPGNRFPHAASLAVAEAPAKAYNPLFIYGGVGLGKTHLMHAIGHHVLDNNPDAKVIYTSSEKFTNEFIKSIRDNEGEAFRERYRNIDVLLIDDIQFIQNKVQTQEEFFYTFNELHQNNKQIVISSDRPPKEIAQLEDRLRSRFEWGLIVDITPPDYETRMAILQKKIEEEKLDIPPEALNYIANQIQSNIRELEGALTRLLAYSQLLGKPITTELTAEALKDIIQAPKSKKITIQDIQKIVGQYYNVRIKDFSAKKRTKSIAYPRQIAMYLSRELTDFSLPKIGEEFGGRDHTTVIHAHEKISKDLKEDPIFKQEVENLEKEIRNV</Hsp_hseq>
      <Hsp_midline>MSEKEIWEKVLEIAQEKLSAVSYSTFLKDTELYTIKDGEAIVLSSIPFNANWLNQQYAEIIQAILFDVVGYEVKPHFITTEELANYSNNETATPKETTKPSTETTEDNHVLGREQFNAHNTFDTFVIGPGNRFPHAASLAVAEAPAKAYNPLFIYGGVGLGKTHLMHAIGHHVLDNNPDAKVIYTSSEKFTNEFIKSIRDNEGEAFRERYRNIDVLLIDDIQFIQNKVQTQEEFFYTFNELHQNNKQIVISSDRPPKEIAQLEDRLRSRFEWGLIVDITPPDYETRMAILQKKIEEEKLDIPPEALNYIANQIQSNIRELEGALTRLLAYSQLLGKPITTELTAEALKDIIQAPKSKKITIQDIQKIVGQYYNVRI+DFSAKKRTKSIAYPRQIAMYLSRELTDFSLPKIGEEFGGRDHTTVIHAHEKISKDLKEDPIFKQEVENLEKEIRNV</Hsp_midline>
    </Hsp>
  </Hit_hsps>
</Hit>
<Hit>
  <Hit_num>49</Hit_num>
  <Hit_id>ref|WP_049308379.1|</Hit_id>
  <Hit_def>chromosomal replication initiator protein DnaA [Staphylococcus aureus] &gt;emb|CUC62251.1| Chromosomal replication initiator protein DnaA [Staphylococcus aureus]</Hit_def>
  <Hit_accession>WP_049308379</Hit_accession>
  <Hit_len>453</Hit_len>
  <Hit_hsps>
    <Hsp>
      <Hsp_num>1</Hsp_num>
      <Hsp_bit-score>926.391</Hsp_bit-score>
      <Hsp_score>2393</Hsp_score>
      <Hsp_evalue>0</Hsp_evalue>
      <Hsp_query-from>1</Hsp_query-from>
      <Hsp_query-to>453</Hsp_query-to>
      <Hsp_hit-from>1</Hsp_hit-from>
      <Hsp_hit-to>453</Hsp_hit-to>
      <Hsp_query-frame>0</Hsp_query-frame>
      <Hsp_hit-frame>0</Hsp_hit-frame>
      <Hsp_identity>452</Hsp_identity>
      <Hsp_positive>452</Hsp_positive>
      <Hsp_gaps>0</Hsp_gaps>
      <Hsp_align-len>453</Hsp_align-len>
      <Hsp_qseq>MSEKEIWEKVLEIAQEKLSAVSYSTFLKDTELYTIKDGEAIVLSSIPFNANWLNQQYAEIIQAILFDVVGYEVKPHFITTEELANYSNNETATPKETTKPSTETTEDNHVLGREQFNAHNTFDTFVIGPGNRFPHAASLAVAEAPAKAYNPLFIYGGVGLGKTHLMHAIGHHVLDNNPDAKVIYTSSEKFTNEFIKSIRDNEGEAFRERYRNIDVLLIDDIQFIQNKVQTQEEFFYTFNELHQNNKQIVISSDRPPKEIAQLEDRLRSRFEWGLIVDITPPDYETRMAILQKKIEEEKLDIPPEALNYIANQIQSNIRELEGALTRLLAYSQLLGKPITTELTAEALKDIIQAPKSKKITIQDIQKIVGQYYNVRIEDFSAKKRTKSIAYPRQIAMYLSRELTDFSLPKIGEEFGGRDHTTVIHAHEKISKDLKEDPIFKQEVENLEKEIRNV</Hsp_qseq>
      <Hsp_hseq>MSEKEIWEKVLEIAQEKLSAVSYSTFLKDTELYTIKDGEAIVLSSIPFNANWLNQQYAEIIQAILFDVVGYEVKPHFITTEELANYSNNETATPKETTKPSTETTEDNHVFGREQFNAHNTFDTFVIGPGNRFPHAASLAVAEAPAKAYNPLFIYGGVGLGKTHLMHAIGHHVLDNNPDAKVIYTSSEKFTNEFIKSIRDNEGEAFRERYRNIDVLLIDDIQFIQNKVQTQEEFFYTFNELHQNNKQIVISSDRPPKEIAQLEDRLRSRFEWGLIVDITPPDYETRMAILQKKIEEEKLDIPPEALNYIANQIQSNIRELEGALTRLLAYSQLLGKPITTELTAEALKDIIQAPKSKKITIQDIQKIVGQYYNVRIEDFSAKKRTKSIAYPRQIAMYLSRELTDFSLPKIGEEFGGRDHTTVIHAHEKISKDLKEDPIFKQEVENLEKEIRNV</Hsp_hseq>
      <Hsp_midline>MSEKEIWEKVLEIAQEKLSAVSYSTFLKDTELYTIKDGEAIVLSSIPFNANWLNQQYAEIIQAILFDVVGYEVKPHFITTEELANYSNNETATPKETTKPSTETTEDNHV GREQFNAHNTFDTFVIGPGNRFPHAASLAVAEAPAKAYNPLFIYGGVGLGKTHLMHAIGHHVLDNNPDAKVIYTSSEKFTNEFIKSIRDNEGEAFRERYRNIDVLLIDDIQFIQNKVQTQEEFFYTFNELHQNNKQIVISSDRPPKEIAQLEDRLRSRFEWGLIVDITPPDYETRMAILQKKIEEEKLDIPPEALNYIANQIQSNIRELEGALTRLLAYSQLLGKPITTELTAEALKDIIQAPKSKKITIQDIQKIVGQYYNVRIEDFSAKKRTKSIAYPRQIAMYLSRELTDFSLPKIGEEFGGRDHTTVIHAHEKISKDLKEDPIFKQEVENLEKEIRNV</Hsp_midline>
    </Hsp>
  </Hit_hsps>
</Hit>
<Hit>
  <Hit_num>50</Hit_num>
  <Hit_id>ref|WP_162662495.1|</Hit_id>
  <Hit_def>chromosomal replication initiator protein DnaA [Staphylococcus aureus] &gt;gb|NDP68731.1| chromosomal replication initiator protein DnaA [Staphylococcus aureus]</Hit_def>
  <Hit_accession>WP_162662495</Hit_accession>
  <Hit_len>453</Hit_len>
  <Hit_hsps>
    <Hsp>
      <Hsp_num>1</Hsp_num>
      <Hsp_bit-score>926.391</Hsp_bit-score>
      <Hsp_score>2393</Hsp_score>
      <Hsp_evalue>0</Hsp_evalue>
      <Hsp_query-from>1</Hsp_query-from>
      <Hsp_query-to>453</Hsp_query-to>
      <Hsp_hit-from>1</Hsp_hit-from>
      <Hsp_hit-to>453</Hsp_hit-to>
      <Hsp_query-frame>0</Hsp_query-frame>
      <Hsp_hit-frame>0</Hsp_hit-frame>
      <Hsp_identity>452</Hsp_identity>
      <Hsp_positive>452</Hsp_positive>
      <Hsp_gaps>0</Hsp_gaps>
      <Hsp_align-len>453</Hsp_align-len>
      <Hsp_qseq>MSEKEIWEKVLEIAQEKLSAVSYSTFLKDTELYTIKDGEAIVLSSIPFNANWLNQQYAEIIQAILFDVVGYEVKPHFITTEELANYSNNETATPKETTKPSTETTEDNHVLGREQFNAHNTFDTFVIGPGNRFPHAASLAVAEAPAKAYNPLFIYGGVGLGKTHLMHAIGHHVLDNNPDAKVIYTSSEKFTNEFIKSIRDNEGEAFRERYRNIDVLLIDDIQFIQNKVQTQEEFFYTFNELHQNNKQIVISSDRPPKEIAQLEDRLRSRFEWGLIVDITPPDYETRMAILQKKIEEEKLDIPPEALNYIANQIQSNIRELEGALTRLLAYSQLLGKPITTELTAEALKDIIQAPKSKKITIQDIQKIVGQYYNVRIEDFSAKKRTKSIAYPRQIAMYLSRELTDFSLPKIGEEFGGRDHTTVIHAHEKISKDLKEDPIFKQEVENLEKEIRNV</Hsp_qseq>
      <Hsp_hseq>MSEKEIWEKVLEIAQEKLSAVSYSTFLKDTELYTIKDGEAIVLSSIPFNANWLNQQYAEIIQAILFDVVGYEVKPHFITTEELANYSNNETATPKETTKPSTETTEDNHVLGREQFNAHNTFDTFVIGPGNRFPHAASLAVAEAPAKAYNPLFIYGGVGLGKTHLMHAIGHHVLDNNPDAKVIYTSSEKFTNEFIKSIRDNEGEAFRERYRNIDVLLIDDIQFIQNKVQTQEEFFYTFNELHQNNKQIVISSDRPPKESAQLEDRLRSRFEWGLIVDITPPDYETRMAILQKKIEEEKLDIPPEALNYIANQIQSNIRELEGALTRLLAYSQLLGKPITTELTAEALKDIIQAPKSKKITIQDIQKIVGQYYNVRIEDFSAKKRTKSIAYPRQIAMYLSRELTDFSLPKIGEEFGGRDHTTVIHAHEKISKDLKEDPIFKQEVENLEKEIRNV</Hsp_hseq>
      <Hsp_midline>MSEKEIWEKVLEIAQEKLSAVSYSTFLKDTELYTIKDGEAIVLSSIPFNANWLNQQYAEIIQAILFDVVGYEVKPHFITTEELANYSNNETATPKETTKPSTETTEDNHVLGREQFNAHNTFDTFVIGPGNRFPHAASLAVAEAPAKAYNPLFIYGGVGLGKTHLMHAIGHHVLDNNPDAKVIYTSSEKFTNEFIKSIRDNEGEAFRERYRNIDVLLIDDIQFIQNKVQTQEEFFYTFNELHQNNKQIVISSDRPPKE AQLEDRLRSRFEWGLIVDITPPDYETRMAILQKKIEEEKLDIPPEALNYIANQIQSNIRELEGALTRLLAYSQLLGKPITTELTAEALKDIIQAPKSKKITIQDIQKIVGQYYNVRIEDFSAKKRTKSIAYPRQIAMYLSRELTDFSLPKIGEEFGGRDHTTVIHAHEKISKDLKEDPIFKQEVENLEKEIRNV</Hsp_midline>
    </Hsp>
  </Hit_hsps>
</Hit>
</Iteration_hits>
  <Iteration_stat>
    <Statistics>
      <Statistics_db-num>328612460</Statistics_db-num>
      <Statistics_db-len>118830677660</Statistics_db-len>
      <Statistics_hsp-len>0</Statistics_hsp-len>
      <Statistics_eff-space>0</Statistics_eff-space>
      <Statistics_kappa>0.041</Statistics_kappa>
      <Statistics_lambda>0.267</Statistics_lambda>
      <Statistics_entropy>0.14</Statistics_entropy>
    </Statistics>
  </Iteration_stat>
</Iteration>
<Iteration>
  <Iteration_iter-num>2</Iteration_iter-num>
  <Iteration_query-ID>Query_36575</Iteration_query-ID>
  <Iteration_query-def>cds-NWMN_RS15025</Iteration_query-def>
  <Iteration_query-len>40</Iteration_query-len>
<Iteration_hits>
<Hit>
  <Hit_num>1</Hit_num>
  <Hit_id>gb|KAJ48192.1|</Hit_id>
  <Hit_def>hypothetical protein HMPREF1625_00628 [Staphylococcus aureus 880] &gt;gb|KXA39111.1| hypothetical protein HMPREF3211_00386 [Staphylococcus aureus]</Hit_def>
  <Hit_accession>KAJ48192</Hit_accession>
  <Hit_len>40</Hit_len>
  <Hit_hsps>
    <Hsp>
      <Hsp_num>1</Hsp_num>
      <Hsp_bit-score>85.1149</Hsp_bit-score>
      <Hsp_score>209</Hsp_score>
      <Hsp_evalue>7.0262e-21</Hsp_evalue>
      <Hsp_query-from>1</Hsp_query-from>
      <Hsp_query-to>40</Hsp_query-to>
      <Hsp_hit-from>1</Hsp_hit-from>
      <Hsp_hit-to>40</Hsp_hit-to>
      <Hsp_query-frame>0</Hsp_query-frame>
      <Hsp_hit-frame>0</Hsp_hit-frame>
      <Hsp_identity>40</Hsp_identity>
      <Hsp_positive>40</Hsp_positive>
      <Hsp_gaps>0</Hsp_gaps>
      <Hsp_align-len>40</Hsp_align-len>
      <Hsp_qseq>MMPFYLCHLSFWKWCKIKNTSGYRLTQKKTPIKKNVYNTL</Hsp_qseq>
      <Hsp_hseq>MMPFYLCHLSFWKWCKIKNTSGYRLTQKKTPIKKNVYNTL</Hsp_hseq>
      <Hsp_midline>MMPFYLCHLSFWKWCKIKNTSGYRLTQKKTPIKKNVYNTL</Hsp_midline>
    </Hsp>
  </Hit_hsps>
</Hit>
<Hit>
  <Hit_num>2</Hit_num>
  <Hit_id>gb|AJP25936.1|</Hit_id>
  <Hit_def>hypothetical protein UC18_00090 [Staphylococcus aureus] &gt;gb|KMR01967.1| hypothetical protein OO20_11690 [Staphylococcus aureus subsp. aureus] &gt;gb|AJP28577.1| hypothetical protein UC19_00090 [Staphylococcus aureus] &gt;gb|OAQ49911.1| hypothetical protein A6E17_00055 [Staphylococcus aureus] &gt;gb|OCI12212.1| hypothetical protein A7R80_09670 [Staphylococcus aureus]</Hit_def>
  <Hit_accession>AJP25936</Hit_accession>
  <Hit_len>66</Hit_len>
  <Hit_hsps>
    <Hsp>
      <Hsp_num>1</Hsp_num>
      <Hsp_bit-score>75.485</Hsp_bit-score>
      <Hsp_score>184</Hsp_score>
      <Hsp_evalue>8.24283e-17</Hsp_evalue>
      <Hsp_query-from>1</Hsp_query-from>
      <Hsp_query-to>34</Hsp_query-to>
      <Hsp_hit-from>1</Hsp_hit-from>
      <Hsp_hit-to>34</Hsp_hit-to>
      <Hsp_query-frame>0</Hsp_query-frame>
      <Hsp_hit-frame>0</Hsp_hit-frame>
      <Hsp_identity>34</Hsp_identity>
      <Hsp_positive>34</Hsp_positive>
      <Hsp_gaps>0</Hsp_gaps>
      <Hsp_align-len>34</Hsp_align-len>
      <Hsp_qseq>MMPFYLCHLSFWKWCKIKNTSGYRLTQKKTPIKK</Hsp_qseq>
      <Hsp_hseq>MMPFYLCHLSFWKWCKIKNTSGYRLTQKKTPIKK</Hsp_hseq>
      <Hsp_midline>MMPFYLCHLSFWKWCKIKNTSGYRLTQKKTPIKK</Hsp_midline>
    </Hsp>
  </Hit_hsps>
</Hit>
<Hit>
  <Hit_num>3</Hit_num>
  <Hit_id>ref|WP_001838734.1|</Hit_id>
  <Hit_def>hypothetical protein [Staphylococcus aureus] &gt;gb|AEZ36200.1| hypothetical protein SAVC_00165 [Staphylococcus aureus subsp. aureus VC40] &gt;gb|KSA45982.1| hypothetical protein ACR72_08540 [Staphylococcus aureus subsp. aureus] &gt;gb|OHS08632.1| hypothetical protein HMPREF3253_05440 [Staphylococcus sp. HMSC36F05] &gt;gb|AND28952.1| hypothetical protein ASL16_00450 [Staphylococcus aureus] &gt;gb|AND31837.1| hypothetical protein ASL15_00445 [Staphylococcus aureus]</Hit_def>
  <Hit_accession>WP_001838734</Hit_accession>
  <Hit_len>66</Hit_len>
  <Hit_hsps>
    <Hsp>
      <Hsp_num>1</Hsp_num>
      <Hsp_bit-score>75.485</Hsp_bit-score>
      <Hsp_score>184</Hsp_score>
      <Hsp_evalue>8.24283e-17</Hsp_evalue>
      <Hsp_query-from>1</Hsp_query-from>
      <Hsp_query-to>34</Hsp_query-to>
      <Hsp_hit-from>1</Hsp_hit-from>
      <Hsp_hit-to>34</Hsp_hit-to>
      <Hsp_query-frame>0</Hsp_query-frame>
      <Hsp_hit-frame>0</Hsp_hit-frame>
      <Hsp_identity>34</Hsp_identity>
      <Hsp_positive>34</Hsp_positive>
      <Hsp_gaps>0</Hsp_gaps>
      <Hsp_align-len>34</Hsp_align-len>
      <Hsp_qseq>MMPFYLCHLSFWKWCKIKNTSGYRLTQKKTPIKK</Hsp_qseq>
      <Hsp_hseq>MMPFYLCHLSFWKWCKIKNTSGYRLTQKKTPIKK</Hsp_hseq>
      <Hsp_midline>MMPFYLCHLSFWKWCKIKNTSGYRLTQKKTPIKK</Hsp_midline>
    </Hsp>
  </Hit_hsps>
</Hit>
<Hit>
  <Hit_num>4</Hit_num>
  <Hit_id>gb|AWQ32979.1|</Hit_id>
  <Hit_def>hypothetical protein DLJ55_00220 [Staphylococcus aureus] &gt;gb|KIT95279.1| hypothetical protein QU38_15330 [Staphylococcus aureus subsp. aureus] &gt;gb|OQO36418.1| hypothetical protein A0U86_06085 [Staphylococcus aureus] &gt;gb|QKE56656.1| hypothetical protein CFC57_00610 [Staphylococcus aureus] &gt;gb|TXO00417.1| hypothetical protein FV119_12915 [Staphylococcus aureus]</Hit_def>
  <Hit_accession>AWQ32979</Hit_accession>
  <Hit_len>65</Hit_len>
  <Hit_hsps>
    <Hsp>
      <Hsp_num>1</Hsp_num>
      <Hsp_bit-score>71.633</Hsp_bit-score>
      <Hsp_score>174</Hsp_score>
      <Hsp_evalue>2.58162e-15</Hsp_evalue>
      <Hsp_query-from>1</Hsp_query-from>
      <Hsp_query-to>34</Hsp_query-to>
      <Hsp_hit-from>1</Hsp_hit-from>
      <Hsp_hit-to>34</Hsp_hit-to>
      <Hsp_query-frame>0</Hsp_query-frame>
      <Hsp_hit-frame>0</Hsp_hit-frame>
      <Hsp_identity>33</Hsp_identity>
      <Hsp_positive>33</Hsp_positive>
      <Hsp_gaps>0</Hsp_gaps>
      <Hsp_align-len>34</Hsp_align-len>
      <Hsp_qseq>MMPFYLCHLSFWKWCKIKNTSGYRLTQKKTPIKK</Hsp_qseq>
      <Hsp_hseq>MMPFYLYHLSFWKWCKIKNTSGYRLTQKKTPIKK</Hsp_hseq>
      <Hsp_midline>MMPFYL HLSFWKWCKIKNTSGYRLTQKKTPIKK</Hsp_midline>
    </Hsp>
  </Hit_hsps>
</Hit>
<Hit>
  <Hit_num>5</Hit_num>
  <Hit_id>gb|RDK32404.1|</Hit_id>
  <Hit_def>hypothetical protein DWR07_14290 [Staphylococcus aureus]</Hit_def>
  <Hit_accession>RDK32404</Hit_accession>
  <Hit_len>65</Hit_len>
  <Hit_hsps>
    <Hsp>
      <Hsp_num>1</Hsp_num>
      <Hsp_bit-score>71.2478</Hsp_bit-score>
      <Hsp_score>173</Hsp_score>
      <Hsp_evalue>4.27784e-15</Hsp_evalue>
      <Hsp_query-from>1</Hsp_query-from>
      <Hsp_query-to>34</Hsp_query-to>
      <Hsp_hit-from>1</Hsp_hit-from>
      <Hsp_hit-to>34</Hsp_hit-to>
      <Hsp_query-frame>0</Hsp_query-frame>
      <Hsp_hit-frame>0</Hsp_hit-frame>
      <Hsp_identity>32</Hsp_identity>
      <Hsp_positive>33</Hsp_positive>
      <Hsp_gaps>0</Hsp_gaps>
      <Hsp_align-len>34</Hsp_align-len>
      <Hsp_qseq>MMPFYLCHLSFWKWCKIKNTSGYRLTQKKTPIKK</Hsp_qseq>
      <Hsp_hseq>MMPFYLYHLSFWKWCKIKNTAGYRLTQKKTPIKK</Hsp_hseq>
      <Hsp_midline>MMPFYL HLSFWKWCKIKNT+GYRLTQKKTPIKK</Hsp_midline>
    </Hsp>
  </Hit_hsps>
</Hit>
<Hit>
  <Hit_num>6</Hit_num>
  <Hit_id>ref|WP_021286014.1|</Hit_id>
  <Hit_def>unnamed protein product &gt;gb|EPZ06784.1| hypothetical protein M398_09480 [Staphylococcus aureus S130] &gt;gb|OWT04601.1| hypothetical protein AS568_13430 [Staphylococcus aureus subsp. aureus] &gt;gb|AKJ47964.1| hypothetical protein AA961_00190 [Staphylococcus aureus] &gt;gb|AUJ54313.1| hypothetical protein B7473_06485 [Staphylococcus aureus] &gt;gb|AUJ56821.1| hypothetical protein B7474_05410 [Staphylococcus aureus]</Hit_def>
  <Hit_accession>WP_021286014</Hit_accession>
  <Hit_len>66</Hit_len>
  <Hit_hsps>
    <Hsp>
      <Hsp_num>1</Hsp_num>
      <Hsp_bit-score>69.707</Hsp_bit-score>
      <Hsp_score>169</Hsp_score>
      <Hsp_evalue>1.80776e-14</Hsp_evalue>
      <Hsp_query-from>1</Hsp_query-from>
      <Hsp_query-to>34</Hsp_query-to>
      <Hsp_hit-from>1</Hsp_hit-from>
      <Hsp_hit-to>34</Hsp_hit-to>
      <Hsp_query-frame>0</Hsp_query-frame>
      <Hsp_hit-frame>0</Hsp_hit-frame>
      <Hsp_identity>32</Hsp_identity>
      <Hsp_positive>32</Hsp_positive>
      <Hsp_gaps>0</Hsp_gaps>
      <Hsp_align-len>34</Hsp_align-len>
      <Hsp_qseq>MMPFYLCHLSFWKWCKIKNTSGYRLTQKKTPIKK</Hsp_qseq>
      <Hsp_hseq>MMPFYLYHSSFWKWCKIKNTSGYRLTQKKTPIKK</Hsp_hseq>
      <Hsp_midline>MMPFYL H SFWKWCKIKNTSGYRLTQKKTPIKK</Hsp_midline>
    </Hsp>
  </Hit_hsps>
</Hit>
<Hit>
  <Hit_num>7</Hit_num>
  <Hit_id>gb|ALH98177.1|</Hit_id>
  <Hit_def>hypothetical protein ACH32_07690 [Staphylococcus aureus subsp. aureus] &gt;gb|AWQ30262.1| hypothetical protein DLJ56_00220 [Staphylococcus aureus] &gt;gb|AWR27084.1| hypothetical protein B9Y35_11110 [Staphylococcus aureus] &gt;gb|AWR27966.1| hypothetical protein B9Y33_01000 [Staphylococcus aureus] &gt;gb|KIQ98652.1| hypothetical protein SZ17_13160 [Staphylococcus aureus]</Hit_def>
  <Hit_accession>ALH98177</Hit_accession>
  <Hit_len>66</Hit_len>
  <Hit_hsps>
    <Hsp>
      <Hsp_num>1</Hsp_num>
      <Hsp_bit-score>69.707</Hsp_bit-score>
      <Hsp_score>169</Hsp_score>
      <Hsp_evalue>1.86829e-14</Hsp_evalue>
      <Hsp_query-from>1</Hsp_query-from>
      <Hsp_query-to>34</Hsp_query-to>
      <Hsp_hit-from>1</Hsp_hit-from>
      <Hsp_hit-to>34</Hsp_hit-to>
      <Hsp_query-frame>0</Hsp_query-frame>
      <Hsp_hit-frame>0</Hsp_hit-frame>
      <Hsp_identity>32</Hsp_identity>
      <Hsp_positive>32</Hsp_positive>
      <Hsp_gaps>0</Hsp_gaps>
      <Hsp_align-len>34</Hsp_align-len>
      <Hsp_qseq>MMPFYLCHLSFWKWCKIKNTSGYRLTQKKTPIKK</Hsp_qseq>
      <Hsp_hseq>MMPFYLYHSSFWKWCKIKNTSGYRLTQKKTPIKK</Hsp_hseq>
      <Hsp_midline>MMPFYL H SFWKWCKIKNTSGYRLTQKKTPIKK</Hsp_midline>
    </Hsp>
  </Hit_hsps>
</Hit>
<Hit>
  <Hit_num>8</Hit_num>
  <Hit_id>gb|QFZ06221.1|</Hit_id>
  <Hit_def>hypothetical protein EBI08_00190 [Staphylococcus aureus] &gt;tpg|HAR7839899.1| hypothetical protein [Staphylococcus aureus] &gt;tpg|HAR7851917.1| hypothetical protein [Staphylococcus aureus]</Hit_def>
  <Hit_accession>QFZ06221</Hit_accession>
  <Hit_len>66</Hit_len>
  <Hit_hsps>
    <Hsp>
      <Hsp_num>1</Hsp_num>
      <Hsp_bit-score>69.707</Hsp_bit-score>
      <Hsp_score>169</Hsp_score>
      <Hsp_evalue>2.01751e-14</Hsp_evalue>
      <Hsp_query-from>1</Hsp_query-from>
      <Hsp_query-to>34</Hsp_query-to>
      <Hsp_hit-from>1</Hsp_hit-from>
      <Hsp_hit-to>34</Hsp_hit-to>
      <Hsp_query-frame>0</Hsp_query-frame>
      <Hsp_hit-frame>0</Hsp_hit-frame>
      <Hsp_identity>32</Hsp_identity>
      <Hsp_positive>32</Hsp_positive>
      <Hsp_gaps>0</Hsp_gaps>
      <Hsp_align-len>34</Hsp_align-len>
      <Hsp_qseq>MMPFYLCHLSFWKWCKIKNTSGYRLTQKKTPIKK</Hsp_qseq>
      <Hsp_hseq>MMPFYLYHSSFWKWCKIKNTSGYRLTQKKTPIKK</Hsp_hseq>
      <Hsp_midline>MMPFYL H SFWKWCKIKNTSGYRLTQKKTPIKK</Hsp_midline>
    </Hsp>
  </Hit_hsps>
</Hit>
<Hit>
  <Hit_num>9</Hit_num>
  <Hit_id>gb|PSH90522.1|</Hit_id>
  <Hit_def>hypothetical protein C7K07_08210 [Staphylococcus aureus] &gt;gb|RYL06260.1| hypothetical protein EVD30_08340 [Staphylococcus aureus] &gt;gb|RYL33101.1| hypothetical protein EVD31_01050 [Staphylococcus aureus] &gt;gb|TBV69104.1| hypothetical protein E0E69_09770 [Staphylococcus aureus] &gt;tpg|HAR7903588.1| hypothetical protein [Staphylococcus aureus]</Hit_def>
  <Hit_accession>PSH90522</Hit_accession>
  <Hit_len>66</Hit_len>
  <Hit_hsps>
    <Hsp>
      <Hsp_num>1</Hsp_num>
      <Hsp_bit-score>69.3218</Hsp_bit-score>
      <Hsp_score>168</Hsp_score>
      <Hsp_evalue>2.25159e-14</Hsp_evalue>
      <Hsp_query-from>1</Hsp_query-from>
      <Hsp_query-to>34</Hsp_query-to>
      <Hsp_hit-from>1</Hsp_hit-from>
      <Hsp_hit-to>34</Hsp_hit-to>
      <Hsp_query-frame>0</Hsp_query-frame>
      <Hsp_hit-frame>0</Hsp_hit-frame>
      <Hsp_identity>32</Hsp_identity>
      <Hsp_positive>32</Hsp_positive>
      <Hsp_gaps>0</Hsp_gaps>
      <Hsp_align-len>34</Hsp_align-len>
      <Hsp_qseq>MMPFYLCHLSFWKWCKIKNTSGYRLTQKKTPIKK</Hsp_qseq>
      <Hsp_hseq>MMPFYLYHSSFWKWCKIKNTSGYRLTQKKTPIKK</Hsp_hseq>
      <Hsp_midline>MMPFYL H SFWKWCKIKNTSGYRLTQKKTPIKK</Hsp_midline>
    </Hsp>
  </Hit_hsps>
</Hit>
<Hit>
  <Hit_num>10</Hit_num>
  <Hit_id>tpg|HAR7635401.1|</Hit_id>
  <Hit_def>hypothetical protein [Staphylococcus aureus]</Hit_def>
  <Hit_accession>HAR7635401</Hit_accession>
  <Hit_len>65</Hit_len>
  <Hit_hsps>
    <Hsp>
      <Hsp_num>1</Hsp_num>
      <Hsp_bit-score>68.1662</Hsp_bit-score>
      <Hsp_score>165</Hsp_score>
      <Hsp_evalue>7.67614e-14</Hsp_evalue>
      <Hsp_query-from>1</Hsp_query-from>
      <Hsp_query-to>34</Hsp_query-to>
      <Hsp_hit-from>1</Hsp_hit-from>
      <Hsp_hit-to>34</Hsp_hit-to>
      <Hsp_query-frame>0</Hsp_query-frame>
      <Hsp_hit-frame>0</Hsp_hit-frame>
      <Hsp_identity>31</Hsp_identity>
      <Hsp_positive>32</Hsp_positive>
      <Hsp_gaps>0</Hsp_gaps>
      <Hsp_align-len>34</Hsp_align-len>
      <Hsp_qseq>MMPFYLCHLSFWKWCKIKNTSGYRLTQKKTPIKK</Hsp_qseq>
      <Hsp_hseq>MMPFYLYHLSFWKWYKIKNTAGYRLTQKKTPIKK</Hsp_hseq>
      <Hsp_midline>MMPFYL HLSFWKW KIKNT+GYRLTQKKTPIKK</Hsp_midline>
    </Hsp>
  </Hit_hsps>
</Hit>
<Hit>
  <Hit_num>11</Hit_num>
  <Hit_id>emb|CAC7099818.1|</Hit_id>
  <Hit_def>tRNA dihydrouridine synthase B [Staphylococcus aureus]</Hit_def>
  <Hit_accession>CAC7099818</Hit_accession>
  <Hit_len>246</Hit_len>
  <Hit_hsps>
    <Hsp>
      <Hsp_num>1</Hsp_num>
      <Hsp_bit-score>48.9062</Hsp_bit-score>
      <Hsp_score>115</Hsp_score>
      <Hsp_evalue>3.68518e-05</Hsp_evalue>
      <Hsp_query-from>1</Hsp_query-from>
      <Hsp_query-to>22</Hsp_query-to>
      <Hsp_hit-from>1</Hsp_hit-from>
      <Hsp_hit-to>22</Hsp_hit-to>
      <Hsp_query-frame>0</Hsp_query-frame>
      <Hsp_hit-frame>0</Hsp_hit-frame>
      <Hsp_identity>18</Hsp_identity>
      <Hsp_positive>18</Hsp_positive>
      <Hsp_gaps>0</Hsp_gaps>
      <Hsp_align-len>22</Hsp_align-len>
      <Hsp_qseq>MMPFYLCHLSFWKWCKIKNTSG</Hsp_qseq>
      <Hsp_hseq>MMPFYLCHLSFWKWCKIXLNMG</Hsp_hseq>
      <Hsp_midline>MMPFYLCHLSFWKWCKI    G</Hsp_midline>
    </Hsp>
  </Hit_hsps>
</Hit>
</Iteration_hits>
  <Iteration_stat>
    <Statistics>
      <Statistics_db-num>328612460</Statistics_db-num>
      <Statistics_db-len>118830677660</Statistics_db-len>
      <Statistics_hsp-len>0</Statistics_hsp-len>
      <Statistics_eff-space>0</Statistics_eff-space>
      <Statistics_kappa>0.041</Statistics_kappa>
      <Statistics_lambda>0.267</Statistics_lambda>
      <Statistics_entropy>0.14</Statistics_entropy>
    </Statistics>
  </Iteration_stat>
</Iteration>
</BlastOutput_iterations>
</BlastOutput>
